Archive member included to satisfy reference by file (symbol)

../../libpico-tflmicro.a(quantization_util.cpp.o)
                              CMakeFiles/kernels_quantization_util_test.dir/quantization_util_test.cpp.o (tflite::IntegerFrExp(double, int*))
../../libpico-tflmicro.a(micro_log.cpp.o)
                              CMakeFiles/kernels_quantization_util_test.dir/quantization_util_test.cpp.o (MicroPrintf(char const*, ...))
../../libpico-tflmicro.a(system_setup.cpp.o)
                              CMakeFiles/kernels_quantization_util_test.dir/quantization_util_test.cpp.o (tflite::InitializeTarget())
/usr/lib/gcc/arm-none-eabi/14.2.0/../../../../arm-none-eabi/lib/thumb/v6-m/nofp/libm.a(libm_a-s_frexp.o)
                              ../../libpico-tflmicro.a(quantization_util.cpp.o) (frexp)
/usr/lib/gcc/arm-none-eabi/14.2.0/thumb/v6-m/nofp/libgcc.a(_dvmd_tls.o)
                              CMakeFiles/kernels_quantization_util_test.dir/home/weddingc4ke/.pico-sdk/sdk/2.1.0/src/rp2_common/pico_divider/divider_hardware.S.o (__aeabi_idiv0)
/usr/lib/gcc/arm-none-eabi/14.2.0/../../../../arm-none-eabi/lib/thumb/v6-m/nofp/libg.a(libc_a-abort.o)
                              ../../libpico-tflmicro.a(quantization_util.cpp.o) (abort)
/usr/lib/gcc/arm-none-eabi/14.2.0/../../../../arm-none-eabi/lib/thumb/v6-m/nofp/libg.a(libc_a-atexit.o)
                              /usr/lib/gcc/arm-none-eabi/14.2.0/../../../../arm-none-eabi/lib/thumb/v6-m/nofp/crt0.o (atexit)
/usr/lib/gcc/arm-none-eabi/14.2.0/../../../../arm-none-eabi/lib/thumb/v6-m/nofp/libg.a(libc_a-calloc.o)
                              CMakeFiles/kernels_quantization_util_test.dir/home/weddingc4ke/.pico-sdk/sdk/2.1.0/src/rp2_common/pico_malloc/malloc.c.o (calloc)
/usr/lib/gcc/arm-none-eabi/14.2.0/../../../../arm-none-eabi/lib/thumb/v6-m/nofp/libg.a(libc_a-callocr.o)
                              /usr/lib/gcc/arm-none-eabi/14.2.0/../../../../arm-none-eabi/lib/thumb/v6-m/nofp/libg.a(libc_a-calloc.o) (_calloc_r)
/usr/lib/gcc/arm-none-eabi/14.2.0/../../../../arm-none-eabi/lib/thumb/v6-m/nofp/libg.a(libc_a-malloc.o)
                              CMakeFiles/kernels_quantization_util_test.dir/home/weddingc4ke/.pico-sdk/sdk/2.1.0/src/rp2_common/pico_malloc/malloc.c.o (malloc)
/usr/lib/gcc/arm-none-eabi/14.2.0/../../../../arm-none-eabi/lib/thumb/v6-m/nofp/libg.a(libc_a-mallocr.o)
                              /usr/lib/gcc/arm-none-eabi/14.2.0/../../../../arm-none-eabi/lib/thumb/v6-m/nofp/libg.a(libc_a-callocr.o) (_malloc_r)
/usr/lib/gcc/arm-none-eabi/14.2.0/../../../../arm-none-eabi/lib/thumb/v6-m/nofp/libg.a(libc_a-mlock.o)
                              /usr/lib/gcc/arm-none-eabi/14.2.0/../../../../arm-none-eabi/lib/thumb/v6-m/nofp/libg.a(libc_a-mallocr.o) (__malloc_lock)
/usr/lib/gcc/arm-none-eabi/14.2.0/../../../../arm-none-eabi/lib/thumb/v6-m/nofp/libg.a(libc_a-realloc.o)
                              CMakeFiles/kernels_quantization_util_test.dir/home/weddingc4ke/.pico-sdk/sdk/2.1.0/src/rp2_common/pico_malloc/malloc.c.o (realloc)
/usr/lib/gcc/arm-none-eabi/14.2.0/../../../../arm-none-eabi/lib/thumb/v6-m/nofp/libg.a(libc_a-reallocr.o)
                              /usr/lib/gcc/arm-none-eabi/14.2.0/../../../../arm-none-eabi/lib/thumb/v6-m/nofp/libg.a(libc_a-realloc.o) (_realloc_r)
/usr/lib/gcc/arm-none-eabi/14.2.0/../../../../arm-none-eabi/lib/thumb/v6-m/nofp/libg.a(libc_a-vfprintf.o)
                              ../../libpico-tflmicro.a(system_setup.cpp.o) (vfprintf)
/usr/lib/gcc/arm-none-eabi/14.2.0/../../../../arm-none-eabi/lib/thumb/v6-m/nofp/libg.a(libc_a-sprint_r.o)
                              /usr/lib/gcc/arm-none-eabi/14.2.0/../../../../arm-none-eabi/lib/thumb/v6-m/nofp/libg.a(libc_a-vfprintf.o) (__sprint_r)
/usr/lib/gcc/arm-none-eabi/14.2.0/../../../../arm-none-eabi/lib/thumb/v6-m/nofp/libg.a(libc_a-fflush.o)
                              /usr/lib/gcc/arm-none-eabi/14.2.0/../../../../arm-none-eabi/lib/thumb/v6-m/nofp/libg.a(libc_a-vfprintf.o) (_fflush_r)
/usr/lib/gcc/arm-none-eabi/14.2.0/../../../../arm-none-eabi/lib/thumb/v6-m/nofp/libg.a(libc_a-findfp.o)
                              /usr/lib/gcc/arm-none-eabi/14.2.0/../../../../arm-none-eabi/lib/thumb/v6-m/nofp/libg.a(libc_a-fflush.o) (__sglue)
/usr/lib/gcc/arm-none-eabi/14.2.0/../../../../arm-none-eabi/lib/thumb/v6-m/nofp/libg.a(libc_a-fvwrite.o)
                              /usr/lib/gcc/arm-none-eabi/14.2.0/../../../../arm-none-eabi/lib/thumb/v6-m/nofp/libg.a(libc_a-sprint_r.o) (__sfvwrite_r)
/usr/lib/gcc/arm-none-eabi/14.2.0/../../../../arm-none-eabi/lib/thumb/v6-m/nofp/libg.a(libc_a-fwalk.o)
                              /usr/lib/gcc/arm-none-eabi/14.2.0/../../../../arm-none-eabi/lib/thumb/v6-m/nofp/libg.a(libc_a-fflush.o) (_fwalk_sglue)
/usr/lib/gcc/arm-none-eabi/14.2.0/../../../../arm-none-eabi/lib/thumb/v6-m/nofp/libg.a(libc_a-stdio.o)
                              /usr/lib/gcc/arm-none-eabi/14.2.0/../../../../arm-none-eabi/lib/thumb/v6-m/nofp/libg.a(libc_a-findfp.o) (__sread)
[...]
Memory Configuration

Name             Origin             Length             Attributes
FLASH            0x10000000         0x00200000         xr
RAM              0x20000000         0x00040000         xrw
SCRATCH_X        0x20040000         0x00001000         xrw
SCRATCH_Y        0x20041000         0x00001000         xrw
*default*        0x00000000         0xffffffff

Linker script and memory map

LOAD /usr/lib/gcc/arm-none-eabi/14.2.0/thumb/v6-m/nofp/crti.o
LOAD /usr/lib/gcc/arm-none-eabi/14.2.0/thumb/v6-m/nofp/crtbegin.o
LOAD /usr/lib/gcc/arm-none-eabi/14.2.0/../../../../arm-none-eabi/lib/thumb/v6-m/nofp/crt0.o

.flash_begin    0x10000000        0x0
                0x10000000                        __flash_binary_start = .

.boot2          0x10000000      0x100
                0x10000000                        __boot2_start__ = .
 *(.boot2)
 .boot2         0x10000000      0x100 ../../../pico-sdk/src/rp2040/boot_stage2/CMakeFiles/bs2_default_library.dir/bs2_default_padded_checksummed.S.o
                0x10000100                        __boot2_end__ = .
                0x00000001                        ASSERT (((__boot2_end__ - __boot2_start__) == 0x100), ERROR: Pico second stage bootloader must be 256 bytes in size)

.text           0x10000100     0xd1c8
                0x10000100                        __logical_binary_start = .
 *(.vectors)
 .vectors       0x10000100       0xd4 CMakeFiles/kernels_quantization_util_test.dir/home/weddingc4ke/.pico-sdk/sdk/2.1.0/src/rp2_common/pico_crt0/crt0.S.o
                0x10000100                __vectors
                0x10000100                __VECTOR_TABLE
                0x100001c0                isr_invalid
                0x100001c0                __default_isrs_start
                0x100001c2                isr_nmi
                0x100001c4                isr_hardfault
                0x100001c6                isr_svcall
                0x100001c8                isr_pendsv
                0x100001ca                isr_systick
                0x100001cc                isr_irq30
                0x100001cc                __unhandled_user_irq
                0x100001cc                isr_irq13
                0x100001cc                isr_irq27
                0x100001cc                isr_irq31
                0x100001cc                isr_irq5
                0x100001cc                isr_irq11
                0x100001cc                isr_irq23
                0x100001cc                isr_irq18
                0x100001cc                isr_irq28
                0x100001cc                isr_irq19
                0x100001cc                isr_irq0
                0x100001cc                isr_irq6
                0x100001cc                isr_irq22
                0x100001cc                isr_irq17
                0x100001cc                isr_irq14
                0x100001cc                isr_irq2
                0x100001cc                isr_irq10
                0x100001cc                isr_irq8
                0x100001cc                isr_irq24
                0x100001cc                isr_irq1
                0x100001cc                isr_irq7
                0x100001cc                isr_irq21
                0x100001cc                isr_irq20
                0x100001cc                isr_irq15
                0x100001cc                isr_irq25
                0x100001cc                isr_irq4
                0x100001cc                isr_irq16
                0x100001cc                isr_irq29
                0x100001cc                isr_irq26
                0x100001cc                __default_isrs_end
                0x100001cc                isr_irq3
                0x100001cc                isr_irq12
                0x100001cc                isr_irq9
                0x100001d2                unhandled_user_irq_num_in_r0
 *(.binary_info_header)
 .binary_info_header
                0x100001d4       0x14 CMakeFiles/kernels_quantization_util_test.dir/home/weddingc4ke/.pico-sdk/sdk/2.1.0/src/rp2_common/pico_crt0/crt0.S.o
                0x100001e8                        __binary_info_header_end = .
 *(.embedded_block)
                0x100001e8                        __embedded_block_end = .
 *(.reset)
 .reset         0x100001e8       0x9c CMakeFiles/kernels_quantization_util_test.dir/home/weddingc4ke/.pico-sdk/sdk/2.1.0/src/rp2_common/pico_crt0/crt0.S.o
                0x100001e8                _entry_point
 *(.init)
 .init          0x10000284        0x4 /usr/lib/gcc/arm-none-eabi/14.2.0/thumb/v6-m/nofp/crti.o
                0x10000284                _init
 *(EXCLUDE_FILE(*libm.a: *libc.a:*lib_a-mem*.o *libgcc.a:) .text*)
 .text.frame_dummy
                0x10000288       0x20 /usr/lib/gcc/arm-none-eabi/14.2.0/thumb/v6-m/nofp/crtbegin.o
 .text.startup.main
                0x100002a8     0x1cbc CMakeFiles/kernels_quantization_util_test.dir/quantization_util_test.cpp.o
                0x100002a8                main
 .text.rp2040_chip_version
                0x10001f64        0xc CMakeFiles/kernels_quantization_util_test.dir/home/weddingc4ke/.pico-sdk/sdk/2.1.0/src/rp2040/pico_platform/platform.c.o
                0x10001f64                rp2040_chip_version
 .text.panic    0x10001f70       0x30 CMakeFiles/kernels_quantization_util_test.dir/home/weddingc4ke/.pico-sdk/sdk/2.1.0/src/rp2_common/pico_platform_panic/panic.c.o
                0x10001f70                panic
 .text.hw_claim_or_assert
                0x10001fa0       0x44 CMakeFiles/kernels_quantization_util_test.dir/home/weddingc4ke/.pico-sdk/sdk/2.1.0/src/common/hardware_claim/claim.c.o
                0x10001fa0                hw_claim_or_assert
 .text.hw_claim_unused_from_range
                0x10001fe4       0x88 CMakeFiles/kernels_quantization_util_test.dir/home/weddingc4ke/.pico-sdk/sdk/2.1.0/src/common/hardware_claim/claim.c.o
                0x10001fe4                hw_claim_unused_from_range
 .text.next_striped_spin_lock_num
                0x1000206c       0x18 CMakeFiles/kernels_quantization_util_test.dir/home/weddingc4ke/.pico-sdk/sdk/2.1.0/src/rp2_common/hardware_sync/sync.c.o
                0x1000206c                next_striped_spin_lock_num
 .text.spin_lock_claim_unused
                0x10002084       0x24 CMakeFiles/kernels_quantization_util_test.dir/home/weddingc4ke/.pico-sdk/sdk/2.1.0/src/rp2_common/hardware_sync/sync.c.o
                0x10002084                spin_lock_claim_unused
 .text.spin_locks_reset
                0x100020a8       0x1c CMakeFiles/kernels_quantization_util_test.dir/home/weddingc4ke/.pico-sdk/sdk/2.1.0/src/rp2_common/hardware_sync_spin_lock/sync_spin_lock.c.o
                0x100020a8                spin_locks_reset
 .text.runtime_init_per_core_irq_priorities
                0x100020c4       0x24 CMakeFiles/kernels_quantization_util_test.dir/home/weddingc4ke/.pico-sdk/sdk/2.1.0/src/rp2_common/hardware_irq/irq.c.o
                0x100020c4                runtime_init_per_core_irq_priorities
 .text.irq_set_enabled
                0x100020e8       0x24 CMakeFiles/kernels_quantization_util_test.dir/home/weddingc4ke/.pico-sdk/sdk/2.1.0/src/rp2_common/hardware_irq/irq.c.o
                0x100020e8                irq_set_enabled
 .text.irq_is_enabled
                0x1000210c       0x18 CMakeFiles/kernels_quantization_util_test.dir/home/weddingc4ke/.pico-sdk/sdk/2.1.0/src/rp2_common/hardware_irq/irq.c.o
                0x1000210c                irq_is_enabled
 .text.irq_set_pending
                0x10002124       0x10 CMakeFiles/kernels_quantization_util_test.dir/home/weddingc4ke/.pico-sdk/sdk/2.1.0/src/rp2_common/hardware_irq/irq.c.o
                0x10002124                irq_set_pending
 .text.irq_has_shared_handler
                0x10002134       0x2c CMakeFiles/kernels_quantization_util_test.dir/home/weddingc4ke/.pico-sdk/sdk/2.1.0/src/rp2_common/hardware_irq/irq.c.o
                0x10002134                irq_has_shared_handler
 .text.irq_set_exclusive_handler
                0x10002160       0x54 CMakeFiles/kernels_quantization_util_test.dir/home/weddingc4ke/.pico-sdk/sdk/2.1.0/src/rp2_common/hardware_irq/irq.c.o
                0x10002160                irq_set_exclusive_handler
 .text.irq_add_shared_handler
                0x100021b4      0x1f4 CMakeFiles/kernels_quantization_util_test.dir/home/weddingc4ke/.pico-sdk/sdk/2.1.0/src/rp2_common/hardware_irq/irq.c.o
                0x100021b4                irq_add_shared_handler
 .text.irq_add_tail_to_free_list
                0x100023a8       0xb4 CMakeFiles/kernels_quantization_util_test.dir/home/weddingc4ke/.pico-sdk/sdk/2.1.0/src/rp2_common/hardware_irq/irq.c.o
                0x100023a8                irq_add_tail_to_free_list
 .text.user_irq_claim_unused
                0x1000245c       0x2c CMakeFiles/kernels_quantization_util_test.dir/home/weddingc4ke/.pico-sdk/sdk/2.1.0/src/rp2_common/hardware_irq/irq.c.o
                0x1000245c                user_irq_claim_unused
 .text.lock_init
                0x10002488       0x10 CMakeFiles/kernels_quantization_util_test.dir/home/weddingc4ke/.pico-sdk/sdk/2.1.0/src/common/pico_sync/lock_core.c.o
                0x10002488                lock_init
 .text.runtime_init_mutex
                0x10002498       0x50 CMakeFiles/kernels_quantization_util_test.dir/home/weddingc4ke/.pico-sdk/sdk/2.1.0/src/common/pico_sync/mutex.c.o
                0x10002498                runtime_init_mutex
 .text.mutex_init
                0x100024e8       0x1c CMakeFiles/kernels_quantization_util_test.dir/home/weddingc4ke/.pico-sdk/sdk/2.1.0/src/common/pico_sync/mutex.c.o
                0x100024e8                mutex_init
 .text.critical_section_init
                0x10002504       0x1c CMakeFiles/kernels_quantization_util_test.dir/home/weddingc4ke/.pico-sdk/sdk/2.1.0/src/common/pico_sync/critical_section.c.o
                0x10002504                critical_section_init
 .text.critical_section_init_with_lock_num
                0x10002520       0x14 CMakeFiles/kernels_quantization_util_test.dir/home/weddingc4ke/.pico-sdk/sdk/2.1.0/src/common/pico_sync/critical_section.c.o
                0x10002520                critical_section_init_with_lock_num
 .text.sleep_until_callback
                0x10002534       0x30 CMakeFiles/kernels_quantization_util_test.dir/home/weddingc4ke/.pico-sdk/sdk/2.1.0/src/common/pico_time/time.c.o
 .text.alarm_pool_irq_handler
                0x10002564      0x2fc CMakeFiles/kernels_quantization_util_test.dir/home/weddingc4ke/.pico-sdk/sdk/2.1.0/src/common/pico_time/time.c.o
 .text.runtime_init_default_alarm_pool
                0x10002860       0xdc CMakeFiles/kernels_quantization_util_test.dir/home/weddingc4ke/.pico-sdk/sdk/2.1.0/src/common/pico_time/time.c.o
                0x10002860                runtime_init_default_alarm_pool
 .text.alarm_pool_get_default
                0x1000293c        0x8 CMakeFiles/kernels_quantization_util_test.dir/home/weddingc4ke/.pico-sdk/sdk/2.1.0/src/common/pico_time/time.c.o
                0x1000293c                alarm_pool_get_default
 .text.alarm_pool_add_alarm_at
                0x10002944       0xd0 CMakeFiles/kernels_quantization_util_test.dir/home/weddingc4ke/.pico-sdk/sdk/2.1.0/src/common/pico_time/time.c.o
                0x10002944                alarm_pool_add_alarm_at
 .text.alarm_pool_add_alarm_at_force_in_context
                0x10002a14       0xb0 CMakeFiles/kernels_quantization_util_test.dir/home/weddingc4ke/.pico-sdk/sdk/2.1.0/src/common/pico_time/time.c.o
                0x10002a14                alarm_pool_add_alarm_at_force_in_context
 .text.alarm_pool_cancel_alarm
                0x10002ac4       0x74 CMakeFiles/kernels_quantization_util_test.dir/home/weddingc4ke/.pico-sdk/sdk/2.1.0/src/common/pico_time/time.c.o
                0x10002ac4                alarm_pool_cancel_alarm
 .text.alarm_pool_core_num
                0x10002b38        0x4 CMakeFiles/kernels_quantization_util_test.dir/home/weddingc4ke/.pico-sdk/sdk/2.1.0/src/common/pico_time/time.c.o
                0x10002b38                alarm_pool_core_num
 .text.best_effort_wfe_or_timeout
                0x10002b3c       0xec CMakeFiles/kernels_quantization_util_test.dir/home/weddingc4ke/.pico-sdk/sdk/2.1.0/src/common/pico_time/time.c.o
                0x10002b3c                best_effort_wfe_or_timeout
 .text.timer_hardware_alarm_claim
                0x10002c28       0x14 CMakeFiles/kernels_quantization_util_test.dir/home/weddingc4ke/.pico-sdk/sdk/2.1.0/src/rp2_common/hardware_timer/timer.c.o
                0x10002c28                timer_hardware_alarm_claim
 .text.timer_time_us_64
                0x10002c3c       0x10 CMakeFiles/kernels_quantization_util_test.dir/home/weddingc4ke/.pico-sdk/sdk/2.1.0/src/rp2_common/hardware_timer/timer.c.o
                0x10002c3c                timer_time_us_64
 .text.time_us_64
                0x10002c4c       0x14 CMakeFiles/kernels_quantization_util_test.dir/home/weddingc4ke/.pico-sdk/sdk/2.1.0/src/rp2_common/hardware_timer/timer.c.o
                0x10002c4c                time_us_64
 .text.busy_wait_us
                0x10002c60       0x68 CMakeFiles/kernels_quantization_util_test.dir/home/weddingc4ke/.pico-sdk/sdk/2.1.0/src/rp2_common/hardware_timer/timer.c.o
                0x10002c60                busy_wait_us
 .text.clock_configure_int_divider
                0x10002cc8       0xf4 CMakeFiles/kernels_quantization_util_test.dir/home/weddingc4ke/.pico-sdk/sdk/2.1.0/src/rp2_common/hardware_clocks/clocks.c.o
                0x10002cc8                clock_configure_int_divider
 .text.clock_configure_undivided
                0x10002dbc       0xe8 CMakeFiles/kernels_quantization_util_test.dir/home/weddingc4ke/.pico-sdk/sdk/2.1.0/src/rp2_common/hardware_clocks/clocks.c.o
                0x10002dbc                clock_configure_undivided
 .text.clock_get_hz
                0x10002ea4        0xc CMakeFiles/kernels_quantization_util_test.dir/home/weddingc4ke/.pico-sdk/sdk/2.1.0/src/rp2_common/hardware_clocks/clocks.c.o
                0x10002ea4                clock_get_hz
 .text.pll_init
                0x10002eb0       0xa4 CMakeFiles/kernels_quantization_util_test.dir/home/weddingc4ke/.pico-sdk/sdk/2.1.0/src/rp2_common/hardware_pll/pll.c.o
                0x10002eb0                pll_init
 .text.watchdog_reboot
                0x10002f54       0x9c CMakeFiles/kernels_quantization_util_test.dir/home/weddingc4ke/.pico-sdk/sdk/2.1.0/src/rp2_common/hardware_watchdog/watchdog.c.o
                0x10002f54                watchdog_reboot
 .text.tick_start
                0x10002ff0       0x10 CMakeFiles/kernels_quantization_util_test.dir/home/weddingc4ke/.pico-sdk/sdk/2.1.0/src/rp2_common/hardware_ticks/ticks.c.o
                0x10002ff0                tick_start
 .text.rom_func_lookup
                0x10003000       0x10 CMakeFiles/kernels_quantization_util_test.dir/home/weddingc4ke/.pico-sdk/sdk/2.1.0/src/rp2_common/pico_bootrom/bootrom.c.o
                0x10003000                rom_func_lookup
 .text.rom_data_lookup
                0x10003010       0x10 CMakeFiles/kernels_quantization_util_test.dir/home/weddingc4ke/.pico-sdk/sdk/2.1.0/src/rp2_common/pico_bootrom/bootrom.c.o
                0x10003010                rom_data_lookup
 .text.rom_funcs_lookup
                0x10003020       0x44 CMakeFiles/kernels_quantization_util_test.dir/home/weddingc4ke/.pico-sdk/sdk/2.1.0/src/rp2_common/pico_bootrom/bootrom.c.o
                0x10003020                rom_funcs_lookup
 .text.rom_reset_usb_boot_extra
                0x10003064       0x24 CMakeFiles/kernels_quantization_util_test.dir/home/weddingc4ke/.pico-sdk/sdk/2.1.0/src/rp2_common/pico_bootrom/bootrom.c.o
                0x10003064                rom_reset_usb_boot_extra
 .text.xosc_init
                0x10003088       0x28 CMakeFiles/kernels_quantization_util_test.dir/home/weddingc4ke/.pico-sdk/sdk/2.1.0/src/rp2_common/hardware_xosc/xosc.c.o
                0x10003088                xosc_init
 .text.first_per_core_initializer
                0x100030b0        0x4 CMakeFiles/kernels_quantization_util_test.dir/home/weddingc4ke/.pico-sdk/sdk/2.1.0/src/rp2_common/pico_runtime/runtime.c.o
 .text.hard_assertion_failure
                0x100030b4        0xc CMakeFiles/kernels_quantization_util_test.dir/home/weddingc4ke/.pico-sdk/sdk/2.1.0/src/rp2_common/pico_runtime/runtime.c.o
                0x100030b4                hard_assertion_failure
 .text.runtime_run_initializers
                0x100030c0       0x28 CMakeFiles/kernels_quantization_util_test.dir/home/weddingc4ke/.pico-sdk/sdk/2.1.0/src/rp2_common/pico_runtime/runtime.c.o
                0x100030c0                runtime_run_initializers
 .text.runtime_init_early_resets
                0x100030e8       0x2c CMakeFiles/kernels_quantization_util_test.dir/home/weddingc4ke/.pico-sdk/sdk/2.1.0/src/rp2_common/pico_runtime_init/runtime_init.c.o
                0x100030e8                runtime_init_early_resets
 .text.runtime_init_usb_power_down
                0x10003114       0x1c CMakeFiles/kernels_quantization_util_test.dir/home/weddingc4ke/.pico-sdk/sdk/2.1.0/src/rp2_common/pico_runtime_init/runtime_init.c.o
                0x10003114                runtime_init_usb_power_down
 .text.runtime_init_post_clock_resets
                0x10003130       0x20 CMakeFiles/kernels_quantization_util_test.dir/home/weddingc4ke/.pico-sdk/sdk/2.1.0/src/rp2_common/pico_runtime_init/runtime_init.c.o
                0x10003130                runtime_init_post_clock_resets
 .text.runtime_init_rp2040_gpio_ie_disable
                0x10003150       0x14 CMakeFiles/kernels_quantization_util_test.dir/home/weddingc4ke/.pico-sdk/sdk/2.1.0/src/rp2_common/pico_runtime_init/runtime_init.c.o
                0x10003150                runtime_init_rp2040_gpio_ie_disable
 .text.runtime_init_spin_locks_reset
                0x10003164        0x8 CMakeFiles/kernels_quantization_util_test.dir/home/weddingc4ke/.pico-sdk/sdk/2.1.0/src/rp2_common/pico_runtime_init/runtime_init.c.o
                0x10003164                runtime_init_spin_locks_reset
 .text.runtime_init_install_ram_vector_table
                0x1000316c       0x1c CMakeFiles/kernels_quantization_util_test.dir/home/weddingc4ke/.pico-sdk/sdk/2.1.0/src/rp2_common/pico_runtime_init/runtime_init.c.o
                0x1000316c                runtime_init_install_ram_vector_table
 .text.runtime_init_clocks
                0x10003188       0xd8 CMakeFiles/kernels_quantization_util_test.dir/home/weddingc4ke/.pico-sdk/sdk/2.1.0/src/rp2_common/pico_runtime_init/runtime_init_clocks.c.o
                0x10003188                runtime_init_clocks
 .text          0x10003260       0x10 CMakeFiles/kernels_quantization_util_test.dir/home/weddingc4ke/.pico-sdk/sdk/2.1.0/src/rp2_common/pico_bit_ops/bit_ops_aeabi.S.o
 .text.__wrap___aeabi_idiv
                0x10003270       0x50 CMakeFiles/kernels_quantization_util_test.dir/home/weddingc4ke/.pico-sdk/sdk/2.1.0/src/rp2_common/pico_divider/divider_hardware.S.o
                0x10003270                __wrap___aeabi_idivmod
                0x10003270                divmod_s32s32
                0x10003270                div_s32s32
                0x10003270                __wrap___aeabi_idiv
                0x10003278                divmod_s32s32_unsafe
                0x100032a4                divmod_s32s32_savestate
 .text.__wrap___aeabi_uidiv
                0x100032c0       0x4c CMakeFiles/kernels_quantization_util_test.dir/home/weddingc4ke/.pico-sdk/sdk/2.1.0/src/rp2_common/pico_divider/divider_hardware.S.o
                0x100032c0                __wrap___aeabi_uidiv
                0x100032c0                __wrap___aeabi_uidivmod
                0x100032c0                div_u32u32
                0x100032c0                divmod_u32u32
                0x100032c8                divmod_u32u32_unsafe
                0x100032f0                divmod_u32u32_savestate
 .text.__wrap___aeabi_ldiv
                0x1000330c      0x424 CMakeFiles/kernels_quantization_util_test.dir/home/weddingc4ke/.pico-sdk/sdk/2.1.0/src/rp2_common/pico_divider/divider_hardware.S.o
                0x1000330c                div_s64s64
                0x1000330c                divmod_s64s64
                0x1000330c                __wrap___aeabi_ldivmod
                0x1000333c                div_u64u64
                0x1000333c                divmod_u64u64
                0x1000333c                __wrap___aeabi_uldivmod
                0x1000334c                divmod_u64u64_savestate
                0x1000336c                divmod_s64s64_unsafe
                0x100033f4                divmod_u64u64_unsafe
 .text.__wrap___aeabi_darithmetic
                0x10003730       0x80 CMakeFiles/kernels_quantization_util_test.dir/home/weddingc4ke/.pico-sdk/sdk/2.1.0/src/rp2_common/pico_double/double_aeabi_rp2040.S.o
                0x10003730                __wrap___aeabi_drsub
                0x10003736                __wrap___aeabi_dsub
                0x10003748                __wrap___aeabi_dadd
                0x1000375a                __wrap___aeabi_ddiv
                0x10003796                __wrap___aeabi_dmul
 .text.__wrap___aeabi_cdcmple
                0x100037b0       0x6c CMakeFiles/kernels_quantization_util_test.dir/home/weddingc4ke/.pico-sdk/sdk/2.1.0/src/rp2_common/pico_double/double_aeabi_rp2040.S.o
                0x100037b0                __wrap___aeabi_cdrcmple
                0x100037c0                __wrap___aeabi_cdcmple
                0x100037c0                __wrap___aeabi_cdcmpeq
 .text.__wrap___aeabi_dcmpeq
                0x1000381c       0x10 CMakeFiles/kernels_quantization_util_test.dir/home/weddingc4ke/.pico-sdk/sdk/2.1.0/src/rp2_common/pico_double/double_aeabi_rp2040.S.o
                0x1000381c                __wrap___aeabi_dcmpeq
 .text.__wrap___aeabi_dcmplt
                0x1000382c        0xc CMakeFiles/kernels_quantization_util_test.dir/home/weddingc4ke/.pico-sdk/sdk/2.1.0/src/rp2_common/pico_double/double_aeabi_rp2040.S.o
                0x1000382c                __wrap___aeabi_dcmplt
 .text.__wrap___aeabi_dcmple
                0x10003838       0x10 CMakeFiles/kernels_quantization_util_test.dir/home/weddingc4ke/.pico-sdk/sdk/2.1.0/src/rp2_common/pico_double/double_aeabi_rp2040.S.o
                0x10003838                __wrap___aeabi_dcmple
 .text.__wrap___aeabi_dcmpgt
                0x10003848        0xa CMakeFiles/kernels_quantization_util_test.dir/home/weddingc4ke/.pico-sdk/sdk/2.1.0/src/rp2_common/pico_double/double_aeabi_rp2040.S.o
                0x10003848                __wrap___aeabi_dcmpgt
 .text.__wrap___aeabi_dcmpun
                0x10003852       0x18 CMakeFiles/kernels_quantization_util_test.dir/home/weddingc4ke/.pico-sdk/sdk/2.1.0/src/rp2_common/pico_double/double_aeabi_rp2040.S.o
                0x10003852                __wrap___aeabi_dcmpun
 *fill*         0x1000386a        0x2 
 .text.__wrap___aeabi_i2d
                0x1000386c       0x38 CMakeFiles/kernels_quantization_util_test.dir/home/weddingc4ke/.pico-sdk/sdk/2.1.0/src/rp2_common/pico_double/double_aeabi_rp2040.S.o
                0x1000386c                __wrap___aeabi_ui2d
                0x10003874                __wrap___aeabi_i2d
 .text.__wrap___aeabi_d2iz
                0x100038a4       0x48 CMakeFiles/kernels_quantization_util_test.dir/home/weddingc4ke/.pico-sdk/sdk/2.1.0/src/rp2_common/pico_double/double_aeabi_rp2040.S.o
                0x100038a4                __wrap___aeabi_d2iz
                0x100038a4                double2int_z
 .text.__wrap___aeabi_l2d
                0x100038ec       0x18 CMakeFiles/kernels_quantization_util_test.dir/home/weddingc4ke/.pico-sdk/sdk/2.1.0/src/rp2_common/pico_double/double_aeabi_rp2040.S.o
                0x100038ec                __wrap___aeabi_l2d
 .text.__wrap___aeabi_d2lz
                0x10003904       0x26 CMakeFiles/kernels_quantization_util_test.dir/home/weddingc4ke/.pico-sdk/sdk/2.1.0/src/rp2_common/pico_double/double_aeabi_rp2040.S.o
                0x10003904                __wrap___aeabi_d2lz
                0x10003904                double2int64_z
 *fill*         0x1000392a        0x2 
 .text.double2int64
                0x1000392c       0x18 CMakeFiles/kernels_quantization_util_test.dir/home/weddingc4ke/.pico-sdk/sdk/2.1.0/src/rp2_common/pico_double/double_aeabi_rp2040.S.o
                0x1000392c                double2int64
 .text.double2ufix64
                0x10003944       0x18 CMakeFiles/kernels_quantization_util_test.dir/home/weddingc4ke/.pico-sdk/sdk/2.1.0/src/rp2_common/pico_double/double_aeabi_rp2040.S.o
                0x10003944                double2ufix64
 .text.__aeabi_double_init
                0x1000395c       0xa4 CMakeFiles/kernels_quantization_util_test.dir/home/weddingc4ke/.pico-sdk/sdk/2.1.0/src/rp2_common/pico_double/double_init_rom_rp2040.c.o
                0x1000395c                __aeabi_double_init
 .text.__wrap_round
                0x10003a00       0x9c CMakeFiles/kernels_quantization_util_test.dir/home/weddingc4ke/.pico-sdk/sdk/2.1.0/src/rp2_common/pico_double/double_math.c.o
                0x10003a00                __wrap_round
 .text.__wrap_floor
                0x10003a9c       0xb4 CMakeFiles/kernels_quantization_util_test.dir/home/weddingc4ke/.pico-sdk/sdk/2.1.0/src/rp2_common/pico_double/double_math.c.o
                0x10003a9c                __wrap_floor
 .text.double_table_shim_on_use_helper
                0x10003b50       0x2c CMakeFiles/kernels_quantization_util_test.dir/home/weddingc4ke/.pico-sdk/sdk/2.1.0/src/rp2_common/pico_double/double_v1_rom_shim_rp2040.S.o
                0x10003b50                double_table_shim_on_use_helper
 .text.__wrap___aeabi_dsub
                0x10003b7c       0x10 CMakeFiles/kernels_quantization_util_test.dir/home/weddingc4ke/.pico-sdk/sdk/2.1.0/src/rp2_common/pico_double/double_v1_rom_shim_rp2040.S.o
                0x10003b7c                drsub_shim
                0x10003b82                dsub_shim
 .text.dadd_shim
                0x10003b8c      0x15c CMakeFiles/kernels_quantization_util_test.dir/home/weddingc4ke/.pico-sdk/sdk/2.1.0/src/rp2_common/pico_double/double_v1_rom_shim_rp2040.S.o
                0x10003b8c                dadd_shim
 .text.dmul_shim
                0x10003ce8      0x15c CMakeFiles/kernels_quantization_util_test.dir/home/weddingc4ke/.pico-sdk/sdk/2.1.0/src/rp2_common/pico_double/double_v1_rom_shim_rp2040.S.o
                0x10003ce8                dmul_shim
 .text.ddiv_shim
                0x10003e44      0x1b0 CMakeFiles/kernels_quantization_util_test.dir/home/weddingc4ke/.pico-sdk/sdk/2.1.0/src/rp2_common/pico_double/double_v1_rom_shim_rp2040.S.o
                0x10003e44                ddiv_shim
 .text.double2int64_shim
                0x10003ff4       0x1a CMakeFiles/kernels_quantization_util_test.dir/home/weddingc4ke/.pico-sdk/sdk/2.1.0/src/rp2_common/pico_double/double_v1_rom_shim_rp2040.S.o
                0x10003ff4                double2int64_shim
                0x10003ff6                double2fix64_shim
 *fill*         0x1000400e        0x2 
 .text.double2uint64_shim
                0x10004010       0x70 CMakeFiles/kernels_quantization_util_test.dir/home/weddingc4ke/.pico-sdk/sdk/2.1.0/src/rp2_common/pico_double/double_v1_rom_shim_rp2040.S.o
                0x10004010                double2uint64_shim
                0x10004012                double2ufix64_shim
                0x10004032                d2fix_a
 .text.x2double_shims
                0x10004080       0x90 CMakeFiles/kernels_quantization_util_test.dir/home/weddingc4ke/.pico-sdk/sdk/2.1.0/src/rp2_common/pico_double/double_v1_rom_shim_rp2040.S.o
                0x10004080                uint2double_shim
                0x10004082                ufix2double_shim
                0x10004088                int2double_shim
                0x1000408a                fix2double_shim
                0x10004090                uint642double_shim
                0x10004092                ufix642double_shim
                0x10004098                int642double_shim
                0x1000409a                fix642double_shim
 .text.dunpacks
                0x10004110       0x3c CMakeFiles/kernels_quantization_util_test.dir/home/weddingc4ke/.pico-sdk/sdk/2.1.0/src/rp2_common/pico_double/double_v1_rom_shim_rp2040.S.o
                0x10004110                dunpacks
 .text.__aeabi_lmul
                0x1000414c       0x32 CMakeFiles/kernels_quantization_util_test.dir/home/weddingc4ke/.pico-sdk/sdk/2.1.0/src/rp2_common/pico_int64_ops/pico_int64_ops_aeabi.S.o
                0x1000414c                __wrap___aeabi_lmul
 *fill*         0x1000417e        0x2 
 .text.__aeabi_float_init
                0x10004180       0x64 CMakeFiles/kernels_quantization_util_test.dir/home/weddingc4ke/.pico-sdk/sdk/2.1.0/src/rp2_common/pico_float/float_init_rom_rp2040.c.o
                0x10004180                __aeabi_float_init
 .text.float_table_shim_on_use_helper
                0x100041e4       0x2c CMakeFiles/kernels_quantization_util_test.dir/home/weddingc4ke/.pico-sdk/sdk/2.1.0/src/rp2_common/pico_float/float_v1_rom_shim_rp2040.S.o
                0x100041e4                float_table_shim_on_use_helper
 .text          0x10004210       0x10 CMakeFiles/kernels_quantization_util_test.dir/home/weddingc4ke/.pico-sdk/sdk/2.1.0/src/rp2_common/pico_mem_ops/mem_ops_aeabi.S.o
                0x10004210                __aeabi_mem_init
 .text.memset   0x10004220        0xc CMakeFiles/kernels_quantization_util_test.dir/home/weddingc4ke/.pico-sdk/sdk/2.1.0/src/rp2_common/pico_mem_ops/mem_ops_aeabi.S.o
                0x10004220                __wrap_memset
 .text.memcpy   0x1000422c        0xc CMakeFiles/kernels_quantization_util_test.dir/home/weddingc4ke/.pico-sdk/sdk/2.1.0/src/rp2_common/pico_mem_ops/mem_ops_aeabi.S.o
                0x1000422c                __wrap___aeabi_memcpy
                0x1000422c                __wrap_memcpy
 .text._out_char
                0x10004238       0x10 CMakeFiles/kernels_quantization_util_test.dir/home/weddingc4ke/.pico-sdk/sdk/2.1.0/src/rp2_common/pico_printf/printf.c.o
 .text.weak_raw_printf
                0x10004248       0x40 CMakeFiles/kernels_quantization_util_test.dir/home/weddingc4ke/.pico-sdk/sdk/2.1.0/src/rp2_common/pico_printf/printf.c.o
                0x10004248                weak_raw_printf
 .text.weak_raw_vprintf
                0x10004288       0x30 CMakeFiles/kernels_quantization_util_test.dir/home/weddingc4ke/.pico-sdk/sdk/2.1.0/src/rp2_common/pico_printf/printf.c.o
                0x10004288                weak_raw_vprintf
 .text._exit    0x100042b8        0x4 CMakeFiles/kernels_quantization_util_test.dir/home/weddingc4ke/.pico-sdk/sdk/2.1.0/src/rp2_common/pico_clib_interface/newlib_interface.c.o
                0x100042b8                _exit
 .text._sbrk    0x100042bc       0x34 CMakeFiles/kernels_quantization_util_test.dir/home/weddingc4ke/.pico-sdk/sdk/2.1.0/src/rp2_common/pico_clib_interface/newlib_interface.c.o
                0x100042bc                _sbrk
 .text._getpid  0x100042f0        0x4 CMakeFiles/kernels_quantization_util_test.dir/home/weddingc4ke/.pico-sdk/sdk/2.1.0/src/rp2_common/pico_clib_interface/newlib_interface.c.o
                0x100042f0                _getpid
 .text._kill    0x100042f4        0x8 CMakeFiles/kernels_quantization_util_test.dir/home/weddingc4ke/.pico-sdk/sdk/2.1.0/src/rp2_common/pico_clib_interface/newlib_interface.c.o
                0x100042f4                _kill
 .text._read    0x100042fc       0x24 CMakeFiles/kernels_quantization_util_test.dir/home/weddingc4ke/.pico-sdk/sdk/2.1.0/src/rp2_common/pico_clib_interface/newlib_interface.c.o
                0x100042fc                _read
 .text._write   0x10004320       0x24 CMakeFiles/kernels_quantization_util_test.dir/home/weddingc4ke/.pico-sdk/sdk/2.1.0/src/rp2_common/pico_clib_interface/newlib_interface.c.o
                0x10004320                _write
 .text._close   0x10004344        0x8 CMakeFiles/kernels_quantization_util_test.dir/home/weddingc4ke/.pico-sdk/sdk/2.1.0/src/rp2_common/pico_clib_interface/newlib_interface.c.o
                0x10004344                _close
 .text._lseek   0x1000434c        0x8 CMakeFiles/kernels_quantization_util_test.dir/home/weddingc4ke/.pico-sdk/sdk/2.1.0/src/rp2_common/pico_clib_interface/newlib_interface.c.o
                0x1000434c                _lseek
 .text._fstat   0x10004354        0x8 CMakeFiles/kernels_quantization_util_test.dir/home/weddingc4ke/.pico-sdk/sdk/2.1.0/src/rp2_common/pico_clib_interface/newlib_interface.c.o
                0x10004354                _fstat
 .text._isatty  0x1000435c        0xc CMakeFiles/kernels_quantization_util_test.dir/home/weddingc4ke/.pico-sdk/sdk/2.1.0/src/rp2_common/pico_clib_interface/newlib_interface.c.o
                0x1000435c                _isatty
 .text.exit     0x10004368        0x8 CMakeFiles/kernels_quantization_util_test.dir/home/weddingc4ke/.pico-sdk/sdk/2.1.0/src/rp2_common/pico_clib_interface/newlib_interface.c.o
                0x10004368                exit
 .text.__assert_func
                0x10004370       0x38 CMakeFiles/kernels_quantization_util_test.dir/home/weddingc4ke/.pico-sdk/sdk/2.1.0/src/rp2_common/pico_clib_interface/newlib_interface.c.o
                0x10004370                __assert_func
 .text.runtime_init
                0x100043a8       0x2c CMakeFiles/kernels_quantization_util_test.dir/home/weddingc4ke/.pico-sdk/sdk/2.1.0/src/rp2_common/pico_clib_interface/newlib_interface.c.o
                0x100043a8                runtime_init
 .text.stdio_out_chars_no_crlf
                0x100043d4       0x10 CMakeFiles/kernels_quantization_util_test.dir/home/weddingc4ke/.pico-sdk/sdk/2.1.0/src/rp2_common/pico_stdio/stdio.c.o
 .text.stdio_out_chars_crlf
                0x100043e4       0xb0 CMakeFiles/kernels_quantization_util_test.dir/home/weddingc4ke/.pico-sdk/sdk/2.1.0/src/rp2_common/pico_stdio/stdio.c.o
 .text.stdio_put_string
                0x10004494       0xfc CMakeFiles/kernels_quantization_util_test.dir/home/weddingc4ke/.pico-sdk/sdk/2.1.0/src/rp2_common/pico_stdio/stdio.c.o
                0x10004494                stdio_put_string
 .text.stdio_get_until
                0x10004590       0x84 CMakeFiles/kernels_quantization_util_test.dir/home/weddingc4ke/.pico-sdk/sdk/2.1.0/src/rp2_common/pico_stdio/stdio.c.o
                0x10004590                stdio_get_until
 .text.stdio_set_driver_enabled
                0x10004614       0x30 CMakeFiles/kernels_quantization_util_test.dir/home/weddingc4ke/.pico-sdk/sdk/2.1.0/src/rp2_common/pico_stdio/stdio.c.o
                0x10004614                stdio_set_driver_enabled
 .text.stdio_init_all
                0x10004644        0x8 CMakeFiles/kernels_quantization_util_test.dir/home/weddingc4ke/.pico-sdk/sdk/2.1.0/src/rp2_common/pico_stdio/stdio.c.o
                0x10004644                stdio_init_all
 .text.__wrap_putchar
                0x1000464c       0x94 CMakeFiles/kernels_quantization_util_test.dir/home/weddingc4ke/.pico-sdk/sdk/2.1.0/src/rp2_common/pico_stdio/stdio.c.o
                0x1000464c                stdio_putchar
                0x1000464c                __wrap_putchar
 .text.__wrap_puts
                0x100046e0       0x3c CMakeFiles/kernels_quantization_util_test.dir/home/weddingc4ke/.pico-sdk/sdk/2.1.0/src/rp2_common/pico_stdio/stdio.c.o
                0x100046e0                __wrap_puts
                0x100046e0                stdio_puts
 .text.resetd_init
                0x1000471c        0x4 CMakeFiles/kernels_quantization_util_test.dir/home/weddingc4ke/.pico-sdk/sdk/2.1.0/src/rp2_common/pico_stdio_usb/reset_interface.c.o
 .text.resetd_reset
                0x10004720        0xc CMakeFiles/kernels_quantization_util_test.dir/home/weddingc4ke/.pico-sdk/sdk/2.1.0/src/rp2_common/pico_stdio_usb/reset_interface.c.o
 .text.resetd_open
                0x1000472c       0x28 CMakeFiles/kernels_quantization_util_test.dir/home/weddingc4ke/.pico-sdk/sdk/2.1.0/src/rp2_common/pico_stdio_usb/reset_interface.c.o
 .text.resetd_xfer_cb
                0x10004754        0x4 CMakeFiles/kernels_quantization_util_test.dir/home/weddingc4ke/.pico-sdk/sdk/2.1.0/src/rp2_common/pico_stdio_usb/reset_interface.c.o
 .text.resetd_control_xfer_cb
                0x10004758       0x54 CMakeFiles/kernels_quantization_util_test.dir/home/weddingc4ke/.pico-sdk/sdk/2.1.0/src/rp2_common/pico_stdio_usb/reset_interface.c.o
 .text.tud_descriptor_bos_cb
                0x100047ac        0x8 CMakeFiles/kernels_quantization_util_test.dir/home/weddingc4ke/.pico-sdk/sdk/2.1.0/src/rp2_common/pico_stdio_usb/reset_interface.c.o
                0x100047ac                tud_descriptor_bos_cb
 .text.tud_vendor_control_xfer_cb
                0x100047b4       0x34 CMakeFiles/kernels_quantization_util_test.dir/home/weddingc4ke/.pico-sdk/sdk/2.1.0/src/rp2_common/pico_stdio_usb/reset_interface.c.o
                0x100047b4                tud_vendor_control_xfer_cb
 .text.usbd_app_driver_get_cb
                0x100047e8        0xc CMakeFiles/kernels_quantization_util_test.dir/home/weddingc4ke/.pico-sdk/sdk/2.1.0/src/rp2_common/pico_stdio_usb/reset_interface.c.o
                0x100047e8                usbd_app_driver_get_cb
 .text.tud_cdc_line_coding_cb
                0x100047f4       0x2c CMakeFiles/kernels_quantization_util_test.dir/home/weddingc4ke/.pico-sdk/sdk/2.1.0/src/rp2_common/pico_stdio_usb/reset_interface.c.o
                0x100047f4                tud_cdc_line_coding_cb
 .text.stdio_usb_set_chars_available_callback
                0x10004820       0x14 CMakeFiles/kernels_quantization_util_test.dir/home/weddingc4ke/.pico-sdk/sdk/2.1.0/src/rp2_common/pico_stdio_usb/stdio_usb.c.o
                0x10004820                stdio_usb_set_chars_available_callback
 .text.usb_irq  0x10004834       0x10 CMakeFiles/kernels_quantization_util_test.dir/home/weddingc4ke/.pico-sdk/sdk/2.1.0/src/rp2_common/pico_stdio_usb/stdio_usb.c.o
 .text.timer_task
                0x10004844       0x64 CMakeFiles/kernels_quantization_util_test.dir/home/weddingc4ke/.pico-sdk/sdk/2.1.0/src/rp2_common/pico_stdio_usb/stdio_usb.c.o
 .text.stdio_usb_in_chars
                0x100048a8       0x8c CMakeFiles/kernels_quantization_util_test.dir/home/weddingc4ke/.pico-sdk/sdk/2.1.0/src/rp2_common/pico_stdio_usb/stdio_usb.c.o
                0x100048a8                stdio_usb_in_chars
 .text.stdio_usb_out_flush
                0x10004934       0x4c CMakeFiles/kernels_quantization_util_test.dir/home/weddingc4ke/.pico-sdk/sdk/2.1.0/src/rp2_common/pico_stdio_usb/stdio_usb.c.o
 .text.stdio_usb_out_chars
                0x10004980      0x100 CMakeFiles/kernels_quantization_util_test.dir/home/weddingc4ke/.pico-sdk/sdk/2.1.0/src/rp2_common/pico_stdio_usb/stdio_usb.c.o
 .text.low_priority_worker_irq
                0x10004a80       0xc8 CMakeFiles/kernels_quantization_util_test.dir/home/weddingc4ke/.pico-sdk/sdk/2.1.0/src/rp2_common/pico_stdio_usb/stdio_usb.c.o
 .text.stdio_usb_init
                0x10004b48       0xe4 CMakeFiles/kernels_quantization_util_test.dir/home/weddingc4ke/.pico-sdk/sdk/2.1.0/src/rp2_common/pico_stdio_usb/stdio_usb.c.o
                0x10004b48                stdio_usb_init
 .text.tud_descriptor_device_cb
                0x10004c2c        0x8 CMakeFiles/kernels_quantization_util_test.dir/home/weddingc4ke/.pico-sdk/sdk/2.1.0/src/rp2_common/pico_stdio_usb/stdio_usb_descriptors.c.o
                0x10004c2c                tud_descriptor_device_cb
 .text.tud_descriptor_configuration_cb
                0x10004c34        0x8 CMakeFiles/kernels_quantization_util_test.dir/home/weddingc4ke/.pico-sdk/sdk/2.1.0/src/rp2_common/pico_stdio_usb/stdio_usb_descriptors.c.o
                0x10004c34                tud_descriptor_configuration_cb
 .text.tud_descriptor_string_cb
                0x10004c3c       0x78 CMakeFiles/kernels_quantization_util_test.dir/home/weddingc4ke/.pico-sdk/sdk/2.1.0/src/rp2_common/pico_stdio_usb/stdio_usb_descriptors.c.o
                0x10004c3c                tud_descriptor_string_cb
 .text.startup._retrieve_unique_id_on_boot
                0x10004cb4       0x10 CMakeFiles/kernels_quantization_util_test.dir/home/weddingc4ke/.pico-sdk/sdk/2.1.0/src/rp2_common/pico_unique_id/unique_id.c.o
 .text.pico_get_unique_board_id_string
                0x10004cc4      0x1a8 CMakeFiles/kernels_quantization_util_test.dir/home/weddingc4ke/.pico-sdk/sdk/2.1.0/src/rp2_common/pico_unique_id/unique_id.c.o
                0x10004cc4                pico_get_unique_board_id_string
 .text.flash_get_unique_id
                0x10004e6c       0x3c CMakeFiles/kernels_quantization_util_test.dir/home/weddingc4ke/.pico-sdk/sdk/2.1.0/src/rp2_common/hardware_flash/flash.c.o
                0x10004e6c                flash_get_unique_id
 .text.dcd_init
                0x10004ea8       0x8c CMakeFiles/kernels_quantization_util_test.dir/home/weddingc4ke/.pico-sdk/sdk/2.1.0/lib/tinyusb/src/portable/raspberrypi/rp2040/dcd_rp2040.c.o
                0x10004ea8                dcd_init
 .text.dcd_int_enable
                0x10004f34        0xc CMakeFiles/kernels_quantization_util_test.dir/home/weddingc4ke/.pico-sdk/sdk/2.1.0/lib/tinyusb/src/portable/raspberrypi/rp2040/dcd_rp2040.c.o
                0x10004f34                dcd_int_enable
 .text.dcd_set_address
                0x10004f40       0x14 CMakeFiles/kernels_quantization_util_test.dir/home/weddingc4ke/.pico-sdk/sdk/2.1.0/lib/tinyusb/src/portable/raspberrypi/rp2040/dcd_rp2040.c.o
                0x10004f40                dcd_set_address
 .text.dcd_sof_enable
                0x10004f54       0x1c CMakeFiles/kernels_quantization_util_test.dir/home/weddingc4ke/.pico-sdk/sdk/2.1.0/lib/tinyusb/src/portable/raspberrypi/rp2040/dcd_rp2040.c.o
                0x10004f54                dcd_sof_enable
 .text.dcd_edpt0_status_complete
                0x10004f70       0x1c CMakeFiles/kernels_quantization_util_test.dir/home/weddingc4ke/.pico-sdk/sdk/2.1.0/lib/tinyusb/src/portable/raspberrypi/rp2040/dcd_rp2040.c.o
                0x10004f70                dcd_edpt0_status_complete
 .text.dcd_edpt_open
                0x10004f8c      0x108 CMakeFiles/kernels_quantization_util_test.dir/home/weddingc4ke/.pico-sdk/sdk/2.1.0/lib/tinyusb/src/portable/raspberrypi/rp2040/dcd_rp2040.c.o
                0x10004f8c                dcd_edpt_open
 .text.dcd_edpt_close_all
                0x10005094        0x8 CMakeFiles/kernels_quantization_util_test.dir/home/weddingc4ke/.pico-sdk/sdk/2.1.0/lib/tinyusb/src/portable/raspberrypi/rp2040/dcd_rp2040.c.o
                0x10005094                dcd_edpt_close_all
 .text.dcd_edpt_xfer
                0x1000509c       0x24 CMakeFiles/kernels_quantization_util_test.dir/home/weddingc4ke/.pico-sdk/sdk/2.1.0/lib/tinyusb/src/portable/raspberrypi/rp2040/dcd_rp2040.c.o
                0x1000509c                dcd_edpt_xfer
 .text.dcd_edpt_stall
                0x100050c0       0x3c CMakeFiles/kernels_quantization_util_test.dir/home/weddingc4ke/.pico-sdk/sdk/2.1.0/lib/tinyusb/src/portable/raspberrypi/rp2040/dcd_rp2040.c.o
                0x100050c0                dcd_edpt_stall
 .text.dcd_edpt_clear_stall
                0x100050fc       0x30 CMakeFiles/kernels_quantization_util_test.dir/home/weddingc4ke/.pico-sdk/sdk/2.1.0/lib/tinyusb/src/portable/raspberrypi/rp2040/dcd_rp2040.c.o
                0x100050fc                dcd_edpt_clear_stall
 .text.rp2040_usb_init
                0x1000512c       0x40 CMakeFiles/kernels_quantization_util_test.dir/home/weddingc4ke/.pico-sdk/sdk/2.1.0/lib/tinyusb/src/portable/raspberrypi/rp2040/rp2040_usb.c.o
                0x1000512c                rp2040_usb_init
 .text.hw_endpoint_xfer_start
                0x1000516c       0x40 CMakeFiles/kernels_quantization_util_test.dir/home/weddingc4ke/.pico-sdk/sdk/2.1.0/lib/tinyusb/src/portable/raspberrypi/rp2040/rp2040_usb.c.o
                0x1000516c                hw_endpoint_xfer_start
 .text.tud_event_hook_cb
                0x100051ac        0x4 CMakeFiles/kernels_quantization_util_test.dir/home/weddingc4ke/.pico-sdk/sdk/2.1.0/lib/tinyusb/src/device/usbd.c.o
                0x100051ac                tud_event_hook_cb
 .text.tud_sof_cb
                0x100051b0        0x4 CMakeFiles/kernels_quantization_util_test.dir/home/weddingc4ke/.pico-sdk/sdk/2.1.0/lib/tinyusb/src/device/usbd.c.o
                0x100051b0                tud_sof_cb
 .text.tud_descriptor_device_qualifier_cb
                0x100051b4        0x4 CMakeFiles/kernels_quantization_util_test.dir/home/weddingc4ke/.pico-sdk/sdk/2.1.0/lib/tinyusb/src/device/usbd.c.o
                0x100051b4                tud_descriptor_device_qualifier_cb
 .text.tud_descriptor_other_speed_configuration_cb
                0x100051b8        0x4 CMakeFiles/kernels_quantization_util_test.dir/home/weddingc4ke/.pico-sdk/sdk/2.1.0/lib/tinyusb/src/device/usbd.c.o
                0x100051b8                tud_descriptor_other_speed_configuration_cb
 .text.tud_mount_cb
                0x100051bc        0x4 CMakeFiles/kernels_quantization_util_test.dir/home/weddingc4ke/.pico-sdk/sdk/2.1.0/lib/tinyusb/src/device/usbd.c.o
                0x100051bc                tud_mount_cb
 .text.tud_umount_cb
                0x100051c0        0x4 CMakeFiles/kernels_quantization_util_test.dir/home/weddingc4ke/.pico-sdk/sdk/2.1.0/lib/tinyusb/src/device/usbd.c.o
                0x100051c0                tud_umount_cb
 .text.tud_suspend_cb
                0x100051c4        0x4 CMakeFiles/kernels_quantization_util_test.dir/home/weddingc4ke/.pico-sdk/sdk/2.1.0/lib/tinyusb/src/device/usbd.c.o
                0x100051c4                tud_suspend_cb
 .text.tud_resume_cb
                0x100051c8        0x4 CMakeFiles/kernels_quantization_util_test.dir/home/weddingc4ke/.pico-sdk/sdk/2.1.0/lib/tinyusb/src/device/usbd.c.o
                0x100051c8                tud_resume_cb
 .text.tud_mounted
                0x100051cc       0x10 CMakeFiles/kernels_quantization_util_test.dir/home/weddingc4ke/.pico-sdk/sdk/2.1.0/lib/tinyusb/src/device/usbd.c.o
                0x100051cc                tud_mounted
 .text.tud_suspended
                0x100051dc       0x10 CMakeFiles/kernels_quantization_util_test.dir/home/weddingc4ke/.pico-sdk/sdk/2.1.0/lib/tinyusb/src/device/usbd.c.o
                0x100051dc                tud_suspended
 .text.tud_init
                0x100051ec       0xe0 CMakeFiles/kernels_quantization_util_test.dir/home/weddingc4ke/.pico-sdk/sdk/2.1.0/lib/tinyusb/src/device/usbd.c.o
                0x100051ec                tud_init
 .text.tud_task_ext
                0x100052cc      0x800 CMakeFiles/kernels_quantization_util_test.dir/home/weddingc4ke/.pico-sdk/sdk/2.1.0/lib/tinyusb/src/device/usbd.c.o
                0x100052cc                tud_task_ext
 .text.usbd_open_edpt_pair
                0x10005acc       0x9c CMakeFiles/kernels_quantization_util_test.dir/home/weddingc4ke/.pico-sdk/sdk/2.1.0/lib/tinyusb/src/device/usbd.c.o
                0x10005acc                usbd_open_edpt_pair
 .text.usbd_edpt_open
                0x10005b68       0x34 CMakeFiles/kernels_quantization_util_test.dir/home/weddingc4ke/.pico-sdk/sdk/2.1.0/lib/tinyusb/src/device/usbd.c.o
                0x10005b68                usbd_edpt_open
 .text.usbd_edpt_claim
                0x10005b9c       0x28 CMakeFiles/kernels_quantization_util_test.dir/home/weddingc4ke/.pico-sdk/sdk/2.1.0/lib/tinyusb/src/device/usbd.c.o
                0x10005b9c                usbd_edpt_claim
 .text.usbd_edpt_release
                0x10005bc4       0x28 CMakeFiles/kernels_quantization_util_test.dir/home/weddingc4ke/.pico-sdk/sdk/2.1.0/lib/tinyusb/src/device/usbd.c.o
                0x10005bc4                usbd_edpt_release
 .text.usbd_edpt_xfer
                0x10005bec       0x4c CMakeFiles/kernels_quantization_util_test.dir/home/weddingc4ke/.pico-sdk/sdk/2.1.0/lib/tinyusb/src/device/usbd.c.o
                0x10005bec                usbd_edpt_xfer
 .text.tud_control_status
                0x10005c38       0x2c CMakeFiles/kernels_quantization_util_test.dir/home/weddingc4ke/.pico-sdk/sdk/2.1.0/lib/tinyusb/src/device/usbd_control.c.o
                0x10005c38                tud_control_status
 .text.tud_control_xfer
                0x10005c64       0xa8 CMakeFiles/kernels_quantization_util_test.dir/home/weddingc4ke/.pico-sdk/sdk/2.1.0/lib/tinyusb/src/device/usbd_control.c.o
                0x10005c64                tud_control_xfer
 .text.usbd_control_reset
                0x10005d0c       0x14 CMakeFiles/kernels_quantization_util_test.dir/home/weddingc4ke/.pico-sdk/sdk/2.1.0/lib/tinyusb/src/device/usbd_control.c.o
                0x10005d0c                usbd_control_reset
 .text.usbd_control_set_complete_callback
                0x10005d20        0xc CMakeFiles/kernels_quantization_util_test.dir/home/weddingc4ke/.pico-sdk/sdk/2.1.0/lib/tinyusb/src/device/usbd_control.c.o
                0x10005d20                usbd_control_set_complete_callback
 .text.usbd_control_set_request
                0x10005d2c       0x1c CMakeFiles/kernels_quantization_util_test.dir/home/weddingc4ke/.pico-sdk/sdk/2.1.0/lib/tinyusb/src/device/usbd_control.c.o
                0x10005d2c                usbd_control_set_request
 .text.usbd_control_xfer_cb
                0x10005d48       0xec CMakeFiles/kernels_quantization_util_test.dir/home/weddingc4ke/.pico-sdk/sdk/2.1.0/lib/tinyusb/src/device/usbd_control.c.o
                0x10005d48                usbd_control_xfer_cb
 .text._prep_out_transaction.isra.0
                0x10005e34       0x5c CMakeFiles/kernels_quantization_util_test.dir/home/weddingc4ke/.pico-sdk/sdk/2.1.0/lib/tinyusb/src/class/cdc/cdc_device.c.o
 .text.tud_cdc_n_connected
                0x10005e90       0x30 CMakeFiles/kernels_quantization_util_test.dir/home/weddingc4ke/.pico-sdk/sdk/2.1.0/lib/tinyusb/src/class/cdc/cdc_device.c.o
                0x10005e90                tud_cdc_n_connected
 .text.tud_cdc_n_available
                0x10005ec0       0x18 CMakeFiles/kernels_quantization_util_test.dir/home/weddingc4ke/.pico-sdk/sdk/2.1.0/lib/tinyusb/src/class/cdc/cdc_device.c.o
                0x10005ec0                tud_cdc_n_available
 .text.tud_cdc_n_read
                0x10005ed8       0x9c CMakeFiles/kernels_quantization_util_test.dir/home/weddingc4ke/.pico-sdk/sdk/2.1.0/lib/tinyusb/src/class/cdc/cdc_device.c.o
                0x10005ed8                tud_cdc_n_read
 .text.tud_cdc_n_write_flush
                0x10005f74       0x78 CMakeFiles/kernels_quantization_util_test.dir/home/weddingc4ke/.pico-sdk/sdk/2.1.0/lib/tinyusb/src/class/cdc/cdc_device.c.o
                0x10005f74                tud_cdc_n_write_flush
 .text.tud_cdc_n_write
                0x10005fec       0x40 CMakeFiles/kernels_quantization_util_test.dir/home/weddingc4ke/.pico-sdk/sdk/2.1.0/lib/tinyusb/src/class/cdc/cdc_device.c.o
                0x10005fec                tud_cdc_n_write
 .text.tud_cdc_n_write_available
                0x1000602c       0x18 CMakeFiles/kernels_quantization_util_test.dir/home/weddingc4ke/.pico-sdk/sdk/2.1.0/lib/tinyusb/src/class/cdc/cdc_device.c.o
                0x1000602c                tud_cdc_n_write_available
 .text.cdcd_init
                0x10006044       0x7c CMakeFiles/kernels_quantization_util_test.dir/home/weddingc4ke/.pico-sdk/sdk/2.1.0/lib/tinyusb/src/class/cdc/cdc_device.c.o
                0x10006044                cdcd_init
 .text.cdcd_deinit
                0x100060c0       0x30 CMakeFiles/kernels_quantization_util_test.dir/home/weddingc4ke/.pico-sdk/sdk/2.1.0/lib/tinyusb/src/class/cdc/cdc_device.c.o
                0x100060c0                cdcd_deinit
 .text.cdcd_reset
                0x100060f0       0x4c CMakeFiles/kernels_quantization_util_test.dir/home/weddingc4ke/.pico-sdk/sdk/2.1.0/lib/tinyusb/src/class/cdc/cdc_device.c.o
                0x100060f0                cdcd_reset
 .text.cdcd_open
                0x1000613c       0xb0 CMakeFiles/kernels_quantization_util_test.dir/home/weddingc4ke/.pico-sdk/sdk/2.1.0/lib/tinyusb/src/class/cdc/cdc_device.c.o
                0x1000613c                cdcd_open
 .text.cdcd_control_xfer_cb
                0x100061ec       0xe4 CMakeFiles/kernels_quantization_util_test.dir/home/weddingc4ke/.pico-sdk/sdk/2.1.0/lib/tinyusb/src/class/cdc/cdc_device.c.o
                0x100061ec                cdcd_control_xfer_cb
 .text.cdcd_xfer_cb
                0x100062d0      0x100 CMakeFiles/kernels_quantization_util_test.dir/home/weddingc4ke/.pico-sdk/sdk/2.1.0/lib/tinyusb/src/class/cdc/cdc_device.c.o
                0x100062d0                cdcd_xfer_cb
 .text.vendord_init
                0x100063d0       0x5c CMakeFiles/kernels_quantization_util_test.dir/home/weddingc4ke/.pico-sdk/sdk/2.1.0/lib/tinyusb/src/class/vendor/vendor_device.c.o
                0x100063d0                vendord_init
 .text.vendord_deinit
                0x1000642c       0x1c CMakeFiles/kernels_quantization_util_test.dir/home/weddingc4ke/.pico-sdk/sdk/2.1.0/lib/tinyusb/src/class/vendor/vendor_device.c.o
                0x1000642c                vendord_deinit
 .text.vendord_reset
                0x10006448       0x20 CMakeFiles/kernels_quantization_util_test.dir/home/weddingc4ke/.pico-sdk/sdk/2.1.0/lib/tinyusb/src/class/vendor/vendor_device.c.o
                0x10006448                vendord_reset
 .text.vendord_open
                0x10006468      0x128 CMakeFiles/kernels_quantization_util_test.dir/home/weddingc4ke/.pico-sdk/sdk/2.1.0/lib/tinyusb/src/class/vendor/vendor_device.c.o
                0x10006468                vendord_open
 .text.vendord_xfer_cb
                0x10006590       0x9c CMakeFiles/kernels_quantization_util_test.dir/home/weddingc4ke/.pico-sdk/sdk/2.1.0/lib/tinyusb/src/class/vendor/vendor_device.c.o
                0x10006590                vendord_xfer_cb
 .text.tusb_init
                0x1000662c        0xc CMakeFiles/kernels_quantization_util_test.dir/home/weddingc4ke/.pico-sdk/sdk/2.1.0/lib/tinyusb/src/tusb.c.o
                0x1000662c                tusb_init
 .text.tu_edpt_claim
                0x10006638       0x50 CMakeFiles/kernels_quantization_util_test.dir/home/weddingc4ke/.pico-sdk/sdk/2.1.0/lib/tinyusb/src/tusb.c.o
                0x10006638                tu_edpt_claim
 .text.tu_edpt_release
                0x10006688       0x38 CMakeFiles/kernels_quantization_util_test.dir/home/weddingc4ke/.pico-sdk/sdk/2.1.0/lib/tinyusb/src/tusb.c.o
                0x10006688                tu_edpt_release
 .text.tu_edpt_validate
                0x100066c0       0x7c CMakeFiles/kernels_quantization_util_test.dir/home/weddingc4ke/.pico-sdk/sdk/2.1.0/lib/tinyusb/src/tusb.c.o
                0x100066c0                tu_edpt_validate
 .text.tu_edpt_bind_driver
                0x1000673c       0x34 CMakeFiles/kernels_quantization_util_test.dir/home/weddingc4ke/.pico-sdk/sdk/2.1.0/lib/tinyusb/src/tusb.c.o
                0x1000673c                tu_edpt_bind_driver
 .text.tu_edpt_stream_init
                0x10006770       0x6c CMakeFiles/kernels_quantization_util_test.dir/home/weddingc4ke/.pico-sdk/sdk/2.1.0/lib/tinyusb/src/tusb.c.o
                0x10006770                tu_edpt_stream_init
 .text.tu_edpt_stream_deinit
                0x100067dc        0x4 CMakeFiles/kernels_quantization_util_test.dir/home/weddingc4ke/.pico-sdk/sdk/2.1.0/lib/tinyusb/src/tusb.c.o
                0x100067dc                tu_edpt_stream_deinit
 .text.tu_edpt_stream_write_zlp_if_needed
                0x100067e0       0x68 CMakeFiles/kernels_quantization_util_test.dir/home/weddingc4ke/.pico-sdk/sdk/2.1.0/lib/tinyusb/src/tusb.c.o
                0x100067e0                tu_edpt_stream_write_zlp_if_needed
 .text.tu_edpt_stream_write_xfer
                0x10006848       0x68 CMakeFiles/kernels_quantization_util_test.dir/home/weddingc4ke/.pico-sdk/sdk/2.1.0/lib/tinyusb/src/tusb.c.o
                0x10006848                tu_edpt_stream_write_xfer
 .text.tu_edpt_stream_read_xfer
                0x100068b0       0xd8 CMakeFiles/kernels_quantization_util_test.dir/home/weddingc4ke/.pico-sdk/sdk/2.1.0/lib/tinyusb/src/tusb.c.o
                0x100068b0                tu_edpt_stream_read_xfer
 .text.tu_fifo_config
                0x10006988       0x6c CMakeFiles/kernels_quantization_util_test.dir/home/weddingc4ke/.pico-sdk/sdk/2.1.0/lib/tinyusb/src/common/tusb_fifo.c.o
                0x10006988                tu_fifo_config
 .text.tu_fifo_count
                0x100069f4       0x2c CMakeFiles/kernels_quantization_util_test.dir/home/weddingc4ke/.pico-sdk/sdk/2.1.0/lib/tinyusb/src/common/tusb_fifo.c.o
                0x100069f4                tu_fifo_count
 .text.tu_fifo_empty
                0x10006a20       0x10 CMakeFiles/kernels_quantization_util_test.dir/home/weddingc4ke/.pico-sdk/sdk/2.1.0/lib/tinyusb/src/common/tusb_fifo.c.o
                0x10006a20                tu_fifo_empty
 .text.tu_fifo_remaining
                0x10006a30       0x2c CMakeFiles/kernels_quantization_util_test.dir/home/weddingc4ke/.pico-sdk/sdk/2.1.0/lib/tinyusb/src/common/tusb_fifo.c.o
                0x10006a30                tu_fifo_remaining
 .text.tu_fifo_read
                0x10006a5c       0x9c CMakeFiles/kernels_quantization_util_test.dir/home/weddingc4ke/.pico-sdk/sdk/2.1.0/lib/tinyusb/src/common/tusb_fifo.c.o
                0x10006a5c                tu_fifo_read
 .text.tu_fifo_read_n
                0x10006af8       0xe8 CMakeFiles/kernels_quantization_util_test.dir/home/weddingc4ke/.pico-sdk/sdk/2.1.0/lib/tinyusb/src/common/tusb_fifo.c.o
                0x10006af8                tu_fifo_read_n
 .text.tu_fifo_write
                0x10006be0       0xa4 CMakeFiles/kernels_quantization_util_test.dir/home/weddingc4ke/.pico-sdk/sdk/2.1.0/lib/tinyusb/src/common/tusb_fifo.c.o
                0x10006be0                tu_fifo_write
 .text.tu_fifo_write_n
                0x10006c84      0x178 CMakeFiles/kernels_quantization_util_test.dir/home/weddingc4ke/.pico-sdk/sdk/2.1.0/lib/tinyusb/src/common/tusb_fifo.c.o
                0x10006c84                tu_fifo_write_n
 .text.tu_fifo_clear
                0x10006dfc       0x40 CMakeFiles/kernels_quantization_util_test.dir/home/weddingc4ke/.pico-sdk/sdk/2.1.0/lib/tinyusb/src/common/tusb_fifo.c.o
                0x10006dfc                tu_fifo_clear
 .text.tu_fifo_set_overwritable
                0x10006e3c       0x48 CMakeFiles/kernels_quantization_util_test.dir/home/weddingc4ke/.pico-sdk/sdk/2.1.0/lib/tinyusb/src/common/tusb_fifo.c.o
                0x10006e3c                tu_fifo_set_overwritable
 .text._ZN6tflite12IntegerFrExpEdPi
                0x10006e84       0xac ../../libpico-tflmicro.a(quantization_util.cpp.o)
                0x10006e84                tflite::IntegerFrExp(double, int*)
 .text._ZN6tflite26DoubleFromFractionAndShiftExi
                0x10006f30      0x128 ../../libpico-tflmicro.a(quantization_util.cpp.o)
                0x10006f30                tflite::DoubleFromFractionAndShift(long long, int)
 .text._ZN6tflite21IntegerDoubleMultiplyEdd
                0x10007058      0x24c ../../libpico-tflmicro.a(quantization_util.cpp.o)
                0x10007058                tflite::IntegerDoubleMultiply(double, double)
 .text._ZN6tflite20IntegerDoubleCompareEdd
                0x100072a4      0x1a0 ../../libpico-tflmicro.a(quantization_util.cpp.o)
                0x100072a4                tflite::IntegerDoubleCompare(double, double)
 .text._ZN6tflite24PreprocessSoftmaxScalingEddiPlPi
                0x10007444       0xdc ../../libpico-tflmicro.a(quantization_util.cpp.o)
                0x10007444                tflite::PreprocessSoftmaxScaling(double, double, int, long*, int*)
 .text._ZN6tflite20CalculateInputRadiusEiii
                0x10007520       0x8c ../../libpico-tflmicro.a(quantization_util.cpp.o)
                0x10007520                tflite::CalculateInputRadius(int, int, int)
 .text._ZN6tflite23QuantizeMultiplierArrayEPKdjPlPi
                0x100075ac       0xb4 ../../libpico-tflmicro.a(quantization_util.cpp.o)
                0x100075ac                tflite::QuantizeMultiplierArray(double const*, unsigned int, long*, int*)
 .text._ZN12_GLOBAL__N_19VDebugLogEPKcz.constprop.0
                0x10007660       0x1c ../../libpico-tflmicro.a(micro_log.cpp.o)
 .text._Z11MicroPrintfPKcz
                0x1000767c       0x24 ../../libpico-tflmicro.a(micro_log.cpp.o)
                0x1000767c                MicroPrintf(char const*, ...)
 .text._ZN6tflite16InitializeTargetEv
                0x100076a0        0x8 ../../libpico-tflmicro.a(system_setup.cpp.o)
                0x100076a0                tflite::InitializeTarget()
 .text.DebugLog
                0x100076a8       0x18 ../../libpico-tflmicro.a(system_setup.cpp.o)
                0x100076a8                DebugLog
 .text.abort    0x100076c0       0x10 /usr/lib/gcc/arm-none-eabi/14.2.0/../../../../arm-none-eabi/lib/thumb/v6-m/nofp/libg.a(libc_a-abort.o)
                0x100076c0                abort
 .text.atexit   0x100076d0       0x10 /usr/lib/gcc/arm-none-eabi/14.2.0/../../../../arm-none-eabi/lib/thumb/v6-m/nofp/libg.a(libc_a-atexit.o)
                0x100076d0                atexit
 .text._calloc_r
                0x100076e0       0xa8 /usr/lib/gcc/arm-none-eabi/14.2.0/../../../../arm-none-eabi/lib/thumb/v6-m/nofp/libg.a(libc_a-callocr.o)
                0x100076e0                _calloc_r
 .text._malloc_r
                0x10007788      0x5cc /usr/lib/gcc/arm-none-eabi/14.2.0/../../../../arm-none-eabi/lib/thumb/v6-m/nofp/libg.a(libc_a-mallocr.o)
                0x10007788                _malloc_r
 .text.__malloc_lock
                0x10007d54       0x10 /usr/lib/gcc/arm-none-eabi/14.2.0/../../../../arm-none-eabi/lib/thumb/v6-m/nofp/libg.a(libc_a-mlock.o)
                0x10007d54                __malloc_lock
 .text.__malloc_unlock
                0x10007d64       0x10 /usr/lib/gcc/arm-none-eabi/14.2.0/../../../../arm-none-eabi/lib/thumb/v6-m/nofp/libg.a(libc_a-mlock.o)
                0x10007d64                __malloc_unlock
 .text._realloc_r
                0x10007d74      0x350 /usr/lib/gcc/arm-none-eabi/14.2.0/../../../../arm-none-eabi/lib/thumb/v6-m/nofp/libg.a(libc_a-reallocr.o)
                0x10007d74                _realloc_r
 .text._vfprintf_r
                0x100080c4     0x23c4 /usr/lib/gcc/arm-none-eabi/14.2.0/../../../../arm-none-eabi/lib/thumb/v6-m/nofp/libg.a(libc_a-vfprintf.o)
                0x100080c4                _vfprintf_r
 .text.vfprintf
                0x1000a488       0x18 /usr/lib/gcc/arm-none-eabi/14.2.0/../../../../arm-none-eabi/lib/thumb/v6-m/nofp/libg.a(libc_a-vfprintf.o)
                0x1000a488                vfprintf
 .text.__sbprintf
                0x1000a4a0       0x8c /usr/lib/gcc/arm-none-eabi/14.2.0/../../../../arm-none-eabi/lib/thumb/v6-m/nofp/libg.a(libc_a-vfprintf.o)
 .text.__sprint_r
                0x1000a52c       0x20 /usr/lib/gcc/arm-none-eabi/14.2.0/../../../../arm-none-eabi/lib/thumb/v6-m/nofp/libg.a(libc_a-sprint_r.o)
                0x1000a52c                __sprint_r
 .text.__sflush_r
                0x1000a54c      0x13c /usr/lib/gcc/arm-none-eabi/14.2.0/../../../../arm-none-eabi/lib/thumb/v6-m/nofp/libg.a(libc_a-fflush.o)
                0x1000a54c                __sflush_r
 .text._fflush_r
                0x1000a688       0x68 /usr/lib/gcc/arm-none-eabi/14.2.0/../../../../arm-none-eabi/lib/thumb/v6-m/nofp/libg.a(libc_a-fflush.o)
                0x1000a688                _fflush_r
 .text.stdio_exit_handler
                0x1000a6f0       0x1c /usr/lib/gcc/arm-none-eabi/14.2.0/../../../../arm-none-eabi/lib/thumb/v6-m/nofp/libg.a(libc_a-findfp.o)
 .text.cleanup_stdio
                0x1000a70c       0x3c /usr/lib/gcc/arm-none-eabi/14.2.0/../../../../arm-none-eabi/lib/thumb/v6-m/nofp/libg.a(libc_a-findfp.o)
 .text.global_stdio_init.part.0
                0x1000a748      0x118 /usr/lib/gcc/arm-none-eabi/14.2.0/../../../../arm-none-eabi/lib/thumb/v6-m/nofp/libg.a(libc_a-findfp.o)
 .text.__sinit  0x1000a860       0x38 /usr/lib/gcc/arm-none-eabi/14.2.0/../../../../arm-none-eabi/lib/thumb/v6-m/nofp/libg.a(libc_a-findfp.o)
                0x1000a860                __sinit
 .text.__sfp_lock_acquire
                0x1000a898       0x10 /usr/lib/gcc/arm-none-eabi/14.2.0/../../../../arm-none-eabi/lib/thumb/v6-m/nofp/libg.a(libc_a-findfp.o)
                0x1000a898                __sfp_lock_acquire
 .text.__sfp_lock_release
                0x1000a8a8       0x10 /usr/lib/gcc/arm-none-eabi/14.2.0/../../../../arm-none-eabi/lib/thumb/v6-m/nofp/libg.a(libc_a-findfp.o)
                0x1000a8a8                __sfp_lock_release
 .text.__sfvwrite_r
                0x1000a8b8      0x2e8 /usr/lib/gcc/arm-none-eabi/14.2.0/../../../../arm-none-eabi/lib/thumb/v6-m/nofp/libg.a(libc_a-fvwrite.o)
                0x1000a8b8                __sfvwrite_r
 .text._fwalk_sglue
                0x1000aba0       0x44 /usr/lib/gcc/arm-none-eabi/14.2.0/../../../../arm-none-eabi/lib/thumb/v6-m/nofp/libg.a(libc_a-fwalk.o)
                0x1000aba0                _fwalk_sglue
 .text.__sread  0x1000abe4       0x28 /usr/lib/gcc/arm-none-eabi/14.2.0/../../../../arm-none-eabi/lib/thumb/v6-m/nofp/libg.a(libc_a-stdio.o)
                0x1000abe4                __sread
 .text.__swrite
                0x1000ac0c       0x40 /usr/lib/gcc/arm-none-eabi/14.2.0/../../../../arm-none-eabi/lib/thumb/v6-m/nofp/libg.a(libc_a-stdio.o)
                0x1000ac0c                __swrite
 .text.__sseek  0x1000ac4c       0x2c /usr/lib/gcc/arm-none-eabi/14.2.0/../../../../arm-none-eabi/lib/thumb/v6-m/nofp/libg.a(libc_a-stdio.o)
                0x1000ac4c                __sseek
 .text.__sclose
                0x1000ac78        0xc /usr/lib/gcc/arm-none-eabi/14.2.0/../../../../arm-none-eabi/lib/thumb/v6-m/nofp/libg.a(libc_a-stdio.o)
                0x1000ac78                __sclose
 .text.__swsetup_r
                0x1000ac84      0x100 /usr/lib/gcc/arm-none-eabi/14.2.0/../../../../arm-none-eabi/lib/thumb/v6-m/nofp/libg.a(libc_a-wsetup.o)
                0x1000ac84                __swsetup_r
 .text.memmove  0x1000ad84       0xc4 /usr/lib/gcc/arm-none-eabi/14.2.0/../../../../arm-none-eabi/lib/thumb/v6-m/nofp/libg.a(libc_a-memmove.o)
                0x1000ad84                memmove
 .text.strncpy  0x1000ae48       0x5c /usr/lib/gcc/arm-none-eabi/14.2.0/../../../../arm-none-eabi/lib/thumb/v6-m/nofp/libg.a(libc_a-strncpy.o)
                0x1000ae48                strncpy
 .text.raise    0x1000aea4       0x5c /usr/lib/gcc/arm-none-eabi/14.2.0/../../../../arm-none-eabi/lib/thumb/v6-m/nofp/libg.a(libc_a-signal.o)
                0x1000aea4                raise
 .text._localeconv_r
                0x1000af00        0x8 /usr/lib/gcc/arm-none-eabi/14.2.0/../../../../arm-none-eabi/lib/thumb/v6-m/nofp/libg.a(libc_a-localeconv.o)
                0x1000af00                _localeconv_r
 .text._close_r
                0x1000af08       0x24 /usr/lib/gcc/arm-none-eabi/14.2.0/../../../../arm-none-eabi/lib/thumb/v6-m/nofp/libg.a(libc_a-closer.o)
                0x1000af08                _close_r
 .text._lseek_r
                0x1000af2c       0x28 /usr/lib/gcc/arm-none-eabi/14.2.0/../../../../arm-none-eabi/lib/thumb/v6-m/nofp/libg.a(libc_a-lseekr.o)
                0x1000af2c                _lseek_r
 .text._read_r  0x1000af54       0x28 /usr/lib/gcc/arm-none-eabi/14.2.0/../../../../arm-none-eabi/lib/thumb/v6-m/nofp/libg.a(libc_a-readr.o)
                0x1000af54                _read_r
 .text._kill_r  0x1000af7c       0x28 /usr/lib/gcc/arm-none-eabi/14.2.0/../../../../arm-none-eabi/lib/thumb/v6-m/nofp/libg.a(libc_a-signalr.o)
                0x1000af7c                _kill_r
 .text._getpid_r
                0x1000afa4        0x8 /usr/lib/gcc/arm-none-eabi/14.2.0/../../../../arm-none-eabi/lib/thumb/v6-m/nofp/libg.a(libc_a-signalr.o)
                0x1000afa4                _getpid_r
 .text._sbrk_r  0x1000afac       0x24 /usr/lib/gcc/arm-none-eabi/14.2.0/../../../../arm-none-eabi/lib/thumb/v6-m/nofp/libg.a(libc_a-sbrkr.o)
                0x1000afac                _sbrk_r
 .text._write_r
                0x1000afd0       0x28 /usr/lib/gcc/arm-none-eabi/14.2.0/../../../../arm-none-eabi/lib/thumb/v6-m/nofp/libg.a(libc_a-writer.o)
                0x1000afd0                _write_r
 .text.__errno  0x1000aff8        0xc /usr/lib/gcc/arm-none-eabi/14.2.0/../../../../arm-none-eabi/lib/thumb/v6-m/nofp/libg.a(libc_a-errno.o)
                0x1000aff8                __errno
 .text.__libc_fini_array
                0x1000b004       0x28 /usr/lib/gcc/arm-none-eabi/14.2.0/../../../../arm-none-eabi/lib/thumb/v6-m/nofp/libg.a(libc_a-fini.o)
                0x1000b004                __libc_fini_array
 .text.__retarget_lock_init_recursive
                0x1000b02c        0x4 /usr/lib/gcc/arm-none-eabi/14.2.0/../../../../arm-none-eabi/lib/thumb/v6-m/nofp/libg.a(libc_a-lock.o)
                0x1000b02c                __retarget_lock_init_recursive
 .text.__retarget_lock_close_recursive
                0x1000b030        0x4 /usr/lib/gcc/arm-none-eabi/14.2.0/../../../../arm-none-eabi/lib/thumb/v6-m/nofp/libg.a(libc_a-lock.o)
                0x1000b030                __retarget_lock_close_recursive
 .text.__retarget_lock_acquire_recursive
                0x1000b034        0x4 /usr/lib/gcc/arm-none-eabi/14.2.0/../../../../arm-none-eabi/lib/thumb/v6-m/nofp/libg.a(libc_a-lock.o)
                0x1000b034                __retarget_lock_acquire_recursive
 .text.__retarget_lock_release_recursive
                0x1000b038        0x4 /usr/lib/gcc/arm-none-eabi/14.2.0/../../../../arm-none-eabi/lib/thumb/v6-m/nofp/libg.a(libc_a-lock.o)
                0x1000b038                __retarget_lock_release_recursive
 .text.sysconf  0x1000b03c       0x1c /usr/lib/gcc/arm-none-eabi/14.2.0/../../../../arm-none-eabi/lib/thumb/v6-m/nofp/libg.a(libc_a-sysconf.o)
                0x1000b03c                sysconf
 .text.memchr   0x1000b058       0x7c /usr/lib/gcc/arm-none-eabi/14.2.0/../../../../arm-none-eabi/lib/thumb/v6-m/nofp/libg.a(libc_a-memchr-stub.o)
                0x1000b058                memchr
 .text.strlen   0x1000b0d4       0x5c /usr/lib/gcc/arm-none-eabi/14.2.0/../../../../arm-none-eabi/lib/thumb/v6-m/nofp/libg.a(libc_a-strlen-stub.o)
                0x1000b0d4                strlen
 .text.__register_exitproc
                0x1000b130       0xa8 /usr/lib/gcc/arm-none-eabi/14.2.0/../../../../arm-none-eabi/lib/thumb/v6-m/nofp/libg.a(libc_a-__atexit.o)
                0x1000b130                __register_exitproc
 .text.startup.register_fini
                0x1000b1d8       0x18 /usr/lib/gcc/arm-none-eabi/14.2.0/../../../../arm-none-eabi/lib/thumb/v6-m/nofp/libg.a(libc_a-__call_atexit.o)
 .text.quorem   0x1000b1f0      0x150 /usr/lib/gcc/arm-none-eabi/14.2.0/../../../../arm-none-eabi/lib/thumb/v6-m/nofp/libg.a(libc_a-dtoa.o)
 .text._dtoa_r  0x1000b340     0x1110 /usr/lib/gcc/arm-none-eabi/14.2.0/../../../../arm-none-eabi/lib/thumb/v6-m/nofp/libg.a(libc_a-dtoa.o)
                0x1000b340                _dtoa_r
 .text._malloc_trim_r
                0x1000c450       0xb4 /usr/lib/gcc/arm-none-eabi/14.2.0/../../../../arm-none-eabi/lib/thumb/v6-m/nofp/libg.a(libc_a-freer.o)
                0x1000c450                _malloc_trim_r
 .text._free_r  0x1000c504      0x1f0 /usr/lib/gcc/arm-none-eabi/14.2.0/../../../../arm-none-eabi/lib/thumb/v6-m/nofp/libg.a(libc_a-freer.o)
                0x1000c504                _free_r
 .text._Balloc  0x1000c6f4       0x50 /usr/lib/gcc/arm-none-eabi/14.2.0/../../../../arm-none-eabi/lib/thumb/v6-m/nofp/libg.a(libc_a-mprec.o)
                0x1000c6f4                _Balloc
 .text._Bfree   0x1000c744       0x14 /usr/lib/gcc/arm-none-eabi/14.2.0/../../../../arm-none-eabi/lib/thumb/v6-m/nofp/libg.a(libc_a-mprec.o)
                0x1000c744                _Bfree
 .text.__multadd
                0x1000c758       0xa4 /usr/lib/gcc/arm-none-eabi/14.2.0/../../../../arm-none-eabi/lib/thumb/v6-m/nofp/libg.a(libc_a-mprec.o)
                0x1000c758                __multadd
 .text.__hi0bits
                0x1000c7fc       0x60 /usr/lib/gcc/arm-none-eabi/14.2.0/../../../../arm-none-eabi/lib/thumb/v6-m/nofp/libg.a(libc_a-mprec.o)
                0x1000c7fc                __hi0bits
 .text.__lo0bits
                0x1000c85c       0x90 /usr/lib/gcc/arm-none-eabi/14.2.0/../../../../arm-none-eabi/lib/thumb/v6-m/nofp/libg.a(libc_a-mprec.o)
                0x1000c85c                __lo0bits
 .text.__i2b    0x1000c8ec       0x60 /usr/lib/gcc/arm-none-eabi/14.2.0/../../../../arm-none-eabi/lib/thumb/v6-m/nofp/libg.a(libc_a-mprec.o)
                0x1000c8ec                __i2b
 .text.__multiply
                0x1000c94c      0x1b0 /usr/lib/gcc/arm-none-eabi/14.2.0/../../../../arm-none-eabi/lib/thumb/v6-m/nofp/libg.a(libc_a-mprec.o)
                0x1000c94c                __multiply
 .text.__pow5mult
                0x1000cafc       0xd8 /usr/lib/gcc/arm-none-eabi/14.2.0/../../../../arm-none-eabi/lib/thumb/v6-m/nofp/libg.a(libc_a-mprec.o)
                0x1000cafc                __pow5mult
 .text.__lshift
                0x1000cbd4       0xfc /usr/lib/gcc/arm-none-eabi/14.2.0/../../../../arm-none-eabi/lib/thumb/v6-m/nofp/libg.a(libc_a-mprec.o)
                0x1000cbd4                __lshift
 .text.__mcmp   0x1000ccd0       0x3c /usr/lib/gcc/arm-none-eabi/14.2.0/../../../../arm-none-eabi/lib/thumb/v6-m/nofp/libg.a(libc_a-mprec.o)
                0x1000ccd0                __mcmp
 .text.__mdiff  0x1000cd0c      0x1a8 /usr/lib/gcc/arm-none-eabi/14.2.0/../../../../arm-none-eabi/lib/thumb/v6-m/nofp/libg.a(libc_a-mprec.o)
                0x1000cd0c                __mdiff
 .text.__d2b    0x1000ceb4       0xc4 /usr/lib/gcc/arm-none-eabi/14.2.0/../../../../arm-none-eabi/lib/thumb/v6-m/nofp/libg.a(libc_a-mprec.o)
                0x1000ceb4                __d2b
 .text._fclose_r
                0x1000cf78       0xcc /usr/lib/gcc/arm-none-eabi/14.2.0/../../../../arm-none-eabi/lib/thumb/v6-m/nofp/libg.a(libc_a-fclose.o)
                0x1000cf78                _fclose_r
 .text.__smakebuf_r
                0x1000d044       0xd4 /usr/lib/gcc/arm-none-eabi/14.2.0/../../../../arm-none-eabi/lib/thumb/v6-m/nofp/libg.a(libc_a-makebuf.o)
                0x1000d044                __smakebuf_r
 .text._fstat_r
                0x1000d118       0x28 /usr/lib/gcc/arm-none-eabi/14.2.0/../../../../arm-none-eabi/lib/thumb/v6-m/nofp/libg.a(libc_a-fstatr.o)
                0x1000d118                _fstat_r
 .text._isatty_r
                0x1000d140       0x24 /usr/lib/gcc/arm-none-eabi/14.2.0/../../../../arm-none-eabi/lib/thumb/v6-m/nofp/libg.a(libc_a-isattyr.o)
                0x1000d140                _isatty_r
 .text.__ascii_mbtowc
                0x1000d164       0x2c /usr/lib/gcc/arm-none-eabi/14.2.0/../../../../arm-none-eabi/lib/thumb/v6-m/nofp/libg.a(libc_a-mbtowc_r.o)
                0x1000d164                __ascii_mbtowc
 .text.__ascii_wctomb
                0x1000d190       0x1c /usr/lib/gcc/arm-none-eabi/14.2.0/../../../../arm-none-eabi/lib/thumb/v6-m/nofp/libg.a(libc_a-wctomb_r.o)
                0x1000d190                __ascii_wctomb
 *(.fini)
 .fini          0x1000d1ac        0x4 /usr/lib/gcc/arm-none-eabi/14.2.0/thumb/v6-m/nofp/crti.o
                0x1000d1ac                _fini
 .fini.__stub   0x1000d1b0       0xd0 linker stubs
 *crtbegin.o(.ctors)
 *crtbegin?.o(.ctors)
 *(EXCLUDE_FILE(*crtend.o *crtend?.o) .ctors)
 *(SORT_BY_NAME(.ctors.*))
 *(.ctors)
 *crtbegin.o(.dtors)
 *crtbegin?.o(.dtors)
 *(EXCLUDE_FILE(*crtend.o *crtend?.o) .dtors)
 *(SORT_BY_NAME(.dtors.*))
 *(.dtors)
                0x1000d280                        . = ALIGN (0x4)
                0x1000d280                        PROVIDE (__preinit_array_start = .)
 *(SORT_BY_NAME(.preinit_array.*))
 .preinit_array.00100
                0x1000d280        0x4 CMakeFiles/kernels_quantization_util_test.dir/home/weddingc4ke/.pico-sdk/sdk/2.1.0/src/rp2_common/pico_runtime_init/runtime_init.c.o
                0x1000d280                __pre_init_runtime_init_early_resets
 .preinit_array.00101
                0x1000d284        0x4 CMakeFiles/kernels_quantization_util_test.dir/home/weddingc4ke/.pico-sdk/sdk/2.1.0/src/rp2_common/pico_runtime_init/runtime_init.c.o
                0x1000d284                __pre_init_runtime_init_usb_power_down
 .preinit_array.00275
                0x1000d288        0x4 CMakeFiles/kernels_quantization_util_test.dir/home/weddingc4ke/.pico-sdk/sdk/2.1.0/src/rp2_common/pico_bit_ops/bit_ops_aeabi.S.o
 .preinit_array.00300
                0x1000d28c        0x4 CMakeFiles/kernels_quantization_util_test.dir/home/weddingc4ke/.pico-sdk/sdk/2.1.0/src/rp2_common/pico_mem_ops/mem_ops_aeabi.S.o
 .preinit_array.00350
                0x1000d290        0x4 CMakeFiles/kernels_quantization_util_test.dir/home/weddingc4ke/.pico-sdk/sdk/2.1.0/src/rp2_common/pico_double/double_aeabi_rp2040.S.o
 .preinit_array.00350
                0x1000d294        0x4 CMakeFiles/kernels_quantization_util_test.dir/home/weddingc4ke/.pico-sdk/sdk/2.1.0/src/rp2_common/pico_float/float_aeabi_rp2040.S.o
 .preinit_array.00500
                0x1000d298        0x4 CMakeFiles/kernels_quantization_util_test.dir/home/weddingc4ke/.pico-sdk/sdk/2.1.0/src/rp2_common/pico_runtime_init/runtime_init.c.o
                0x1000d298                __pre_init_runtime_init_clocks
 .preinit_array.00600
                0x1000d29c        0x4 CMakeFiles/kernels_quantization_util_test.dir/home/weddingc4ke/.pico-sdk/sdk/2.1.0/src/rp2_common/pico_runtime_init/runtime_init.c.o
                0x1000d29c                __pre_init_runtime_init_post_clock_resets
 .preinit_array.00700
                0x1000d2a0        0x4 CMakeFiles/kernels_quantization_util_test.dir/home/weddingc4ke/.pico-sdk/sdk/2.1.0/src/rp2_common/pico_runtime_init/runtime_init.c.o
                0x1000d2a0                __pre_init_runtime_init_rp2040_gpio_ie_disable
 .preinit_array.01000
                0x1000d2a4        0x4 CMakeFiles/kernels_quantization_util_test.dir/home/weddingc4ke/.pico-sdk/sdk/2.1.0/src/rp2_common/pico_runtime_init/runtime_init.c.o
                0x1000d2a4                __pre_init_runtime_init_spin_locks_reset
 .preinit_array.01100
                0x1000d2a8        0x4 CMakeFiles/kernels_quantization_util_test.dir/home/weddingc4ke/.pico-sdk/sdk/2.1.0/src/common/pico_sync/mutex.c.o
                0x1000d2a8                __pre_init_runtime_init_mutex
 .preinit_array.10080
                0x1000d2ac        0x4 CMakeFiles/kernels_quantization_util_test.dir/home/weddingc4ke/.pico-sdk/sdk/2.1.0/src/rp2_common/pico_runtime_init/runtime_init.c.o
                0x1000d2ac                __pre_init_runtime_init_install_ram_vector_table
 .preinit_array.11000
                0x1000d2b0        0x4 CMakeFiles/kernels_quantization_util_test.dir/home/weddingc4ke/.pico-sdk/sdk/2.1.0/src/common/pico_time/time.c.o
                0x1000d2b0                __pre_init_runtime_init_default_alarm_pool
 .preinit_array.YYYYY
                0x1000d2b4        0x4 CMakeFiles/kernels_quantization_util_test.dir/home/weddingc4ke/.pico-sdk/sdk/2.1.0/src/rp2_common/pico_runtime/runtime.c.o
                0x1000d2b4                __pre_init_first_per_core_initializer
 .preinit_array.ZZZZZ.01200
                0x1000d2b8        0x4 CMakeFiles/kernels_quantization_util_test.dir/home/weddingc4ke/.pico-sdk/sdk/2.1.0/src/rp2_common/hardware_irq/irq.c.o
                0x1000d2b8                __pre_init_runtime_init_per_core_irq_priorities
 *(.preinit_array)
                0x1000d2bc                        PROVIDE (__preinit_array_end = .)
                0x1000d2bc                        . = ALIGN (0x4)
                0x1000d2bc                        PROVIDE (__init_array_start = .)
 *(SORT_BY_NAME(.init_array.*))
 .init_array.00000
                0x1000d2bc        0x4 /usr/lib/gcc/arm-none-eabi/14.2.0/../../../../arm-none-eabi/lib/thumb/v6-m/nofp/libg.a(libc_a-__call_atexit.o)
 *(.init_array)
 .init_array    0x1000d2c0        0x4 /usr/lib/gcc/arm-none-eabi/14.2.0/thumb/v6-m/nofp/crtbegin.o
 .init_array    0x1000d2c4        0x4 CMakeFiles/kernels_quantization_util_test.dir/home/weddingc4ke/.pico-sdk/sdk/2.1.0/src/rp2_common/pico_unique_id/unique_id.c.o
                0x1000d2c8                        PROVIDE (__init_array_end = .)
                0x1000d2c8                        . = ALIGN (0x4)
                0x1000d2c8                        PROVIDE (__fini_array_start = .)
 *(SORT_BY_NAME(.fini_array.*))
 *(.fini_array)
                0x1000d2c8                        PROVIDE (__fini_array_end = .)
 *(.eh_frame*)
 .eh_frame      0x1000d2c8        0x0 /usr/lib/gcc/arm-none-eabi/14.2.0/thumb/v6-m/nofp/crtbegin.o
                0x1000d2c8                        . = ALIGN (0x4)

.glue_7         0x1000d2c8        0x0
 .glue_7        0x1000d2c8        0x0 linker stubs

.glue_7t        0x1000d2c8        0x0
 .glue_7t       0x1000d2c8        0x0 linker stubs

.vfp11_veneer   0x1000d2c8        0x0
 .vfp11_veneer  0x1000d2c8        0x0 linker stubs

.v4_bx          0x1000d2c8        0x0
 .v4_bx         0x1000d2c8        0x0 linker stubs

.iplt           0x1000d2c8        0x0
 .iplt          0x1000d2c8        0x0 /usr/lib/gcc/arm-none-eabi/14.2.0/thumb/v6-m/nofp/crtbegin.o

.rodata         0x1000d2c8     0x1bfc
 *(EXCLUDE_FILE(*libm.a: *libc.a:*lib_a-mem*.o *libgcc.a:) .rodata*)
 .rodata.main.str1.4
                0x1000d2c8     0x14aa CMakeFiles/kernels_quantization_util_test.dir/quantization_util_test.cpp.o
                               0x1201 (size before relaxing)
 *fill*         0x1000e772        0x6 
 .rodata        0x1000e778       0x68 CMakeFiles/kernels_quantization_util_test.dir/quantization_util_test.cpp.o
 .rodata.panic.str1.4
                0x1000e7e0       0x12 CMakeFiles/kernels_quantization_util_test.dir/home/weddingc4ke/.pico-sdk/sdk/2.1.0/src/rp2_common/pico_platform_panic/panic.c.o
 .rodata.spin_lock_claim_unused.str1.4
                0x1000e7e0       0x1b CMakeFiles/kernels_quantization_util_test.dir/home/weddingc4ke/.pico-sdk/sdk/2.1.0/src/rp2_common/hardware_sync/sync.c.o
 .rodata.user_irq_claim_unused.str1.4
                0x1000e7e0       0x1b CMakeFiles/kernels_quantization_util_test.dir/home/weddingc4ke/.pico-sdk/sdk/2.1.0/src/rp2_common/hardware_irq/irq.c.o
 .rodata.at_the_end_of_time
                0x1000e7e0        0x8 CMakeFiles/kernels_quantization_util_test.dir/home/weddingc4ke/.pico-sdk/sdk/2.1.0/src/common/pico_time/time.c.o
                0x1000e7e0                at_the_end_of_time
 .rodata.timer_hardware_alarm_claim.str1.4
                0x1000e7e8       0x22 CMakeFiles/kernels_quantization_util_test.dir/home/weddingc4ke/.pico-sdk/sdk/2.1.0/src/rp2_common/hardware_timer/timer.c.o
 .rodata.hard_assertion_failure.str1.4
                0x1000e7e8        0xc CMakeFiles/kernels_quantization_util_test.dir/home/weddingc4ke/.pico-sdk/sdk/2.1.0/src/rp2_common/pico_runtime/runtime.c.o
 .rodata.str1.4
                0x1000e7e8       0x54 CMakeFiles/kernels_quantization_util_test.dir/home/weddingc4ke/.pico-sdk/sdk/2.1.0/src/rp2_common/pico_standard_binary_info/standard_binary_info.c.o
 .rodata.__bi_84
                0x1000e7e8        0xc CMakeFiles/kernels_quantization_util_test.dir/home/weddingc4ke/.pico-sdk/sdk/2.1.0/src/rp2_common/pico_standard_binary_info/standard_binary_info.c.o
 .rodata.__bi_78
                0x1000e7f4        0xc CMakeFiles/kernels_quantization_util_test.dir/home/weddingc4ke/.pico-sdk/sdk/2.1.0/src/rp2_common/pico_standard_binary_info/standard_binary_info.c.o
 .rodata.__bi_54
                0x1000e800        0xc CMakeFiles/kernels_quantization_util_test.dir/home/weddingc4ke/.pico-sdk/sdk/2.1.0/src/rp2_common/pico_standard_binary_info/standard_binary_info.c.o
 .rodata.__bi_48
                0x1000e80c        0xc CMakeFiles/kernels_quantization_util_test.dir/home/weddingc4ke/.pico-sdk/sdk/2.1.0/src/rp2_common/pico_standard_binary_info/standard_binary_info.c.o
 .rodata.__bi_42
                0x1000e818        0xc CMakeFiles/kernels_quantization_util_test.dir/home/weddingc4ke/.pico-sdk/sdk/2.1.0/src/rp2_common/pico_standard_binary_info/standard_binary_info.c.o
 .rodata.__bi_34
                0x1000e824        0xc CMakeFiles/kernels_quantization_util_test.dir/home/weddingc4ke/.pico-sdk/sdk/2.1.0/src/rp2_common/pico_standard_binary_info/standard_binary_info.c.o
 .rodata.__bi_26
                0x1000e830        0xc CMakeFiles/kernels_quantization_util_test.dir/home/weddingc4ke/.pico-sdk/sdk/2.1.0/src/rp2_common/pico_standard_binary_info/standard_binary_info.c.o
 .rodata.__assert_func.str1.4
                0x1000e83c       0x43 CMakeFiles/kernels_quantization_util_test.dir/home/weddingc4ke/.pico-sdk/sdk/2.1.0/src/rp2_common/pico_clib_interface/newlib_interface.c.o
 .rodata.crlf_str.0
                0x1000e83c        0x2 CMakeFiles/kernels_quantization_util_test.dir/home/weddingc4ke/.pico-sdk/sdk/2.1.0/src/rp2_common/pico_stdio/stdio.c.o
 *fill*         0x1000e83e        0x2 
 .rodata._resetd_driver
                0x1000e840       0x20 CMakeFiles/kernels_quantization_util_test.dir/home/weddingc4ke/.pico-sdk/sdk/2.1.0/src/rp2_common/pico_stdio_usb/reset_interface.c.o
 .rodata.desc_ms_os_20
                0x1000e860       0xa6 CMakeFiles/kernels_quantization_util_test.dir/home/weddingc4ke/.pico-sdk/sdk/2.1.0/src/rp2_common/pico_stdio_usb/reset_interface.c.o
 *fill*         0x1000e906        0x2 
 .rodata.desc_bos
                0x1000e908       0x21 CMakeFiles/kernels_quantization_util_test.dir/home/weddingc4ke/.pico-sdk/sdk/2.1.0/src/rp2_common/pico_stdio_usb/reset_interface.c.o
                0x1000e908                desc_bos
 .rodata.str1.4
                0x1000e929       0x13 CMakeFiles/kernels_quantization_util_test.dir/home/weddingc4ke/.pico-sdk/sdk/2.1.0/src/rp2_common/pico_stdio_usb/stdio_usb.c.o
 *fill*         0x1000e929        0x3 
 .rodata.__bi_197.0
                0x1000e92c        0xc CMakeFiles/kernels_quantization_util_test.dir/home/weddingc4ke/.pico-sdk/sdk/2.1.0/src/rp2_common/pico_stdio_usb/stdio_usb.c.o
 .rodata.str1.4
                0x1000e938       0x2a CMakeFiles/kernels_quantization_util_test.dir/home/weddingc4ke/.pico-sdk/sdk/2.1.0/src/rp2_common/pico_stdio_usb/stdio_usb_descriptors.c.o
 .rodata.usbd_desc_str
                0x1000e938       0x18 CMakeFiles/kernels_quantization_util_test.dir/home/weddingc4ke/.pico-sdk/sdk/2.1.0/src/rp2_common/pico_stdio_usb/stdio_usb_descriptors.c.o
 .rodata.usbd_desc_cfg
                0x1000e950       0x54 CMakeFiles/kernels_quantization_util_test.dir/home/weddingc4ke/.pico-sdk/sdk/2.1.0/src/rp2_common/pico_stdio_usb/stdio_usb_descriptors.c.o
 .rodata.usbd_desc_device
                0x1000e9a4       0x12 CMakeFiles/kernels_quantization_util_test.dir/home/weddingc4ke/.pico-sdk/sdk/2.1.0/src/rp2_common/pico_stdio_usb/stdio_usb_descriptors.c.o
 .rodata.str1.4
                0x1000e9b6       0x14 CMakeFiles/kernels_quantization_util_test.dir/home/weddingc4ke/.pico-sdk/sdk/2.1.0/lib/tinyusb/src/portable/raspberrypi/rp2040/dcd_rp2040.c.o
 .rodata.str1.4
                0x1000e9b6       0x48 CMakeFiles/kernels_quantization_util_test.dir/home/weddingc4ke/.pico-sdk/sdk/2.1.0/lib/tinyusb/src/portable/raspberrypi/rp2040/rp2040_usb.c.o
 *fill*         0x1000e9b6        0x2 
 .rodata.tud_task_ext
                0x1000e9b8       0x8c CMakeFiles/kernels_quantization_util_test.dir/home/weddingc4ke/.pico-sdk/sdk/2.1.0/lib/tinyusb/src/device/usbd.c.o
 .rodata        0x1000ea44       0x1c CMakeFiles/kernels_quantization_util_test.dir/home/weddingc4ke/.pico-sdk/sdk/2.1.0/lib/tinyusb/src/device/usbd.c.o
 .rodata._usbd_driver
                0x1000ea60       0x40 CMakeFiles/kernels_quantization_util_test.dir/home/weddingc4ke/.pico-sdk/sdk/2.1.0/lib/tinyusb/src/device/usbd.c.o
 .rodata._ZN12_GLOBAL__N_19VDebugLogEPKcz.constprop.0.str1.4
                0x1000eaa0        0x3 ../../libpico-tflmicro.a(micro_log.cpp.o)
 .rodata._vfprintf_r.str1.4
                0x1000eaa0       0x42 /usr/lib/gcc/arm-none-eabi/14.2.0/../../../../arm-none-eabi/lib/thumb/v6-m/nofp/libg.a(libc_a-vfprintf.o)
 .rodata._vfprintf_r
                0x1000eaa0      0x204 /usr/lib/gcc/arm-none-eabi/14.2.0/../../../../arm-none-eabi/lib/thumb/v6-m/nofp/libg.a(libc_a-vfprintf.o)
 .rodata.zeroes.0
                0x1000eca4       0x10 /usr/lib/gcc/arm-none-eabi/14.2.0/../../../../arm-none-eabi/lib/thumb/v6-m/nofp/libg.a(libc_a-vfprintf.o)
 .rodata.blanks.1
                0x1000ecb4       0x10 /usr/lib/gcc/arm-none-eabi/14.2.0/../../../../arm-none-eabi/lib/thumb/v6-m/nofp/libg.a(libc_a-vfprintf.o)
 .rodata._dtoa_r.str1.4
                0x1000ecc4       0x6a /usr/lib/gcc/arm-none-eabi/14.2.0/../../../../arm-none-eabi/lib/thumb/v6-m/nofp/libg.a(libc_a-dtoa.o)
 .rodata.__multadd.str1.4
                0x1000ecc4       0x57 /usr/lib/gcc/arm-none-eabi/14.2.0/../../../../arm-none-eabi/lib/thumb/v6-m/nofp/libg.a(libc_a-mprec.o)
 .rodata.p05.0  0x1000ecc4        0xc /usr/lib/gcc/arm-none-eabi/14.2.0/../../../../arm-none-eabi/lib/thumb/v6-m/nofp/libg.a(libc_a-mprec.o)
 .rodata.__mprec_bigtens
                0x1000ecd0       0x28 /usr/lib/gcc/arm-none-eabi/14.2.0/../../../../arm-none-eabi/lib/thumb/v6-m/nofp/libg.a(libc_a-mprec.o)
                0x1000ecd0                __mprec_bigtens
 .rodata.__mprec_tens
                0x1000ecf8       0xc8 /usr/lib/gcc/arm-none-eabi/14.2.0/../../../../arm-none-eabi/lib/thumb/v6-m/nofp/libg.a(libc_a-mprec.o)
                0x1000ecf8                __mprec_tens
 .rodata._ctype_
                0x1000edc0      0x101 /usr/lib/gcc/arm-none-eabi/14.2.0/../../../../arm-none-eabi/lib/thumb/v6-m/nofp/libg.a(libc_a-ctype_.o)
                0x1000edc0                _ctype_
 .rodata._setlocale_r.str1.4
                0x1000eec1        0xd /usr/lib/gcc/arm-none-eabi/14.2.0/../../../../arm-none-eabi/lib/thumb/v6-m/nofp/libg.a(libc_a-locale.o)
 .rodata.str1.4
                0x1000eec1        0x2 /usr/lib/gcc/arm-none-eabi/14.2.0/../../../../arm-none-eabi/lib/thumb/v6-m/nofp/libg.a(libc_a-locale.o)
                0x1000eed0                        . = ALIGN (0x4)
 *fill*         0x1000eec1        0x3 
 *(SORT_BY_ALIGNMENT(SORT_BY_NAME(.flashdata*)))
                0x1000eec4                        . = ALIGN (0x4)

.ARM.extab
 *(.ARM.extab* .gnu.linkonce.armextab.*)
                0x1000eec4                        __exidx_start = .

.ARM.exidx
 *(.ARM.exidx* .gnu.linkonce.armexidx.*)
                0x1000eec4                        __exidx_end = .
                0x1000eec4                        . = ALIGN (0x4)
                0x1000eec4                        __binary_info_start = .

.binary_info    0x1000eec4       0x20
 *(.binary_info.keep.*)
 .binary_info.keep.__bi_ptr84
                0x1000eec4        0x4 CMakeFiles/kernels_quantization_util_test.dir/home/weddingc4ke/.pico-sdk/sdk/2.1.0/src/rp2_common/pico_standard_binary_info/standard_binary_info.c.o
 .binary_info.keep.__bi_ptr78
                0x1000eec8        0x4 CMakeFiles/kernels_quantization_util_test.dir/home/weddingc4ke/.pico-sdk/sdk/2.1.0/src/rp2_common/pico_standard_binary_info/standard_binary_info.c.o
 .binary_info.keep.__bi_ptr54
                0x1000eecc        0x4 CMakeFiles/kernels_quantization_util_test.dir/home/weddingc4ke/.pico-sdk/sdk/2.1.0/src/rp2_common/pico_standard_binary_info/standard_binary_info.c.o
 .binary_info.keep.__bi_ptr48
                0x1000eed0        0x4 CMakeFiles/kernels_quantization_util_test.dir/home/weddingc4ke/.pico-sdk/sdk/2.1.0/src/rp2_common/pico_standard_binary_info/standard_binary_info.c.o
 .binary_info.keep.__bi_ptr42
                0x1000eed4        0x4 CMakeFiles/kernels_quantization_util_test.dir/home/weddingc4ke/.pico-sdk/sdk/2.1.0/src/rp2_common/pico_standard_binary_info/standard_binary_info.c.o
 .binary_info.keep.__bi_ptr34
                0x1000eed8        0x4 CMakeFiles/kernels_quantization_util_test.dir/home/weddingc4ke/.pico-sdk/sdk/2.1.0/src/rp2_common/pico_standard_binary_info/standard_binary_info.c.o
 .binary_info.keep.__bi_ptr26
                0x1000eedc        0x4 CMakeFiles/kernels_quantization_util_test.dir/home/weddingc4ke/.pico-sdk/sdk/2.1.0/src/rp2_common/pico_standard_binary_info/standard_binary_info.c.o
 *(.binary_info.*)
 .binary_info.__bi_ptr197
                0x1000eee0        0x4 CMakeFiles/kernels_quantization_util_test.dir/home/weddingc4ke/.pico-sdk/sdk/2.1.0/src/rp2_common/pico_stdio_usb/stdio_usb.c.o
                0x1000eee4                        __binary_info_end = .

.rel.dyn        0x1000eee4        0x0
 .rel.iplt      0x1000eee4        0x0 /usr/lib/gcc/arm-none-eabi/14.2.0/thumb/v6-m/nofp/crtbegin.o
                0x1000eee4                        . = ALIGN (0x4)

.ram_vector_table
                0x20000000       0xc0
 *(.ram_vector_table)
 .ram_vector_table
                0x20000000       0xc0 CMakeFiles/kernels_quantization_util_test.dir/home/weddingc4ke/.pico-sdk/sdk/2.1.0/src/rp2_common/pico_runtime_init/runtime_init.c.o
                0x20000000                ram_vector_table

.uninitialized_data
                0x200000c0        0x0
                0x200000c0                        . = ALIGN (0x4)
 *(.uninitialized_data*)

.data           0x200000c0     0x1738 load address 0x1000eee4
                0x200000c0                        __data_start__ = .
 *(vtable)
 *(.time_critical*)
 .time_critical.mutex_try_enter
                0x200000c0       0x40 CMakeFiles/kernels_quantization_util_test.dir/home/weddingc4ke/.pico-sdk/sdk/2.1.0/src/common/pico_sync/mutex.c.o
                0x200000c0                mutex_try_enter
 .time_critical.mutex_try_enter_block_until
                0x20000100       0x98 CMakeFiles/kernels_quantization_util_test.dir/home/weddingc4ke/.pico-sdk/sdk/2.1.0/src/common/pico_sync/mutex.c.o
                0x20000100                mutex_try_enter_block_until
 .time_critical.mutex_enter_timeout_ms
                0x20000198       0x8c CMakeFiles/kernels_quantization_util_test.dir/home/weddingc4ke/.pico-sdk/sdk/2.1.0/src/common/pico_sync/mutex.c.o
                0x20000198                mutex_enter_timeout_ms
 .time_critical.mutex_exit
                0x20000224       0x28 CMakeFiles/kernels_quantization_util_test.dir/home/weddingc4ke/.pico-sdk/sdk/2.1.0/src/common/pico_sync/mutex.c.o
                0x20000224                mutex_exit
 .time_critical.flash_init_boot2_copyout
                0x2000024c       0x30 CMakeFiles/kernels_quantization_util_test.dir/home/weddingc4ke/.pico-sdk/sdk/2.1.0/src/rp2_common/hardware_flash/flash.c.o
 .time_critical.flash_enable_xip_via_boot2