Archive member included to satisfy reference by file (symbol)

../../libpico-tflmicro.a(micro_log.cpp.o)
                              CMakeFiles/image_provider_test.dir/image_provider_test.cpp.o (MicroPrintf(char const*, ...))
../../libpico-tflmicro.a(system_setup.cpp.o)
                              CMakeFiles/image_provider_test.dir/image_provider_test.cpp.o (tflite::InitializeTarget())
../../libpico-tflmicro.a(micro_error_reporter.cpp.o)
                              CMakeFiles/image_provider_test.dir/image_provider_test.cpp.o (vtable for tflite::MicroErrorReporter)
/usr/lib/gcc/arm-none-eabi/14.2.0/thumb/v6-m/nofp/libgcc.a(_dvmd_tls.o)
                              CMakeFiles/image_provider_test.dir/home/weddingc4ke/.pico-sdk/sdk/2.1.0/src/rp2_common/pico_divider/divider_hardware.S.o (__aeabi_idiv0)
/usr/lib/gcc/arm-none-eabi/14.2.0/../../../../arm-none-eabi/lib/thumb/v6-m/nofp/libg.a(libc_a-atexit.o)
                              /usr/lib/gcc/arm-none-eabi/14.2.0/../../../../arm-none-eabi/lib/thumb/v6-m/nofp/crt0.o (atexit)
/usr/lib/gcc/arm-none-eabi/14.2.0/../../../../arm-none-eabi/lib/thumb/v6-m/nofp/libg.a(libc_a-calloc.o)
                              CMakeFiles/image_provider_test.dir/home/weddingc4ke/.pico-sdk/sdk/2.1.0/src/rp2_common/pico_malloc/malloc.c.o (calloc)
/usr/lib/gcc/arm-none-eabi/14.2.0/../../../../arm-none-eabi/lib/thumb/v6-m/nofp/libg.a(libc_a-callocr.o)
                              /usr/lib/gcc/arm-none-eabi/14.2.0/../../../../arm-none-eabi/lib/thumb/v6-m/nofp/libg.a(libc_a-calloc.o) (_calloc_r)
/usr/lib/gcc/arm-none-eabi/14.2.0/../../../../arm-none-eabi/lib/thumb/v6-m/nofp/libg.a(libc_a-malloc.o)
                              CMakeFiles/image_provider_test.dir/home/weddingc4ke/.pico-sdk/sdk/2.1.0/src/rp2_common/pico_malloc/malloc.c.o (malloc)
/usr/lib/gcc/arm-none-eabi/14.2.0/../../../../arm-none-eabi/lib/thumb/v6-m/nofp/libg.a(libc_a-mallocr.o)
                              /usr/lib/gcc/arm-none-eabi/14.2.0/../../../../arm-none-eabi/lib/thumb/v6-m/nofp/libg.a(libc_a-callocr.o) (_malloc_r)
/usr/lib/gcc/arm-none-eabi/14.2.0/../../../../arm-none-eabi/lib/thumb/v6-m/nofp/libg.a(libc_a-mlock.o)
                              /usr/lib/gcc/arm-none-eabi/14.2.0/../../../../arm-none-eabi/lib/thumb/v6-m/nofp/libg.a(libc_a-mallocr.o) (__malloc_lock)
/usr/lib/gcc/arm-none-eabi/14.2.0/../../../../arm-none-eabi/lib/thumb/v6-m/nofp/libg.a(libc_a-realloc.o)
                              CMakeFiles/image_provider_test.dir/home/weddingc4ke/.pico-sdk/sdk/2.1.0/src/rp2_common/pico_malloc/malloc.c.o (realloc)
/usr/lib/gcc/arm-none-eabi/14.2.0/../../../../arm-none-eabi/lib/thumb/v6-m/nofp/libg.a(libc_a-reallocr.o)
                              /usr/lib/gcc/arm-none-eabi/14.2.0/../../../../arm-none-eabi/lib/thumb/v6-m/nofp/libg.a(libc_a-realloc.o) (_realloc_r)
/usr/lib/gcc/arm-none-eabi/14.2.0/../../../../arm-none-eabi/lib/thumb/v6-m/nofp/libg.a(libc_a-vfprintf.o)
                              ../../libpico-tflmicro.a(system_setup.cpp.o) (vfprintf)
/usr/lib/gcc/arm-none-eabi/14.2.0/../../../../arm-none-eabi/lib/thumb/v6-m/nofp/libg.a(libc_a-sprint_r.o)
                              /usr/lib/gcc/arm-none-eabi/14.2.0/../../../../arm-none-eabi/lib/thumb/v6-m/nofp/libg.a(libc_a-vfprintf.o) (__sprint_r)
/usr/lib/gcc/arm-none-eabi/14.2.0/../../../../arm-none-eabi/lib/thumb/v6-m/nofp/libg.a(libc_a-fflush.o)
                              /usr/lib/gcc/arm-none-eabi/14.2.0/../../../../arm-none-eabi/lib/thumb/v6-m/nofp/libg.a(libc_a-vfprintf.o) (_fflush_r)
/usr/lib/gcc/arm-none-eabi/14.2.0/../../../../arm-none-eabi/lib/thumb/v6-m/nofp/libg.a(libc_a-findfp.o)
                              /usr/lib/gcc/arm-none-eabi/14.2.0/../../../../arm-none-eabi/lib/thumb/v6-m/nofp/libg.a(libc_a-fflush.o) (__sglue)
/usr/lib/gcc/arm-none-eabi/14.2.0/../../../../arm-none-eabi/lib/thumb/v6-m/nofp/libg.a(libc_a-fvwrite.o)
                              /usr/lib/gcc/arm-none-eabi/14.2.0/../../../../arm-none-eabi/lib/thumb/v6-m/nofp/libg.a(libc_a-sprint_r.o) (__sfvwrite_r)
/usr/lib/gcc/arm-none-eabi/14.2.0/../../../../arm-none-eabi/lib/thumb/v6-m/nofp/libg.a(libc_a-fwalk.o)
                              /usr/lib/gcc/arm-none-eabi/14.2.0/../../../../arm-none-eabi/lib/thumb/v6-m/nofp/libg.a(libc_a-fflush.o) (_fwalk_sglue)
/usr/lib/gcc/arm-none-eabi/14.2.0/../../../../arm-none-eabi/lib/thumb/v6-m/nofp/libg.a(libc_a-stdio.o)
                              /usr/lib/gcc/arm-none-eabi/14.2.0/../../../../arm-none-eabi/lib/thumb/v6-m/nofp/libg.a(libc_a-findfp.o) (__sread)
/usr/lib/gcc/arm-none-eabi/14.2.0/../../../../arm-none-eabi/lib/thumb/v6-m/nofp/libg.a(libc_a-wsetup.o)
                              /usr/lib/gcc/arm-none-eabi/14.2.0/../../../../arm-none-eabi/lib/thumb/v6-m/nofp/libg.a(libc_a-vfprintf.o) (__swsetup_r)
/usr/lib/gcc/arm-none-eabi/14.2.0/../../../../arm-none-eabi/lib/thumb/v6-m/nofp/libg.a(libc_a-memcmp.o)
[...]
Memory Configuration

Name             Origin             Length             Attributes
FLASH            0x10000000         0x00200000         xr
RAM              0x20000000         0x00040000         xrw
SCRATCH_X        0x20040000         0x00001000         xrw
SCRATCH_Y        0x20041000         0x00001000         xrw
*default*        0x00000000         0xffffffff

Linker script and memory map

LOAD /usr/lib/gcc/arm-none-eabi/14.2.0/thumb/v6-m/nofp/crti.o
LOAD /usr/lib/gcc/arm-none-eabi/14.2.0/thumb/v6-m/nofp/crtbegin.o
LOAD /usr/lib/gcc/arm-none-eabi/14.2.0/../../../../arm-none-eabi/lib/thumb/v6-m/nofp/crt0.o

.flash_begin    0x10000000        0x0
                0x10000000                        __flash_binary_start = .

.boot2          0x10000000      0x100
                0x10000000                        __boot2_start__ = .
 *(.boot2)
 .boot2         0x10000000      0x100 ../../../pico-sdk/src/rp2040/boot_stage2/CMakeFiles/bs2_default_library.dir/bs2_default_padded_checksummed.S.o
                0x10000100                        __boot2_end__ = .
                0x00000001                        ASSERT (((__boot2_end__ - __boot2_start__) == 0x100), ERROR: Pico second stage bootloader must be 256 bytes in size)

.text           0x10000100     0xaaf8
                0x10000100                        __logical_binary_start = .
 *(.vectors)
 .vectors       0x10000100       0xd4 CMakeFiles/image_provider_test.dir/home/weddingc4ke/.pico-sdk/sdk/2.1.0/src/rp2_common/pico_crt0/crt0.S.o
                0x10000100                __vectors
                0x10000100                __VECTOR_TABLE
                0x100001c0                isr_invalid
                0x100001c0                __default_isrs_start
                0x100001c2                isr_nmi
                0x100001c4                isr_hardfault
                0x100001c6                isr_svcall
                0x100001c8                isr_pendsv
                0x100001ca                isr_systick
                0x100001cc                isr_irq30
                0x100001cc                __unhandled_user_irq
                0x100001cc                isr_irq13
                0x100001cc                isr_irq27
                0x100001cc                isr_irq31
                0x100001cc                isr_irq5
                0x100001cc                isr_irq11
                0x100001cc                isr_irq23
                0x100001cc                isr_irq18
                0x100001cc                isr_irq28
                0x100001cc                isr_irq19
                0x100001cc                isr_irq0
                0x100001cc                isr_irq6
                0x100001cc                isr_irq22
                0x100001cc                isr_irq17
                0x100001cc                isr_irq14
                0x100001cc                isr_irq2
                0x100001cc                isr_irq10
                0x100001cc                isr_irq8
                0x100001cc                isr_irq24
                0x100001cc                isr_irq1
                0x100001cc                isr_irq7
                0x100001cc                isr_irq21
                0x100001cc                isr_irq20
                0x100001cc                isr_irq15
                0x100001cc                isr_irq25
                0x100001cc                isr_irq4
                0x100001cc                isr_irq16
                0x100001cc                isr_irq29
                0x100001cc                isr_irq26
                0x100001cc                __default_isrs_end
                0x100001cc                isr_irq3
                0x100001cc                isr_irq12
                0x100001cc                isr_irq9
                0x100001d2                unhandled_user_irq_num_in_r0
 *(.binary_info_header)
 .binary_info_header
                0x100001d4       0x14 CMakeFiles/image_provider_test.dir/home/weddingc4ke/.pico-sdk/sdk/2.1.0/src/rp2_common/pico_crt0/crt0.S.o
                0x100001e8                        __binary_info_header_end = .
 *(.embedded_block)
                0x100001e8                        __embedded_block_end = .
 *(.reset)
 .reset         0x100001e8       0x9c CMakeFiles/image_provider_test.dir/home/weddingc4ke/.pico-sdk/sdk/2.1.0/src/rp2_common/pico_crt0/crt0.S.o
                0x100001e8                _entry_point
 *(.init)
 .init          0x10000284        0x4 /usr/lib/gcc/arm-none-eabi/14.2.0/thumb/v6-m/nofp/crti.o
                0x10000284                _init
 *(EXCLUDE_FILE(*libm.a: *libc.a:*lib_a-mem*.o *libgcc.a:) .text*)
 .text.frame_dummy
                0x10000288       0x20 /usr/lib/gcc/arm-none-eabi/14.2.0/thumb/v6-m/nofp/crtbegin.o
 .text._Z8GetImagePN6tflite13ErrorReporterEiiiPa
                0x100002a8       0x18 CMakeFiles/image_provider_test.dir/image_provider.cpp.o
                0x100002a8                GetImage(tflite::ErrorReporter*, int, int, int, signed char*)
 .text.startup.main
                0x100002c0       0xec CMakeFiles/image_provider_test.dir/image_provider_test.cpp.o
                0x100002c0                main
 .text.rp2040_chip_version
                0x100003ac        0xc CMakeFiles/image_provider_test.dir/home/weddingc4ke/.pico-sdk/sdk/2.1.0/src/rp2040/pico_platform/platform.c.o
                0x100003ac                rp2040_chip_version
 .text.panic    0x100003b8       0x30 CMakeFiles/image_provider_test.dir/home/weddingc4ke/.pico-sdk/sdk/2.1.0/src/rp2_common/pico_platform_panic/panic.c.o
                0x100003b8                panic
 .text.hw_claim_or_assert
                0x100003e8       0x44 CMakeFiles/image_provider_test.dir/home/weddingc4ke/.pico-sdk/sdk/2.1.0/src/common/hardware_claim/claim.c.o
                0x100003e8                hw_claim_or_assert
 .text.hw_claim_unused_from_range
                0x1000042c       0x88 CMakeFiles/image_provider_test.dir/home/weddingc4ke/.pico-sdk/sdk/2.1.0/src/common/hardware_claim/claim.c.o
                0x1000042c                hw_claim_unused_from_range
 .text.next_striped_spin_lock_num
                0x100004b4       0x18 CMakeFiles/image_provider_test.dir/home/weddingc4ke/.pico-sdk/sdk/2.1.0/src/rp2_common/hardware_sync/sync.c.o
                0x100004b4                next_striped_spin_lock_num
 .text.spin_lock_claim_unused
                0x100004cc       0x24 CMakeFiles/image_provider_test.dir/home/weddingc4ke/.pico-sdk/sdk/2.1.0/src/rp2_common/hardware_sync/sync.c.o
                0x100004cc                spin_lock_claim_unused
 .text.spin_locks_reset
                0x100004f0       0x1c CMakeFiles/image_provider_test.dir/home/weddingc4ke/.pico-sdk/sdk/2.1.0/src/rp2_common/hardware_sync_spin_lock/sync_spin_lock.c.o
                0x100004f0                spin_locks_reset
 .text.runtime_init_per_core_irq_priorities
                0x1000050c       0x24 CMakeFiles/image_provider_test.dir/home/weddingc4ke/.pico-sdk/sdk/2.1.0/src/rp2_common/hardware_irq/irq.c.o
                0x1000050c                runtime_init_per_core_irq_priorities
 .text.irq_set_enabled
                0x10000530       0x24 CMakeFiles/image_provider_test.dir/home/weddingc4ke/.pico-sdk/sdk/2.1.0/src/rp2_common/hardware_irq/irq.c.o
                0x10000530                irq_set_enabled
 .text.irq_is_enabled
                0x10000554       0x18 CMakeFiles/image_provider_test.dir/home/weddingc4ke/.pico-sdk/sdk/2.1.0/src/rp2_common/hardware_irq/irq.c.o
                0x10000554                irq_is_enabled
 .text.irq_set_pending
                0x1000056c       0x10 CMakeFiles/image_provider_test.dir/home/weddingc4ke/.pico-sdk/sdk/2.1.0/src/rp2_common/hardware_irq/irq.c.o
                0x1000056c                irq_set_pending
 .text.irq_has_shared_handler
                0x1000057c       0x2c CMakeFiles/image_provider_test.dir/home/weddingc4ke/.pico-sdk/sdk/2.1.0/src/rp2_common/hardware_irq/irq.c.o
                0x1000057c                irq_has_shared_handler
 .text.irq_set_exclusive_handler
                0x100005a8       0x54 CMakeFiles/image_provider_test.dir/home/weddingc4ke/.pico-sdk/sdk/2.1.0/src/rp2_common/hardware_irq/irq.c.o
                0x100005a8                irq_set_exclusive_handler
 .text.irq_add_shared_handler
                0x100005fc      0x1f4 CMakeFiles/image_provider_test.dir/home/weddingc4ke/.pico-sdk/sdk/2.1.0/src/rp2_common/hardware_irq/irq.c.o
                0x100005fc                irq_add_shared_handler
 .text.irq_add_tail_to_free_list
                0x100007f0       0xb4 CMakeFiles/image_provider_test.dir/home/weddingc4ke/.pico-sdk/sdk/2.1.0/src/rp2_common/hardware_irq/irq.c.o
                0x100007f0                irq_add_tail_to_free_list
 .text.user_irq_claim_unused
                0x100008a4       0x2c CMakeFiles/image_provider_test.dir/home/weddingc4ke/.pico-sdk/sdk/2.1.0/src/rp2_common/hardware_irq/irq.c.o
                0x100008a4                user_irq_claim_unused
 .text.lock_init
                0x100008d0       0x10 CMakeFiles/image_provider_test.dir/home/weddingc4ke/.pico-sdk/sdk/2.1.0/src/common/pico_sync/lock_core.c.o
                0x100008d0                lock_init
 .text.runtime_init_mutex
                0x100008e0       0x50 CMakeFiles/image_provider_test.dir/home/weddingc4ke/.pico-sdk/sdk/2.1.0/src/common/pico_sync/mutex.c.o
                0x100008e0                runtime_init_mutex
 .text.mutex_init
                0x10000930       0x1c CMakeFiles/image_provider_test.dir/home/weddingc4ke/.pico-sdk/sdk/2.1.0/src/common/pico_sync/mutex.c.o
                0x10000930                mutex_init
 .text.critical_section_init
                0x1000094c       0x1c CMakeFiles/image_provider_test.dir/home/weddingc4ke/.pico-sdk/sdk/2.1.0/src/common/pico_sync/critical_section.c.o
                0x1000094c                critical_section_init
 .text.critical_section_init_with_lock_num
                0x10000968       0x14 CMakeFiles/image_provider_test.dir/home/weddingc4ke/.pico-sdk/sdk/2.1.0/src/common/pico_sync/critical_section.c.o
                0x10000968                critical_section_init_with_lock_num
 .text.sleep_until_callback
                0x1000097c       0x30 CMakeFiles/image_provider_test.dir/home/weddingc4ke/.pico-sdk/sdk/2.1.0/src/common/pico_time/time.c.o
 .text.alarm_pool_irq_handler
                0x100009ac      0x2fc CMakeFiles/image_provider_test.dir/home/weddingc4ke/.pico-sdk/sdk/2.1.0/src/common/pico_time/time.c.o
 .text.runtime_init_default_alarm_pool
                0x10000ca8       0xdc CMakeFiles/image_provider_test.dir/home/weddingc4ke/.pico-sdk/sdk/2.1.0/src/common/pico_time/time.c.o
                0x10000ca8                runtime_init_default_alarm_pool
 .text.alarm_pool_get_default
                0x10000d84        0x8 CMakeFiles/image_provider_test.dir/home/weddingc4ke/.pico-sdk/sdk/2.1.0/src/common/pico_time/time.c.o
                0x10000d84                alarm_pool_get_default
 .text.alarm_pool_add_alarm_at
                0x10000d8c       0xd0 CMakeFiles/image_provider_test.dir/home/weddingc4ke/.pico-sdk/sdk/2.1.0/src/common/pico_time/time.c.o
                0x10000d8c                alarm_pool_add_alarm_at
 .text.alarm_pool_add_alarm_at_force_in_context
                0x10000e5c       0xb0 CMakeFiles/image_provider_test.dir/home/weddingc4ke/.pico-sdk/sdk/2.1.0/src/common/pico_time/time.c.o
                0x10000e5c                alarm_pool_add_alarm_at_force_in_context
 .text.alarm_pool_cancel_alarm
                0x10000f0c       0x74 CMakeFiles/image_provider_test.dir/home/weddingc4ke/.pico-sdk/sdk/2.1.0/src/common/pico_time/time.c.o
                0x10000f0c                alarm_pool_cancel_alarm
 .text.alarm_pool_core_num
                0x10000f80        0x4 CMakeFiles/image_provider_test.dir/home/weddingc4ke/.pico-sdk/sdk/2.1.0/src/common/pico_time/time.c.o
                0x10000f80                alarm_pool_core_num
 .text.best_effort_wfe_or_timeout
                0x10000f84       0xec CMakeFiles/image_provider_test.dir/home/weddingc4ke/.pico-sdk/sdk/2.1.0/src/common/pico_time/time.c.o
                0x10000f84                best_effort_wfe_or_timeout
 .text.timer_hardware_alarm_claim
                0x10001070       0x14 CMakeFiles/image_provider_test.dir/home/weddingc4ke/.pico-sdk/sdk/2.1.0/src/rp2_common/hardware_timer/timer.c.o
                0x10001070                timer_hardware_alarm_claim
 .text.timer_time_us_64
                0x10001084       0x10 CMakeFiles/image_provider_test.dir/home/weddingc4ke/.pico-sdk/sdk/2.1.0/src/rp2_common/hardware_timer/timer.c.o
                0x10001084                timer_time_us_64
 .text.time_us_64
                0x10001094       0x14 CMakeFiles/image_provider_test.dir/home/weddingc4ke/.pico-sdk/sdk/2.1.0/src/rp2_common/hardware_timer/timer.c.o
                0x10001094                time_us_64
 .text.busy_wait_us
                0x100010a8       0x68 CMakeFiles/image_provider_test.dir/home/weddingc4ke/.pico-sdk/sdk/2.1.0/src/rp2_common/hardware_timer/timer.c.o
                0x100010a8                busy_wait_us
 .text.clock_configure_int_divider
                0x10001110       0xf4 CMakeFiles/image_provider_test.dir/home/weddingc4ke/.pico-sdk/sdk/2.1.0/src/rp2_common/hardware_clocks/clocks.c.o
                0x10001110                clock_configure_int_divider
 .text.clock_configure_undivided
                0x10001204       0xe8 CMakeFiles/image_provider_test.dir/home/weddingc4ke/.pico-sdk/sdk/2.1.0/src/rp2_common/hardware_clocks/clocks.c.o
                0x10001204                clock_configure_undivided
 .text.clock_get_hz
                0x100012ec        0xc CMakeFiles/image_provider_test.dir/home/weddingc4ke/.pico-sdk/sdk/2.1.0/src/rp2_common/hardware_clocks/clocks.c.o
                0x100012ec                clock_get_hz
 .text.pll_init
                0x100012f8       0xa4 CMakeFiles/image_provider_test.dir/home/weddingc4ke/.pico-sdk/sdk/2.1.0/src/rp2_common/hardware_pll/pll.c.o
                0x100012f8                pll_init
 .text.watchdog_reboot
                0x1000139c       0x9c CMakeFiles/image_provider_test.dir/home/weddingc4ke/.pico-sdk/sdk/2.1.0/src/rp2_common/hardware_watchdog/watchdog.c.o
                0x1000139c                watchdog_reboot
 .text.tick_start
                0x10001438       0x10 CMakeFiles/image_provider_test.dir/home/weddingc4ke/.pico-sdk/sdk/2.1.0/src/rp2_common/hardware_ticks/ticks.c.o
                0x10001438                tick_start
 .text.rom_func_lookup
                0x10001448       0x10 CMakeFiles/image_provider_test.dir/home/weddingc4ke/.pico-sdk/sdk/2.1.0/src/rp2_common/pico_bootrom/bootrom.c.o
                0x10001448                rom_func_lookup
 .text.rom_data_lookup
                0x10001458       0x10 CMakeFiles/image_provider_test.dir/home/weddingc4ke/.pico-sdk/sdk/2.1.0/src/rp2_common/pico_bootrom/bootrom.c.o
                0x10001458                rom_data_lookup
 .text.rom_funcs_lookup
                0x10001468       0x44 CMakeFiles/image_provider_test.dir/home/weddingc4ke/.pico-sdk/sdk/2.1.0/src/rp2_common/pico_bootrom/bootrom.c.o
                0x10001468                rom_funcs_lookup
 .text.rom_reset_usb_boot_extra
                0x100014ac       0x24 CMakeFiles/image_provider_test.dir/home/weddingc4ke/.pico-sdk/sdk/2.1.0/src/rp2_common/pico_bootrom/bootrom.c.o
                0x100014ac                rom_reset_usb_boot_extra
 .text.xosc_init
                0x100014d0       0x28 CMakeFiles/image_provider_test.dir/home/weddingc4ke/.pico-sdk/sdk/2.1.0/src/rp2_common/hardware_xosc/xosc.c.o
                0x100014d0                xosc_init
 .text.first_per_core_initializer
                0x100014f8        0x4 CMakeFiles/image_provider_test.dir/home/weddingc4ke/.pico-sdk/sdk/2.1.0/src/rp2_common/pico_runtime/runtime.c.o
 .text.hard_assertion_failure
                0x100014fc        0xc CMakeFiles/image_provider_test.dir/home/weddingc4ke/.pico-sdk/sdk/2.1.0/src/rp2_common/pico_runtime/runtime.c.o
                0x100014fc                hard_assertion_failure
 .text.runtime_run_initializers
                0x10001508       0x28 CMakeFiles/image_provider_test.dir/home/weddingc4ke/.pico-sdk/sdk/2.1.0/src/rp2_common/pico_runtime/runtime.c.o
                0x10001508                runtime_run_initializers
 .text.runtime_init_early_resets
                0x10001530       0x2c CMakeFiles/image_provider_test.dir/home/weddingc4ke/.pico-sdk/sdk/2.1.0/src/rp2_common/pico_runtime_init/runtime_init.c.o
                0x10001530                runtime_init_early_resets
 .text.runtime_init_usb_power_down
                0x1000155c       0x1c CMakeFiles/image_provider_test.dir/home/weddingc4ke/.pico-sdk/sdk/2.1.0/src/rp2_common/pico_runtime_init/runtime_init.c.o
                0x1000155c                runtime_init_usb_power_down
 .text.runtime_init_post_clock_resets
                0x10001578       0x20 CMakeFiles/image_provider_test.dir/home/weddingc4ke/.pico-sdk/sdk/2.1.0/src/rp2_common/pico_runtime_init/runtime_init.c.o
                0x10001578                runtime_init_post_clock_resets
 .text.runtime_init_rp2040_gpio_ie_disable
                0x10001598       0x14 CMakeFiles/image_provider_test.dir/home/weddingc4ke/.pico-sdk/sdk/2.1.0/src/rp2_common/pico_runtime_init/runtime_init.c.o
                0x10001598                runtime_init_rp2040_gpio_ie_disable
 .text.runtime_init_spin_locks_reset
                0x100015ac        0x8 CMakeFiles/image_provider_test.dir/home/weddingc4ke/.pico-sdk/sdk/2.1.0/src/rp2_common/pico_runtime_init/runtime_init.c.o
                0x100015ac                runtime_init_spin_locks_reset
 .text.runtime_init_install_ram_vector_table
                0x100015b4       0x1c CMakeFiles/image_provider_test.dir/home/weddingc4ke/.pico-sdk/sdk/2.1.0/src/rp2_common/pico_runtime_init/runtime_init.c.o
                0x100015b4                runtime_init_install_ram_vector_table
 .text.runtime_init_clocks
                0x100015d0       0xd8 CMakeFiles/image_provider_test.dir/home/weddingc4ke/.pico-sdk/sdk/2.1.0/src/rp2_common/pico_runtime_init/runtime_init_clocks.c.o
                0x100015d0                runtime_init_clocks
 .text          0x100016a8       0x10 CMakeFiles/image_provider_test.dir/home/weddingc4ke/.pico-sdk/sdk/2.1.0/src/rp2_common/pico_bit_ops/bit_ops_aeabi.S.o
 .text.__wrap___aeabi_idiv
                0x100016b8       0x50 CMakeFiles/image_provider_test.dir/home/weddingc4ke/.pico-sdk/sdk/2.1.0/src/rp2_common/pico_divider/divider_hardware.S.o
                0x100016b8                __wrap___aeabi_idivmod
                0x100016b8                divmod_s32s32
                0x100016b8                div_s32s32
                0x100016b8                __wrap___aeabi_idiv
                0x100016c0                divmod_s32s32_unsafe
                0x100016ec                divmod_s32s32_savestate
 .text.__wrap___aeabi_uidiv
                0x10001708       0x4c CMakeFiles/image_provider_test.dir/home/weddingc4ke/.pico-sdk/sdk/2.1.0/src/rp2_common/pico_divider/divider_hardware.S.o
                0x10001708                __wrap___aeabi_uidiv
                0x10001708                __wrap___aeabi_uidivmod
                0x10001708                div_u32u32
                0x10001708                divmod_u32u32
                0x10001710                divmod_u32u32_unsafe
                0x10001738                divmod_u32u32_savestate
 .text.__wrap___aeabi_ldiv
                0x10001754      0x424 CMakeFiles/image_provider_test.dir/home/weddingc4ke/.pico-sdk/sdk/2.1.0/src/rp2_common/pico_divider/divider_hardware.S.o
                0x10001754                div_s64s64
                0x10001754                divmod_s64s64
                0x10001754                __wrap___aeabi_ldivmod
                0x10001784                div_u64u64
                0x10001784                divmod_u64u64
                0x10001784                __wrap___aeabi_uldivmod
                0x10001794                divmod_u64u64_savestate
                0x100017b4                divmod_s64s64_unsafe
                0x1000183c                divmod_u64u64_unsafe
 .text.__wrap___aeabi_darithmetic
                0x10001b78       0x80 CMakeFiles/image_provider_test.dir/home/weddingc4ke/.pico-sdk/sdk/2.1.0/src/rp2_common/pico_double/double_aeabi_rp2040.S.o
                0x10001b78                __wrap___aeabi_drsub
                0x10001b7e                __wrap___aeabi_dsub
                0x10001b90                __wrap___aeabi_dadd
                0x10001ba2                __wrap___aeabi_ddiv
                0x10001bde                __wrap___aeabi_dmul
 .text.__wrap___aeabi_cdcmple
                0x10001bf8       0x6c CMakeFiles/image_provider_test.dir/home/weddingc4ke/.pico-sdk/sdk/2.1.0/src/rp2_common/pico_double/double_aeabi_rp2040.S.o
                0x10001bf8                __wrap___aeabi_cdrcmple
                0x10001c08                __wrap___aeabi_cdcmple
                0x10001c08                __wrap___aeabi_cdcmpeq
 .text.__wrap___aeabi_dcmpeq
                0x10001c64       0x10 CMakeFiles/image_provider_test.dir/home/weddingc4ke/.pico-sdk/sdk/2.1.0/src/rp2_common/pico_double/double_aeabi_rp2040.S.o
                0x10001c64                __wrap___aeabi_dcmpeq
 .text.__wrap___aeabi_dcmplt
                0x10001c74        0xc CMakeFiles/image_provider_test.dir/home/weddingc4ke/.pico-sdk/sdk/2.1.0/src/rp2_common/pico_double/double_aeabi_rp2040.S.o
                0x10001c74                __wrap___aeabi_dcmplt
 .text.__wrap___aeabi_dcmple
                0x10001c80       0x10 CMakeFiles/image_provider_test.dir/home/weddingc4ke/.pico-sdk/sdk/2.1.0/src/rp2_common/pico_double/double_aeabi_rp2040.S.o
                0x10001c80                __wrap___aeabi_dcmple
 .text.__wrap___aeabi_dcmpgt
                0x10001c90        0xa CMakeFiles/image_provider_test.dir/home/weddingc4ke/.pico-sdk/sdk/2.1.0/src/rp2_common/pico_double/double_aeabi_rp2040.S.o
                0x10001c90                __wrap___aeabi_dcmpgt
 .text.__wrap___aeabi_dcmpun
                0x10001c9a       0x18 CMakeFiles/image_provider_test.dir/home/weddingc4ke/.pico-sdk/sdk/2.1.0/src/rp2_common/pico_double/double_aeabi_rp2040.S.o
                0x10001c9a                __wrap___aeabi_dcmpun
 *fill*         0x10001cb2        0x2 
 .text.__wrap___aeabi_i2d
                0x10001cb4       0x38 CMakeFiles/image_provider_test.dir/home/weddingc4ke/.pico-sdk/sdk/2.1.0/src/rp2_common/pico_double/double_aeabi_rp2040.S.o
                0x10001cb4                __wrap___aeabi_ui2d
                0x10001cbc                __wrap___aeabi_i2d
 .text.__wrap___aeabi_d2iz
                0x10001cec       0x48 CMakeFiles/image_provider_test.dir/home/weddingc4ke/.pico-sdk/sdk/2.1.0/src/rp2_common/pico_double/double_aeabi_rp2040.S.o
                0x10001cec                __wrap___aeabi_d2iz
                0x10001cec                double2int_z
 .text.__aeabi_double_init
                0x10001d34       0xa4 CMakeFiles/image_provider_test.dir/home/weddingc4ke/.pico-sdk/sdk/2.1.0/src/rp2_common/pico_double/double_init_rom_rp2040.c.o
                0x10001d34                __aeabi_double_init
 .text.double_table_shim_on_use_helper
                0x10001dd8       0x2c CMakeFiles/image_provider_test.dir/home/weddingc4ke/.pico-sdk/sdk/2.1.0/src/rp2_common/pico_double/double_v1_rom_shim_rp2040.S.o
                0x10001dd8                double_table_shim_on_use_helper
 .text.__wrap___aeabi_dsub
                0x10001e04       0x10 CMakeFiles/image_provider_test.dir/home/weddingc4ke/.pico-sdk/sdk/2.1.0/src/rp2_common/pico_double/double_v1_rom_shim_rp2040.S.o
                0x10001e04                drsub_shim
                0x10001e0a                dsub_shim
 .text.dadd_shim
                0x10001e14      0x15c CMakeFiles/image_provider_test.dir/home/weddingc4ke/.pico-sdk/sdk/2.1.0/src/rp2_common/pico_double/double_v1_rom_shim_rp2040.S.o
                0x10001e14                dadd_shim
 .text.dmul_shim
                0x10001f70      0x15c CMakeFiles/image_provider_test.dir/home/weddingc4ke/.pico-sdk/sdk/2.1.0/src/rp2_common/pico_double/double_v1_rom_shim_rp2040.S.o
                0x10001f70                dmul_shim
 .text.ddiv_shim
                0x100020cc      0x1b0 CMakeFiles/image_provider_test.dir/home/weddingc4ke/.pico-sdk/sdk/2.1.0/src/rp2_common/pico_double/double_v1_rom_shim_rp2040.S.o
                0x100020cc                ddiv_shim
 .text.__aeabi_lmul
                0x1000227c       0x32 CMakeFiles/image_provider_test.dir/home/weddingc4ke/.pico-sdk/sdk/2.1.0/src/rp2_common/pico_int64_ops/pico_int64_ops_aeabi.S.o
                0x1000227c                __wrap___aeabi_lmul
 *fill*         0x100022ae        0x2 
 .text.__aeabi_float_init
                0x100022b0       0x64 CMakeFiles/image_provider_test.dir/home/weddingc4ke/.pico-sdk/sdk/2.1.0/src/rp2_common/pico_float/float_init_rom_rp2040.c.o
                0x100022b0                __aeabi_float_init
 .text.float_table_shim_on_use_helper
                0x10002314       0x2c CMakeFiles/image_provider_test.dir/home/weddingc4ke/.pico-sdk/sdk/2.1.0/src/rp2_common/pico_float/float_v1_rom_shim_rp2040.S.o
                0x10002314                float_table_shim_on_use_helper
 .text          0x10002340       0x10 CMakeFiles/image_provider_test.dir/home/weddingc4ke/.pico-sdk/sdk/2.1.0/src/rp2_common/pico_mem_ops/mem_ops_aeabi.S.o
                0x10002340                __aeabi_mem_init
 .text.memset   0x10002350        0xc CMakeFiles/image_provider_test.dir/home/weddingc4ke/.pico-sdk/sdk/2.1.0/src/rp2_common/pico_mem_ops/mem_ops_aeabi.S.o
                0x10002350                __wrap_memset
 .text.memcpy   0x1000235c        0xc CMakeFiles/image_provider_test.dir/home/weddingc4ke/.pico-sdk/sdk/2.1.0/src/rp2_common/pico_mem_ops/mem_ops_aeabi.S.o
                0x1000235c                __wrap___aeabi_memcpy
                0x1000235c                __wrap_memcpy
 .text._out_char
                0x10002368       0x10 CMakeFiles/image_provider_test.dir/home/weddingc4ke/.pico-sdk/sdk/2.1.0/src/rp2_common/pico_printf/printf.c.o
 .text.weak_raw_printf
                0x10002378       0x40 CMakeFiles/image_provider_test.dir/home/weddingc4ke/.pico-sdk/sdk/2.1.0/src/rp2_common/pico_printf/printf.c.o
                0x10002378                weak_raw_printf
 .text.weak_raw_vprintf
                0x100023b8       0x30 CMakeFiles/image_provider_test.dir/home/weddingc4ke/.pico-sdk/sdk/2.1.0/src/rp2_common/pico_printf/printf.c.o
                0x100023b8                weak_raw_vprintf
 .text._exit    0x100023e8        0x4 CMakeFiles/image_provider_test.dir/home/weddingc4ke/.pico-sdk/sdk/2.1.0/src/rp2_common/pico_clib_interface/newlib_interface.c.o
                0x100023e8                _exit
 .text._sbrk    0x100023ec       0x34 CMakeFiles/image_provider_test.dir/home/weddingc4ke/.pico-sdk/sdk/2.1.0/src/rp2_common/pico_clib_interface/newlib_interface.c.o
                0x100023ec                _sbrk
 .text._read    0x10002420       0x24 CMakeFiles/image_provider_test.dir/home/weddingc4ke/.pico-sdk/sdk/2.1.0/src/rp2_common/pico_clib_interface/newlib_interface.c.o
                0x10002420                _read
 .text._write   0x10002444       0x24 CMakeFiles/image_provider_test.dir/home/weddingc4ke/.pico-sdk/sdk/2.1.0/src/rp2_common/pico_clib_interface/newlib_interface.c.o
                0x10002444                _write
 .text._close   0x10002468        0x8 CMakeFiles/image_provider_test.dir/home/weddingc4ke/.pico-sdk/sdk/2.1.0/src/rp2_common/pico_clib_interface/newlib_interface.c.o
                0x10002468                _close
 .text._lseek   0x10002470        0x8 CMakeFiles/image_provider_test.dir/home/weddingc4ke/.pico-sdk/sdk/2.1.0/src/rp2_common/pico_clib_interface/newlib_interface.c.o
                0x10002470                _lseek
 .text._fstat   0x10002478        0x8 CMakeFiles/image_provider_test.dir/home/weddingc4ke/.pico-sdk/sdk/2.1.0/src/rp2_common/pico_clib_interface/newlib_interface.c.o
                0x10002478                _fstat
 .text._isatty  0x10002480        0xc CMakeFiles/image_provider_test.dir/home/weddingc4ke/.pico-sdk/sdk/2.1.0/src/rp2_common/pico_clib_interface/newlib_interface.c.o
                0x10002480                _isatty
 .text.exit     0x1000248c        0x8 CMakeFiles/image_provider_test.dir/home/weddingc4ke/.pico-sdk/sdk/2.1.0/src/rp2_common/pico_clib_interface/newlib_interface.c.o
                0x1000248c                exit
 .text.__assert_func
                0x10002494       0x38 CMakeFiles/image_provider_test.dir/home/weddingc4ke/.pico-sdk/sdk/2.1.0/src/rp2_common/pico_clib_interface/newlib_interface.c.o
                0x10002494                __assert_func
 .text.runtime_init
                0x100024cc       0x2c CMakeFiles/image_provider_test.dir/home/weddingc4ke/.pico-sdk/sdk/2.1.0/src/rp2_common/pico_clib_interface/newlib_interface.c.o
                0x100024cc                runtime_init
 .text.stdio_out_chars_no_crlf
                0x100024f8       0x10 CMakeFiles/image_provider_test.dir/home/weddingc4ke/.pico-sdk/sdk/2.1.0/src/rp2_common/pico_stdio/stdio.c.o
 .text.stdio_out_chars_crlf
                0x10002508       0xb0 CMakeFiles/image_provider_test.dir/home/weddingc4ke/.pico-sdk/sdk/2.1.0/src/rp2_common/pico_stdio/stdio.c.o
 .text.stdio_put_string
                0x100025b8       0xfc CMakeFiles/image_provider_test.dir/home/weddingc4ke/.pico-sdk/sdk/2.1.0/src/rp2_common/pico_stdio/stdio.c.o
                0x100025b8                stdio_put_string
 .text.stdio_get_until
                0x100026b4       0x84 CMakeFiles/image_provider_test.dir/home/weddingc4ke/.pico-sdk/sdk/2.1.0/src/rp2_common/pico_stdio/stdio.c.o
                0x100026b4                stdio_get_until
 .text.stdio_set_driver_enabled
                0x10002738       0x30 CMakeFiles/image_provider_test.dir/home/weddingc4ke/.pico-sdk/sdk/2.1.0/src/rp2_common/pico_stdio/stdio.c.o
                0x10002738                stdio_set_driver_enabled
 .text.stdio_init_all
                0x10002768        0x8 CMakeFiles/image_provider_test.dir/home/weddingc4ke/.pico-sdk/sdk/2.1.0/src/rp2_common/pico_stdio/stdio.c.o
                0x10002768                stdio_init_all
 .text.__wrap_putchar
                0x10002770       0x94 CMakeFiles/image_provider_test.dir/home/weddingc4ke/.pico-sdk/sdk/2.1.0/src/rp2_common/pico_stdio/stdio.c.o
                0x10002770                stdio_putchar
                0x10002770                __wrap_putchar
 .text.__wrap_puts
                0x10002804       0x3c CMakeFiles/image_provider_test.dir/home/weddingc4ke/.pico-sdk/sdk/2.1.0/src/rp2_common/pico_stdio/stdio.c.o
                0x10002804                __wrap_puts
                0x10002804                stdio_puts
 .text.resetd_init
                0x10002840        0x4 CMakeFiles/image_provider_test.dir/home/weddingc4ke/.pico-sdk/sdk/2.1.0/src/rp2_common/pico_stdio_usb/reset_interface.c.o
 .text.resetd_reset
                0x10002844        0xc CMakeFiles/image_provider_test.dir/home/weddingc4ke/.pico-sdk/sdk/2.1.0/src/rp2_common/pico_stdio_usb/reset_interface.c.o
 .text.resetd_open
                0x10002850       0x28 CMakeFiles/image_provider_test.dir/home/weddingc4ke/.pico-sdk/sdk/2.1.0/src/rp2_common/pico_stdio_usb/reset_interface.c.o
 .text.resetd_xfer_cb
                0x10002878        0x4 CMakeFiles/image_provider_test.dir/home/weddingc4ke/.pico-sdk/sdk/2.1.0/src/rp2_common/pico_stdio_usb/reset_interface.c.o
 .text.resetd_control_xfer_cb
                0x1000287c       0x54 CMakeFiles/image_provider_test.dir/home/weddingc4ke/.pico-sdk/sdk/2.1.0/src/rp2_common/pico_stdio_usb/reset_interface.c.o
 .text.tud_descriptor_bos_cb
                0x100028d0        0x8 CMakeFiles/image_provider_test.dir/home/weddingc4ke/.pico-sdk/sdk/2.1.0/src/rp2_common/pico_stdio_usb/reset_interface.c.o
                0x100028d0                tud_descriptor_bos_cb
 .text.tud_vendor_control_xfer_cb
                0x100028d8       0x34 CMakeFiles/image_provider_test.dir/home/weddingc4ke/.pico-sdk/sdk/2.1.0/src/rp2_common/pico_stdio_usb/reset_interface.c.o
                0x100028d8                tud_vendor_control_xfer_cb
 .text.usbd_app_driver_get_cb
                0x1000290c        0xc CMakeFiles/image_provider_test.dir/home/weddingc4ke/.pico-sdk/sdk/2.1.0/src/rp2_common/pico_stdio_usb/reset_interface.c.o
                0x1000290c                usbd_app_driver_get_cb
 .text.tud_cdc_line_coding_cb
                0x10002918       0x2c CMakeFiles/image_provider_test.dir/home/weddingc4ke/.pico-sdk/sdk/2.1.0/src/rp2_common/pico_stdio_usb/reset_interface.c.o
                0x10002918                tud_cdc_line_coding_cb
 .text.stdio_usb_set_chars_available_callback
                0x10002944       0x14 CMakeFiles/image_provider_test.dir/home/weddingc4ke/.pico-sdk/sdk/2.1.0/src/rp2_common/pico_stdio_usb/stdio_usb.c.o
                0x10002944                stdio_usb_set_chars_available_callback
 .text.usb_irq  0x10002958       0x10 CMakeFiles/image_provider_test.dir/home/weddingc4ke/.pico-sdk/sdk/2.1.0/src/rp2_common/pico_stdio_usb/stdio_usb.c.o
 .text.timer_task
                0x10002968       0x64 CMakeFiles/image_provider_test.dir/home/weddingc4ke/.pico-sdk/sdk/2.1.0/src/rp2_common/pico_stdio_usb/stdio_usb.c.o
 .text.stdio_usb_in_chars
                0x100029cc       0x8c CMakeFiles/image_provider_test.dir/home/weddingc4ke/.pico-sdk/sdk/2.1.0/src/rp2_common/pico_stdio_usb/stdio_usb.c.o
                0x100029cc                stdio_usb_in_chars
 .text.stdio_usb_out_flush
                0x10002a58       0x4c CMakeFiles/image_provider_test.dir/home/weddingc4ke/.pico-sdk/sdk/2.1.0/src/rp2_common/pico_stdio_usb/stdio_usb.c.o
 .text.stdio_usb_out_chars
                0x10002aa4      0x100 CMakeFiles/image_provider_test.dir/home/weddingc4ke/.pico-sdk/sdk/2.1.0/src/rp2_common/pico_stdio_usb/stdio_usb.c.o
 .text.low_priority_worker_irq
                0x10002ba4       0xc8 CMakeFiles/image_provider_test.dir/home/weddingc4ke/.pico-sdk/sdk/2.1.0/src/rp2_common/pico_stdio_usb/stdio_usb.c.o
 .text.stdio_usb_init
                0x10002c6c       0xe4 CMakeFiles/image_provider_test.dir/home/weddingc4ke/.pico-sdk/sdk/2.1.0/src/rp2_common/pico_stdio_usb/stdio_usb.c.o
                0x10002c6c                stdio_usb_init
 .text.tud_descriptor_device_cb
                0x10002d50        0x8 CMakeFiles/image_provider_test.dir/home/weddingc4ke/.pico-sdk/sdk/2.1.0/src/rp2_common/pico_stdio_usb/stdio_usb_descriptors.c.o
                0x10002d50                tud_descriptor_device_cb
 .text.tud_descriptor_configuration_cb
                0x10002d58        0x8 CMakeFiles/image_provider_test.dir/home/weddingc4ke/.pico-sdk/sdk/2.1.0/src/rp2_common/pico_stdio_usb/stdio_usb_descriptors.c.o
                0x10002d58                tud_descriptor_configuration_cb
 .text.tud_descriptor_string_cb
                0x10002d60       0x78 CMakeFiles/image_provider_test.dir/home/weddingc4ke/.pico-sdk/sdk/2.1.0/src/rp2_common/pico_stdio_usb/stdio_usb_descriptors.c.o
                0x10002d60                tud_descriptor_string_cb
 .text.startup._retrieve_unique_id_on_boot
                0x10002dd8       0x10 CMakeFiles/image_provider_test.dir/home/weddingc4ke/.pico-sdk/sdk/2.1.0/src/rp2_common/pico_unique_id/unique_id.c.o
 .text.pico_get_unique_board_id_string
                0x10002de8      0x1a8 CMakeFiles/image_provider_test.dir/home/weddingc4ke/.pico-sdk/sdk/2.1.0/src/rp2_common/pico_unique_id/unique_id.c.o
                0x10002de8                pico_get_unique_board_id_string
 .text.flash_get_unique_id
                0x10002f90       0x3c CMakeFiles/image_provider_test.dir/home/weddingc4ke/.pico-sdk/sdk/2.1.0/src/rp2_common/hardware_flash/flash.c.o
                0x10002f90                flash_get_unique_id
 .text.dcd_init
                0x10002fcc       0x8c CMakeFiles/image_provider_test.dir/home/weddingc4ke/.pico-sdk/sdk/2.1.0/lib/tinyusb/src/portable/raspberrypi/rp2040/dcd_rp2040.c.o
                0x10002fcc                dcd_init
 .text.dcd_int_enable
                0x10003058        0xc CMakeFiles/image_provider_test.dir/home/weddingc4ke/.pico-sdk/sdk/2.1.0/lib/tinyusb/src/portable/raspberrypi/rp2040/dcd_rp2040.c.o
                0x10003058                dcd_int_enable
 .text.dcd_set_address
                0x10003064       0x14 CMakeFiles/image_provider_test.dir/home/weddingc4ke/.pico-sdk/sdk/2.1.0/lib/tinyusb/src/portable/raspberrypi/rp2040/dcd_rp2040.c.o
                0x10003064                dcd_set_address
 .text.dcd_sof_enable
                0x10003078       0x1c CMakeFiles/image_provider_test.dir/home/weddingc4ke/.pico-sdk/sdk/2.1.0/lib/tinyusb/src/portable/raspberrypi/rp2040/dcd_rp2040.c.o
                0x10003078                dcd_sof_enable
 .text.dcd_edpt0_status_complete
                0x10003094       0x1c CMakeFiles/image_provider_test.dir/home/weddingc4ke/.pico-sdk/sdk/2.1.0/lib/tinyusb/src/portable/raspberrypi/rp2040/dcd_rp2040.c.o
                0x10003094                dcd_edpt0_status_complete
 .text.dcd_edpt_open
                0x100030b0      0x108 CMakeFiles/image_provider_test.dir/home/weddingc4ke/.pico-sdk/sdk/2.1.0/lib/tinyusb/src/portable/raspberrypi/rp2040/dcd_rp2040.c.o
                0x100030b0                dcd_edpt_open
 .text.dcd_edpt_close_all
                0x100031b8        0x8 CMakeFiles/image_provider_test.dir/home/weddingc4ke/.pico-sdk/sdk/2.1.0/lib/tinyusb/src/portable/raspberrypi/rp2040/dcd_rp2040.c.o
                0x100031b8                dcd_edpt_close_all
 .text.dcd_edpt_xfer
                0x100031c0       0x24 CMakeFiles/image_provider_test.dir/home/weddingc4ke/.pico-sdk/sdk/2.1.0/lib/tinyusb/src/portable/raspberrypi/rp2040/dcd_rp2040.c.o
                0x100031c0                dcd_edpt_xfer
 .text.dcd_edpt_stall
                0x100031e4       0x3c CMakeFiles/image_provider_test.dir/home/weddingc4ke/.pico-sdk/sdk/2.1.0/lib/tinyusb/src/portable/raspberrypi/rp2040/dcd_rp2040.c.o
                0x100031e4                dcd_edpt_stall
 .text.dcd_edpt_clear_stall
                0x10003220       0x30 CMakeFiles/image_provider_test.dir/home/weddingc4ke/.pico-sdk/sdk/2.1.0/lib/tinyusb/src/portable/raspberrypi/rp2040/dcd_rp2040.c.o
                0x10003220                dcd_edpt_clear_stall
 .text.rp2040_usb_init
                0x10003250       0x40 CMakeFiles/image_provider_test.dir/home/weddingc4ke/.pico-sdk/sdk/2.1.0/lib/tinyusb/src/portable/raspberrypi/rp2040/rp2040_usb.c.o
                0x10003250                rp2040_usb_init
 .text.hw_endpoint_xfer_start
                0x10003290       0x40 CMakeFiles/image_provider_test.dir/home/weddingc4ke/.pico-sdk/sdk/2.1.0/lib/tinyusb/src/portable/raspberrypi/rp2040/rp2040_usb.c.o
                0x10003290                hw_endpoint_xfer_start
 .text.tud_event_hook_cb
                0x100032d0        0x4 CMakeFiles/image_provider_test.dir/home/weddingc4ke/.pico-sdk/sdk/2.1.0/lib/tinyusb/src/device/usbd.c.o
                0x100032d0                tud_event_hook_cb
 .text.tud_sof_cb
                0x100032d4        0x4 CMakeFiles/image_provider_test.dir/home/weddingc4ke/.pico-sdk/sdk/2.1.0/lib/tinyusb/src/device/usbd.c.o
                0x100032d4                tud_sof_cb
 .text.tud_descriptor_device_qualifier_cb
                0x100032d8        0x4 CMakeFiles/image_provider_test.dir/home/weddingc4ke/.pico-sdk/sdk/2.1.0/lib/tinyusb/src/device/usbd.c.o
                0x100032d8                tud_descriptor_device_qualifier_cb
 .text.tud_descriptor_other_speed_configuration_cb
                0x100032dc        0x4 CMakeFiles/image_provider_test.dir/home/weddingc4ke/.pico-sdk/sdk/2.1.0/lib/tinyusb/src/device/usbd.c.o
                0x100032dc                tud_descriptor_other_speed_configuration_cb
 .text.tud_mount_cb
                0x100032e0        0x4 CMakeFiles/image_provider_test.dir/home/weddingc4ke/.pico-sdk/sdk/2.1.0/lib/tinyusb/src/device/usbd.c.o
                0x100032e0                tud_mount_cb
 .text.tud_umount_cb
                0x100032e4        0x4 CMakeFiles/image_provider_test.dir/home/weddingc4ke/.pico-sdk/sdk/2.1.0/lib/tinyusb/src/device/usbd.c.o
                0x100032e4                tud_umount_cb
 .text.tud_suspend_cb
                0x100032e8        0x4 CMakeFiles/image_provider_test.dir/home/weddingc4ke/.pico-sdk/sdk/2.1.0/lib/tinyusb/src/device/usbd.c.o
                0x100032e8                tud_suspend_cb
 .text.tud_resume_cb
                0x100032ec        0x4 CMakeFiles/image_provider_test.dir/home/weddingc4ke/.pico-sdk/sdk/2.1.0/lib/tinyusb/src/device/usbd.c.o
                0x100032ec                tud_resume_cb
 .text.tud_mounted
                0x100032f0       0x10 CMakeFiles/image_provider_test.dir/home/weddingc4ke/.pico-sdk/sdk/2.1.0/lib/tinyusb/src/device/usbd.c.o
                0x100032f0                tud_mounted
 .text.tud_suspended
                0x10003300       0x10 CMakeFiles/image_provider_test.dir/home/weddingc4ke/.pico-sdk/sdk/2.1.0/lib/tinyusb/src/device/usbd.c.o
                0x10003300                tud_suspended
 .text.tud_init
                0x10003310       0xe0 CMakeFiles/image_provider_test.dir/home/weddingc4ke/.pico-sdk/sdk/2.1.0/lib/tinyusb/src/device/usbd.c.o
                0x10003310                tud_init
 .text.tud_task_ext
                0x100033f0      0x800 CMakeFiles/image_provider_test.dir/home/weddingc4ke/.pico-sdk/sdk/2.1.0/lib/tinyusb/src/device/usbd.c.o
                0x100033f0                tud_task_ext
 .text.usbd_open_edpt_pair
                0x10003bf0       0x9c CMakeFiles/image_provider_test.dir/home/weddingc4ke/.pico-sdk/sdk/2.1.0/lib/tinyusb/src/device/usbd.c.o
                0x10003bf0                usbd_open_edpt_pair
 .text.usbd_edpt_open
                0x10003c8c       0x34 CMakeFiles/image_provider_test.dir/home/weddingc4ke/.pico-sdk/sdk/2.1.0/lib/tinyusb/src/device/usbd.c.o
                0x10003c8c                usbd_edpt_open
 .text.usbd_edpt_claim
                0x10003cc0       0x28 CMakeFiles/image_provider_test.dir/home/weddingc4ke/.pico-sdk/sdk/2.1.0/lib/tinyusb/src/device/usbd.c.o
                0x10003cc0                usbd_edpt_claim
 .text.usbd_edpt_release
                0x10003ce8       0x28 CMakeFiles/image_provider_test.dir/home/weddingc4ke/.pico-sdk/sdk/2.1.0/lib/tinyusb/src/device/usbd.c.o
                0x10003ce8                usbd_edpt_release
 .text.usbd_edpt_xfer
                0x10003d10       0x4c CMakeFiles/image_provider_test.dir/home/weddingc4ke/.pico-sdk/sdk/2.1.0/lib/tinyusb/src/device/usbd.c.o
                0x10003d10                usbd_edpt_xfer
 .text.tud_control_status
                0x10003d5c       0x2c CMakeFiles/image_provider_test.dir/home/weddingc4ke/.pico-sdk/sdk/2.1.0/lib/tinyusb/src/device/usbd_control.c.o
                0x10003d5c                tud_control_status
 .text.tud_control_xfer
                0x10003d88       0xa8 CMakeFiles/image_provider_test.dir/home/weddingc4ke/.pico-sdk/sdk/2.1.0/lib/tinyusb/src/device/usbd_control.c.o
                0x10003d88                tud_control_xfer
 .text.usbd_control_reset
                0x10003e30       0x14 CMakeFiles/image_provider_test.dir/home/weddingc4ke/.pico-sdk/sdk/2.1.0/lib/tinyusb/src/device/usbd_control.c.o
                0x10003e30                usbd_control_reset
 .text.usbd_control_set_complete_callback
                0x10003e44        0xc CMakeFiles/image_provider_test.dir/home/weddingc4ke/.pico-sdk/sdk/2.1.0/lib/tinyusb/src/device/usbd_control.c.o
                0x10003e44                usbd_control_set_complete_callback
 .text.usbd_control_set_request
                0x10003e50       0x1c CMakeFiles/image_provider_test.dir/home/weddingc4ke/.pico-sdk/sdk/2.1.0/lib/tinyusb/src/device/usbd_control.c.o
                0x10003e50                usbd_control_set_request
 .text.usbd_control_xfer_cb
                0x10003e6c       0xec CMakeFiles/image_provider_test.dir/home/weddingc4ke/.pico-sdk/sdk/2.1.0/lib/tinyusb/src/device/usbd_control.c.o
                0x10003e6c                usbd_control_xfer_cb
 .text._prep_out_transaction.isra.0
                0x10003f58       0x5c CMakeFiles/image_provider_test.dir/home/weddingc4ke/.pico-sdk/sdk/2.1.0/lib/tinyusb/src/class/cdc/cdc_device.c.o
 .text.tud_cdc_n_connected
                0x10003fb4       0x30 CMakeFiles/image_provider_test.dir/home/weddingc4ke/.pico-sdk/sdk/2.1.0/lib/tinyusb/src/class/cdc/cdc_device.c.o
                0x10003fb4                tud_cdc_n_connected
 .text.tud_cdc_n_available
                0x10003fe4       0x18 CMakeFiles/image_provider_test.dir/home/weddingc4ke/.pico-sdk/sdk/2.1.0/lib/tinyusb/src/class/cdc/cdc_device.c.o
                0x10003fe4                tud_cdc_n_available
 .text.tud_cdc_n_read
                0x10003ffc       0x9c CMakeFiles/image_provider_test.dir/home/weddingc4ke/.pico-sdk/sdk/2.1.0/lib/tinyusb/src/class/cdc/cdc_device.c.o
                0x10003ffc                tud_cdc_n_read
 .text.tud_cdc_n_write_flush
                0x10004098       0x78 CMakeFiles/image_provider_test.dir/home/weddingc4ke/.pico-sdk/sdk/2.1.0/lib/tinyusb/src/class/cdc/cdc_device.c.o
                0x10004098                tud_cdc_n_write_flush
 .text.tud_cdc_n_write
                0x10004110       0x40 CMakeFiles/image_provider_test.dir/home/weddingc4ke/.pico-sdk/sdk/2.1.0/lib/tinyusb/src/class/cdc/cdc_device.c.o
                0x10004110                tud_cdc_n_write
 .text.tud_cdc_n_write_available
                0x10004150       0x18 CMakeFiles/image_provider_test.dir/home/weddingc4ke/.pico-sdk/sdk/2.1.0/lib/tinyusb/src/class/cdc/cdc_device.c.o
                0x10004150                tud_cdc_n_write_available
 .text.cdcd_init
                0x10004168       0x7c CMakeFiles/image_provider_test.dir/home/weddingc4ke/.pico-sdk/sdk/2.1.0/lib/tinyusb/src/class/cdc/cdc_device.c.o
                0x10004168                cdcd_init
 .text.cdcd_deinit
                0x100041e4       0x30 CMakeFiles/image_provider_test.dir/home/weddingc4ke/.pico-sdk/sdk/2.1.0/lib/tinyusb/src/class/cdc/cdc_device.c.o
                0x100041e4                cdcd_deinit
 .text.cdcd_reset
                0x10004214       0x4c CMakeFiles/image_provider_test.dir/home/weddingc4ke/.pico-sdk/sdk/2.1.0/lib/tinyusb/src/class/cdc/cdc_device.c.o
                0x10004214                cdcd_reset
 .text.cdcd_open
                0x10004260       0xb0 CMakeFiles/image_provider_test.dir/home/weddingc4ke/.pico-sdk/sdk/2.1.0/lib/tinyusb/src/class/cdc/cdc_device.c.o
                0x10004260                cdcd_open
 .text.cdcd_control_xfer_cb
                0x10004310       0xe4 CMakeFiles/image_provider_test.dir/home/weddingc4ke/.pico-sdk/sdk/2.1.0/lib/tinyusb/src/class/cdc/cdc_device.c.o
                0x10004310                cdcd_control_xfer_cb
 .text.cdcd_xfer_cb
                0x100043f4      0x100 CMakeFiles/image_provider_test.dir/home/weddingc4ke/.pico-sdk/sdk/2.1.0/lib/tinyusb/src/class/cdc/cdc_device.c.o
                0x100043f4                cdcd_xfer_cb
 .text.vendord_init
                0x100044f4       0x5c CMakeFiles/image_provider_test.dir/home/weddingc4ke/.pico-sdk/sdk/2.1.0/lib/tinyusb/src/class/vendor/vendor_device.c.o
                0x100044f4                vendord_init
 .text.vendord_deinit
                0x10004550       0x1c CMakeFiles/image_provider_test.dir/home/weddingc4ke/.pico-sdk/sdk/2.1.0/lib/tinyusb/src/class/vendor/vendor_device.c.o
                0x10004550                vendord_deinit
 .text.vendord_reset
                0x1000456c       0x20 CMakeFiles/image_provider_test.dir/home/weddingc4ke/.pico-sdk/sdk/2.1.0/lib/tinyusb/src/class/vendor/vendor_device.c.o
                0x1000456c                vendord_reset
 .text.vendord_open
                0x1000458c      0x128 CMakeFiles/image_provider_test.dir/home/weddingc4ke/.pico-sdk/sdk/2.1.0/lib/tinyusb/src/class/vendor/vendor_device.c.o
                0x1000458c                vendord_open
 .text.vendord_xfer_cb
                0x100046b4       0x9c CMakeFiles/image_provider_test.dir/home/weddingc4ke/.pico-sdk/sdk/2.1.0/lib/tinyusb/src/class/vendor/vendor_device.c.o
                0x100046b4                vendord_xfer_cb
 .text.tusb_init
                0x10004750        0xc CMakeFiles/image_provider_test.dir/home/weddingc4ke/.pico-sdk/sdk/2.1.0/lib/tinyusb/src/tusb.c.o
                0x10004750                tusb_init
 .text.tu_edpt_claim
                0x1000475c       0x50 CMakeFiles/image_provider_test.dir/home/weddingc4ke/.pico-sdk/sdk/2.1.0/lib/tinyusb/src/tusb.c.o
                0x1000475c                tu_edpt_claim
 .text.tu_edpt_release
                0x100047ac       0x38 CMakeFiles/image_provider_test.dir/home/weddingc4ke/.pico-sdk/sdk/2.1.0/lib/tinyusb/src/tusb.c.o
                0x100047ac                tu_edpt_release
 .text.tu_edpt_validate
                0x100047e4       0x7c CMakeFiles/image_provider_test.dir/home/weddingc4ke/.pico-sdk/sdk/2.1.0/lib/tinyusb/src/tusb.c.o
                0x100047e4                tu_edpt_validate
 .text.tu_edpt_bind_driver
                0x10004860       0x34 CMakeFiles/image_provider_test.dir/home/weddingc4ke/.pico-sdk/sdk/2.1.0/lib/tinyusb/src/tusb.c.o
                0x10004860                tu_edpt_bind_driver
 .text.tu_edpt_stream_init
                0x10004894       0x6c CMakeFiles/image_provider_test.dir/home/weddingc4ke/.pico-sdk/sdk/2.1.0/lib/tinyusb/src/tusb.c.o
                0x10004894                tu_edpt_stream_init
 .text.tu_edpt_stream_deinit
                0x10004900        0x4 CMakeFiles/image_provider_test.dir/home/weddingc4ke/.pico-sdk/sdk/2.1.0/lib/tinyusb/src/tusb.c.o
                0x10004900                tu_edpt_stream_deinit
 .text.tu_edpt_stream_write_zlp_if_needed
                0x10004904       0x68 CMakeFiles/image_provider_test.dir/home/weddingc4ke/.pico-sdk/sdk/2.1.0/lib/tinyusb/src/tusb.c.o
                0x10004904                tu_edpt_stream_write_zlp_if_needed
 .text.tu_edpt_stream_write_xfer
                0x1000496c       0x68 CMakeFiles/image_provider_test.dir/home/weddingc4ke/.pico-sdk/sdk/2.1.0/lib/tinyusb/src/tusb.c.o
                0x1000496c                tu_edpt_stream_write_xfer
 .text.tu_edpt_stream_read_xfer
                0x100049d4       0xd8 CMakeFiles/image_provider_test.dir/home/weddingc4ke/.pico-sdk/sdk/2.1.0/lib/tinyusb/src/tusb.c.o
                0x100049d4                tu_edpt_stream_read_xfer
 .text.tu_fifo_config
                0x10004aac       0x6c CMakeFiles/image_provider_test.dir/home/weddingc4ke/.pico-sdk/sdk/2.1.0/lib/tinyusb/src/common/tusb_fifo.c.o
                0x10004aac                tu_fifo_config
 .text.tu_fifo_count
                0x10004b18       0x2c CMakeFiles/image_provider_test.dir/home/weddingc4ke/.pico-sdk/sdk/2.1.0/lib/tinyusb/src/common/tusb_fifo.c.o
                0x10004b18                tu_fifo_count
 .text.tu_fifo_empty
                0x10004b44       0x10 CMakeFiles/image_provider_test.dir/home/weddingc4ke/.pico-sdk/sdk/2.1.0/lib/tinyusb/src/common/tusb_fifo.c.o
                0x10004b44                tu_fifo_empty
 .text.tu_fifo_remaining
                0x10004b54       0x2c CMakeFiles/image_provider_test.dir/home/weddingc4ke/.pico-sdk/sdk/2.1.0/lib/tinyusb/src/common/tusb_fifo.c.o
                0x10004b54                tu_fifo_remaining
 .text.tu_fifo_read
                0x10004b80       0x9c CMakeFiles/image_provider_test.dir/home/weddingc4ke/.pico-sdk/sdk/2.1.0/lib/tinyusb/src/common/tusb_fifo.c.o
                0x10004b80                tu_fifo_read
 .text.tu_fifo_read_n
                0x10004c1c       0xe8 CMakeFiles/image_provider_test.dir/home/weddingc4ke/.pico-sdk/sdk/2.1.0/lib/tinyusb/src/common/tusb_fifo.c.o
                0x10004c1c                tu_fifo_read_n
 .text.tu_fifo_write
                0x10004d04       0xa4 CMakeFiles/image_provider_test.dir/home/weddingc4ke/.pico-sdk/sdk/2.1.0/lib/tinyusb/src/common/tusb_fifo.c.o
                0x10004d04                tu_fifo_write
 .text.tu_fifo_write_n
                0x10004da8      0x178 CMakeFiles/image_provider_test.dir/home/weddingc4ke/.pico-sdk/sdk/2.1.0/lib/tinyusb/src/common/tusb_fifo.c.o
                0x10004da8                tu_fifo_write_n
 .text.tu_fifo_clear
                0x10004f20       0x40 CMakeFiles/image_provider_test.dir/home/weddingc4ke/.pico-sdk/sdk/2.1.0/lib/tinyusb/src/common/tusb_fifo.c.o
                0x10004f20                tu_fifo_clear
 .text.tu_fifo_set_overwritable
                0x10004f60       0x48 CMakeFiles/image_provider_test.dir/home/weddingc4ke/.pico-sdk/sdk/2.1.0/lib/tinyusb/src/common/tusb_fifo.c.o
                0x10004f60                tu_fifo_set_overwritable
 .text._ZN12_GLOBAL__N_19VDebugLogEPKcz.constprop.0
                0x10004fa8       0x1c ../../libpico-tflmicro.a(micro_log.cpp.o)
 .text._Z12VMicroPrintfPKcSt9__va_list
                0x10004fc4       0x14 ../../libpico-tflmicro.a(micro_log.cpp.o)
                0x10004fc4                VMicroPrintf(char const*, std::__va_list)
 .text._Z11MicroPrintfPKcz
                0x10004fd8       0x24 ../../libpico-tflmicro.a(micro_log.cpp.o)
                0x10004fd8                MicroPrintf(char const*, ...)
 .text._ZN6tflite16InitializeTargetEv
                0x10004ffc        0x8 ../../libpico-tflmicro.a(system_setup.cpp.o)
                0x10004ffc                tflite::InitializeTarget()
 .text.DebugLog
                0x10005004       0x18 ../../libpico-tflmicro.a(system_setup.cpp.o)
                0x10005004                DebugLog
 .text._ZN6tflite18MicroErrorReporterD0Ev
                0x1000501c        0x4 ../../libpico-tflmicro.a(micro_error_reporter.cpp.o)
                0x1000501c                tflite::MicroErrorReporter::~MicroErrorReporter()
                0x1000501c                tflite::MicroErrorReporter::~MicroErrorReporter()
                0x1000501c                tflite::MicroErrorReporter::~MicroErrorReporter()
 .text._ZN6tflite18MicroErrorReporter6ReportEPKcSt9__va_list
                0x10005020       0x10 ../../libpico-tflmicro.a(micro_error_reporter.cpp.o)
                0x10005020                tflite::MicroErrorReporter::Report(char const*, std::__va_list)
 .text.atexit   0x10005030       0x10 /usr/lib/gcc/arm-none-eabi/14.2.0/../../../../arm-none-eabi/lib/thumb/v6-m/nofp/libg.a(libc_a-atexit.o)
                0x10005030                atexit
 .text._calloc_r
                0x10005040       0xa8 /usr/lib/gcc/arm-none-eabi/14.2.0/../../../../arm-none-eabi/lib/thumb/v6-m/nofp/libg.a(libc_a-callocr.o)
                0x10005040                _calloc_r
 .text._malloc_r
                0x100050e8      0x5cc /usr/lib/gcc/arm-none-eabi/14.2.0/../../../../arm-none-eabi/lib/thumb/v6-m/nofp/libg.a(libc_a-mallocr.o)
                0x100050e8                _malloc_r
 .text.__malloc_lock
                0x100056b4       0x10 /usr/lib/gcc/arm-none-eabi/14.2.0/../../../../arm-none-eabi/lib/thumb/v6-m/nofp/libg.a(libc_a-mlock.o)
                0x100056b4                __malloc_lock
 .text.__malloc_unlock
                0x100056c4       0x10 /usr/lib/gcc/arm-none-eabi/14.2.0/../../../../arm-none-eabi/lib/thumb/v6-m/nofp/libg.a(libc_a-mlock.o)
                0x100056c4                __malloc_unlock
 .text._realloc_r
                0x100056d4      0x350 /usr/lib/gcc/arm-none-eabi/14.2.0/../../../../arm-none-eabi/lib/thumb/v6-m/nofp/libg.a(libc_a-reallocr.o)
                0x100056d4                _realloc_r
 .text._vfprintf_r
                0x10005a24     0x23c4 /usr/lib/gcc/arm-none-eabi/14.2.0/../../../../arm-none-eabi/lib/thumb/v6-m/nofp/libg.a(libc_a-vfprintf.o)
                0x10005a24                _vfprintf_r
 .text.vfprintf
                0x10007de8       0x18 /usr/lib/gcc/arm-none-eabi/14.2.0/../../../../arm-none-eabi/lib/thumb/v6-m/nofp/libg.a(libc_a-vfprintf.o)
                0x10007de8                vfprintf
 .text.__sbprintf
                0x10007e00       0x8c /usr/lib/gcc/arm-none-eabi/14.2.0/../../../../arm-none-eabi/lib/thumb/v6-m/nofp/libg.a(libc_a-vfprintf.o)
 .text.__sprint_r
                0x10007e8c       0x20 /usr/lib/gcc/arm-none-eabi/14.2.0/../../../../arm-none-eabi/lib/thumb/v6-m/nofp/libg.a(libc_a-sprint_r.o)
                0x10007e8c                __sprint_r
 .text.__sflush_r
                0x10007eac      0x13c /usr/lib/gcc/arm-none-eabi/14.2.0/../../../../arm-none-eabi/lib/thumb/v6-m/nofp/libg.a(libc_a-fflush.o)
                0x10007eac                __sflush_r
 .text._fflush_r
                0x10007fe8       0x68 /usr/lib/gcc/arm-none-eabi/14.2.0/../../../../arm-none-eabi/lib/thumb/v6-m/nofp/libg.a(libc_a-fflush.o)
                0x10007fe8                _fflush_r
 .text.stdio_exit_handler
                0x10008050       0x1c /usr/lib/gcc/arm-none-eabi/14.2.0/../../../../arm-none-eabi/lib/thumb/v6-m/nofp/libg.a(libc_a-findfp.o)
 .text.cleanup_stdio
                0x1000806c       0x3c /usr/lib/gcc/arm-none-eabi/14.2.0/../../../../arm-none-eabi/lib/thumb/v6-m/nofp/libg.a(libc_a-findfp.o)
 .text.global_stdio_init.part.0
                0x100080a8      0x118 /usr/lib/gcc/arm-none-eabi/14.2.0/../../../../arm-none-eabi/lib/thumb/v6-m/nofp/libg.a(libc_a-findfp.o)
 .text.__sinit  0x100081c0       0x38 /usr/lib/gcc/arm-none-eabi/14.2.0/../../../../arm-none-eabi/lib/thumb/v6-m/nofp/libg.a(libc_a-findfp.o)
                0x100081c0                __sinit
 .text.__sfp_lock_acquire
                0x100081f8       0x10 /usr/lib/gcc/arm-none-eabi/14.2.0/../../../../arm-none-eabi/lib/thumb/v6-m/nofp/libg.a(libc_a-findfp.o)
                0x100081f8                __sfp_lock_acquire
 .text.__sfp_lock_release
                0x10008208       0x10 /usr/lib/gcc/arm-none-eabi/14.2.0/../../../../arm-none-eabi/lib/thumb/v6-m/nofp/libg.a(libc_a-findfp.o)
                0x10008208                __sfp_lock_release
 .text.__sfvwrite_r
                0x10008218      0x2e8 /usr/lib/gcc/arm-none-eabi/14.2.0/../../../../arm-none-eabi/lib/thumb/v6-m/nofp/libg.a(libc_a-fvwrite.o)
                0x10008218                __sfvwrite_r
 .text._fwalk_sglue
                0x10008500       0x44 /usr/lib/gcc/arm-none-eabi/14.2.0/../../../../arm-none-eabi/lib/thumb/v6-m/nofp/libg.a(libc_a-fwalk.o)
                0x10008500                _fwalk_sglue
 .text.__sread  0x10008544       0x28 /usr/lib/gcc/arm-none-eabi/14.2.0/../../../../arm-none-eabi/lib/thumb/v6-m/nofp/libg.a(libc_a-stdio.o)
                0x10008544                __sread
 .text.__swrite
                0x1000856c       0x40 /usr/lib/gcc/arm-none-eabi/14.2.0/../../../../arm-none-eabi/lib/thumb/v6-m/nofp/libg.a(libc_a-stdio.o)
                0x1000856c                __swrite
 .text.__sseek  0x100085ac       0x2c /usr/lib/gcc/arm-none-eabi/14.2.0/../../../../arm-none-eabi/lib/thumb/v6-m/nofp/libg.a(libc_a-stdio.o)
                0x100085ac                __sseek
 .text.__sclose
                0x100085d8        0xc /usr/lib/gcc/arm-none-eabi/14.2.0/../../../../arm-none-eabi/lib/thumb/v6-m/nofp/libg.a(libc_a-stdio.o)
                0x100085d8                __sclose
 .text.__swsetup_r
                0x100085e4      0x100 /usr/lib/gcc/arm-none-eabi/14.2.0/../../../../arm-none-eabi/lib/thumb/v6-m/nofp/libg.a(libc_a-wsetup.o)
                0x100085e4                __swsetup_r
 .text.memmove  0x100086e4       0xc4 /usr/lib/gcc/arm-none-eabi/14.2.0/../../../../arm-none-eabi/lib/thumb/v6-m/nofp/libg.a(libc_a-memmove.o)
                0x100086e4                memmove
 .text.strncpy  0x100087a8       0x5c /usr/lib/gcc/arm-none-eabi/14.2.0/../../../../arm-none-eabi/lib/thumb/v6-m/nofp/libg.a(libc_a-strncpy.o)
                0x100087a8                strncpy
 .text._localeconv_r
                0x10008804        0x8 /usr/lib/gcc/arm-none-eabi/14.2.0/../../../../arm-none-eabi/lib/thumb/v6-m/nofp/libg.a(libc_a-localeconv.o)
                0x10008804                _localeconv_r
 .text._close_r
                0x1000880c       0x24 /usr/lib/gcc/arm-none-eabi/14.2.0/../../../../arm-none-eabi/lib/thumb/v6-m/nofp/libg.a(libc_a-closer.o)
                0x1000880c                _close_r
 .text._lseek_r
                0x10008830       0x28 /usr/lib/gcc/arm-none-eabi/14.2.0/../../../../arm-none-eabi/lib/thumb/v6-m/nofp/libg.a(libc_a-lseekr.o)
                0x10008830                _lseek_r
 .text._read_r  0x10008858       0x28 /usr/lib/gcc/arm-none-eabi/14.2.0/../../../../arm-none-eabi/lib/thumb/v6-m/nofp/libg.a(libc_a-readr.o)
                0x10008858                _read_r
 .text._sbrk_r  0x10008880       0x24 /usr/lib/gcc/arm-none-eabi/14.2.0/../../../../arm-none-eabi/lib/thumb/v6-m/nofp/libg.a(libc_a-sbrkr.o)
                0x10008880                _sbrk_r
 .text._write_r
                0x100088a4       0x28 /usr/lib/gcc/arm-none-eabi/14.2.0/../../../../arm-none-eabi/lib/thumb/v6-m/nofp/libg.a(libc_a-writer.o)
                0x100088a4                _write_r
 .text.__errno  0x100088cc        0xc /usr/lib/gcc/arm-none-eabi/14.2.0/../../../../arm-none-eabi/lib/thumb/v6-m/nofp/libg.a(libc_a-errno.o)
                0x100088cc                __errno
 .text.__libc_fini_array
                0x100088d8       0x28 /usr/lib/gcc/arm-none-eabi/14.2.0/../../../../arm-none-eabi/lib/thumb/v6-m/nofp/libg.a(libc_a-fini.o)
                0x100088d8                __libc_fini_array
 .text.__retarget_lock_init_recursive
                0x10008900        0x4 /usr/lib/gcc/arm-none-eabi/14.2.0/../../../../arm-none-eabi/lib/thumb/v6-m/nofp/libg.a(libc_a-lock.o)
                0x10008900                __retarget_lock_init_recursive
 .text.__retarget_lock_close_recursive
                0x10008904        0x4 /usr/lib/gcc/arm-none-eabi/14.2.0/../../../../arm-none-eabi/lib/thumb/v6-m/nofp/libg.a(libc_a-lock.o)
                0x10008904                __retarget_lock_close_recursive
 .text.__retarget_lock_acquire_recursive
                0x10008908        0x4 /usr/lib/gcc/arm-none-eabi/14.2.0/../../../../arm-none-eabi/lib/thumb/v6-m/nofp/libg.a(libc_a-lock.o)
                0x10008908                __retarget_lock_acquire_recursive
 .text.__retarget_lock_release_recursive
                0x1000890c        0x4 /usr/lib/gcc/arm-none-eabi/14.2.0/../../../../arm-none-eabi/lib/thumb/v6-m/nofp/libg.a(libc_a-lock.o)
                0x1000890c                __retarget_lock_release_recursive
 .text.sysconf  0x10008910       0x1c /usr/lib/gcc/arm-none-eabi/14.2.0/../../../../arm-none-eabi/lib/thumb/v6-m/nofp/libg.a(libc_a-sysconf.o)
                0x10008910                sysconf
 .text.memchr   0x1000892c       0x7c /usr/lib/gcc/arm-none-eabi/14.2.0/../../../../arm-none-eabi/lib/thumb/v6-m/nofp/libg.a(libc_a-memchr-stub.o)
                0x1000892c                memchr
 .text.strlen   0x100089a8       0x5c /usr/lib/gcc/arm-none-eabi/14.2.0/../../../../arm-none-eabi/lib/thumb/v6-m/nofp/libg.a(libc_a-strlen-stub.o)
                0x100089a8                strlen
 .text.frexp    0x10008a04       0x68 /usr/lib/gcc/arm-none-eabi/14.2.0/../../../../arm-none-eabi/lib/thumb/v6-m/nofp/libg.a(libm_a-s_frexp.o)
                0x10008a04                frexp
 .text.__register_exitproc
                0x10008a6c       0xa8 /usr/lib/gcc/arm-none-eabi/14.2.0/../../../../arm-none-eabi/lib/thumb/v6-m/nofp/libg.a(libc_a-__atexit.o)
                0x10008a6c                __register_exitproc
 .text.startup.register_fini
                0x10008b14       0x18 /usr/lib/gcc/arm-none-eabi/14.2.0/../../../../arm-none-eabi/lib/thumb/v6-m/nofp/libg.a(libc_a-__call_atexit.o)
 .text.quorem   0x10008b2c      0x150 /usr/lib/gcc/arm-none-eabi/14.2.0/../../../../arm-none-eabi/lib/thumb/v6-m/nofp/libg.a(libc_a-dtoa.o)
 .text._dtoa_r  0x10008c7c     0x1110 /usr/lib/gcc/arm-none-eabi/14.2.0/../../../../arm-none-eabi/lib/thumb/v6-m/nofp/libg.a(libc_a-dtoa.o)
                0x10008c7c                _dtoa_r
 .text._malloc_trim_r
                0x10009d8c       0xb4 /usr/lib/gcc/arm-none-eabi/14.2.0/../../../../arm-none-eabi/lib/thumb/v6-m/nofp/libg.a(libc_a-freer.o)
                0x10009d8c                _malloc_trim_r
 .text._free_r  0x10009e40      0x1f0 /usr/lib/gcc/arm-none-eabi/14.2.0/../../../../arm-none-eabi/lib/thumb/v6-m/nofp/libg.a(libc_a-freer.o)
                0x10009e40                _free_r
 .text._Balloc  0x1000a030       0x50 /usr/lib/gcc/arm-none-eabi/14.2.0/../../../../arm-none-eabi/lib/thumb/v6-m/nofp/libg.a(libc_a-mprec.o)
                0x1000a030                _Balloc
 .text._Bfree   0x1000a080       0x14 /usr/lib/gcc/arm-none-eabi/14.2.0/../../../../arm-none-eabi/lib/thumb/v6-m/nofp/libg.a(libc_a-mprec.o)
                0x1000a080                _Bfree
 .text.__multadd
                0x1000a094       0xa4 /usr/lib/gcc/arm-none-eabi/14.2.0/../../../../arm-none-eabi/lib/thumb/v6-m/nofp/libg.a(libc_a-mprec.o)
                0x1000a094                __multadd
 .text.__hi0bits
                0x1000a138       0x60 /usr/lib/gcc/arm-none-eabi/14.2.0/../../../../arm-none-eabi/lib/thumb/v6-m/nofp/libg.a(libc_a-mprec.o)
                0x1000a138                __hi0bits
 .text.__lo0bits
                0x1000a198       0x90 /usr/lib/gcc/arm-none-eabi/14.2.0/../../../../arm-none-eabi/lib/thumb/v6-m/nofp/libg.a(libc_a-mprec.o)
                0x1000a198                __lo0bits
 .text.__i2b    0x1000a228       0x60 /usr/lib/gcc/arm-none-eabi/14.2.0/../../../../arm-none-eabi/lib/thumb/v6-m/nofp/libg.a(libc_a-mprec.o)
                0x1000a228                __i2b
 .text.__multiply
                0x1000a288      0x1b0 /usr/lib/gcc/arm-none-eabi/14.2.0/../../../../arm-none-eabi/lib/thumb/v6-m/nofp/libg.a(libc_a-mprec.o)
                0x1000a288                __multiply
 .text.__pow5mult
                0x1000a438       0xd8 /usr/lib/gcc/arm-none-eabi/14.2.0/../../../../arm-none-eabi/lib/thumb/v6-m/nofp/libg.a(libc_a-mprec.o)
                0x1000a438                __pow5mult
 .text.__lshift
                0x1000a510       0xfc /usr/lib/gcc/arm-none-eabi/14.2.0/../../../../arm-none-eabi/lib/thumb/v6-m/nofp/libg.a(libc_a-mprec.o)
                0x1000a510                __lshift
 .text.__mcmp   0x1000a60c       0x3c /usr/lib/gcc/arm-none-eabi/14.2.0/../../../../arm-none-eabi/lib/thumb/v6-m/nofp/libg.a(libc_a-mprec.o)
                0x1000a60c                __mcmp
 .text.__mdiff  0x1000a648      0x1a8 /usr/lib/gcc/arm-none-eabi/14.2.0/../../../../arm-none-eabi/lib/thumb/v6-m/nofp/libg.a(libc_a-mprec.o)
                0x1000a648                __mdiff
 .text.__d2b    0x1000a7f0       0xc4 /usr/lib/gcc/arm-none-eabi/14.2.0/../../../../arm-none-eabi/lib/thumb/v6-m/nofp/libg.a(libc_a-mprec.o)
                0x1000a7f0                __d2b
 .text._fclose_r
                0x1000a8b4       0xcc /usr/lib/gcc/arm-none-eabi/14.2.0/../../../../arm-none-eabi/lib/thumb/v6-m/nofp/libg.a(libc_a-fclose.o)
                0x1000a8b4                _fclose_r
 .text.__smakebuf_r
                0x1000a980       0xd4 /usr/lib/gcc/arm-none-eabi/14.2.0/../../../../arm-none-eabi/lib/thumb/v6-m/nofp/libg.a(libc_a-makebuf.o)
                0x1000a980                __smakebuf_r
 .text._fstat_r
                0x1000aa54       0x28 /usr/lib/gcc/arm-none-eabi/14.2.0/../../../../arm-none-eabi/lib/thumb/v6-m/nofp/libg.a(libc_a-fstatr.o)
                0x1000aa54                _fstat_r
 .text._isatty_r
                0x1000aa7c       0x24 /usr/lib/gcc/arm-none-eabi/14.2.0/../../../../arm-none-eabi/lib/thumb/v6-m/nofp/libg.a(libc_a-isattyr.o)
                0x1000aa7c                _isatty_r
 .text.__ascii_mbtowc
                0x1000aaa0       0x2c /usr/lib/gcc/arm-none-eabi/14.2.0/../../../../arm-none-eabi/lib/thumb/v6-m/nofp/libg.a(libc_a-mbtowc_r.o)
                0x1000aaa0                __ascii_mbtowc
 .text.__ascii_wctomb
                0x1000aacc       0x1c /usr/lib/gcc/arm-none-eabi/14.2.0/../../../../arm-none-eabi/lib/thumb/v6-m/nofp/libg.a(libc_a-wctomb_r.o)
                0x1000aacc                __ascii_wctomb
 *(.fini)
 .fini          0x1000aae8        0x4 /usr/lib/gcc/arm-none-eabi/14.2.0/thumb/v6-m/nofp/crti.o
                0x1000aae8                _fini
 *fill*         0x1000aaec        0x4 
 .fini.__stub   0x1000aaf0       0xc0 linker stubs
 *crtbegin.o(.ctors)
 *crtbegin?.o(.ctors)
 *(EXCLUDE_FILE(*crtend.o *crtend?.o) .ctors)
 *(SORT_BY_NAME(.ctors.*))
 *(.ctors)
 *crtbegin.o(.dtors)
 *crtbegin?.o(.dtors)
 *(EXCLUDE_FILE(*crtend.o *crtend?.o) .dtors)
 *(SORT_BY_NAME(.dtors.*))
 *(.dtors)
                0x1000abb0                        . = ALIGN (0x4)
                0x1000abb0                        PROVIDE (__preinit_array_start = .)
 *(SORT_BY_NAME(.preinit_array.*))
 .preinit_array.00100
                0x1000abb0        0x4 CMakeFiles/image_provider_test.dir/home/weddingc4ke/.pico-sdk/sdk/2.1.0/src/rp2_common/pico_runtime_init/runtime_init.c.o
                0x1000abb0                __pre_init_runtime_init_early_resets
 .preinit_array.00101
                0x1000abb4        0x4 CMakeFiles/image_provider_test.dir/home/weddingc4ke/.pico-sdk/sdk/2.1.0/src/rp2_common/pico_runtime_init/runtime_init.c.o
                0x1000abb4                __pre_init_runtime_init_usb_power_down
 .preinit_array.00275
                0x1000abb8        0x4 CMakeFiles/image_provider_test.dir/home/weddingc4ke/.pico-sdk/sdk/2.1.0/src/rp2_common/pico_bit_ops/bit_ops_aeabi.S.o
 .preinit_array.00300
                0x1000abbc        0x4 CMakeFiles/image_provider_test.dir/home/weddingc4ke/.pico-sdk/sdk/2.1.0/src/rp2_common/pico_mem_ops/mem_ops_aeabi.S.o
 .preinit_array.00350
                0x1000abc0        0x4 CMakeFiles/image_provider_test.dir/home/weddingc4ke/.pico-sdk/sdk/2.1.0/src/rp2_common/pico_double/double_aeabi_rp2040.S.o
 .preinit_array.00350
                0x1000abc4        0x4 CMakeFiles/image_provider_test.dir/home/weddingc4ke/.pico-sdk/sdk/2.1.0/src/rp2_common/pico_float/float_aeabi_rp2040.S.o
 .preinit_array.00500
                0x1000abc8        0x4 CMakeFiles/image_provider_test.dir/home/weddingc4ke/.pico-sdk/sdk/2.1.0/src/rp2_common/pico_runtime_init/runtime_init.c.o
                0x1000abc8                __pre_init_runtime_init_clocks
 .preinit_array.00600
                0x1000abcc        0x4 CMakeFiles/image_provider_test.dir/home/weddingc4ke/.pico-sdk/sdk/2.1.0/src/rp2_common/pico_runtime_init/runtime_init.c.o
                0x1000abcc                __pre_init_runtime_init_post_clock_resets
 .preinit_array.00700
                0x1000abd0        0x4 CMakeFiles/image_provider_test.dir/home/weddingc4ke/.pico-sdk/sdk/2.1.0/src/rp2_common/pico_runtime_init/runtime_init.c.o
                0x1000abd0                __pre_init_runtime_init_rp2040_gpio_ie_disable
 .preinit_array.01000
                0x1000abd4        0x4 CMakeFiles/image_provider_test.dir/home/weddingc4ke/.pico-sdk/sdk/2.1.0/src/rp2_common/pico_runtime_init/runtime_init.c.o
                0x1000abd4                __pre_init_runtime_init_spin_locks_reset
 .preinit_array.01100
                0x1000abd8        0x4 CMakeFiles/image_provider_test.dir/home/weddingc4ke/.pico-sdk/sdk/2.1.0/src/common/pico_sync/mutex.c.o
                0x1000abd8                __pre_init_runtime_init_mutex
 .preinit_array.10080
                0x1000abdc        0x4 CMakeFiles/image_provider_test.dir/home/weddingc4ke/.pico-sdk/sdk/2.1.0/src/rp2_common/pico_runtime_init/runtime_init.c.o
                0x1000abdc                __pre_init_runtime_init_install_ram_vector_table
 .preinit_array.11000
                0x1000abe0        0x4 CMakeFiles/image_provider_test.dir/home/weddingc4ke/.pico-sdk/sdk/2.1.0/src/common/pico_time/time.c.o
                0x1000abe0                __pre_init_runtime_init_default_alarm_pool
 .preinit_array.YYYYY
                0x1000abe4        0x4 CMakeFiles/image_provider_test.dir/home/weddingc4ke/.pico-sdk/sdk/2.1.0/src/rp2_common/pico_runtime/runtime.c.o
                0x1000abe4                __pre_init_first_per_core_initializer
 .preinit_array.ZZZZZ.01200
                0x1000abe8        0x4 CMakeFiles/image_provider_test.dir/home/weddingc4ke/.pico-sdk/sdk/2.1.0/src/rp2_common/hardware_irq/irq.c.o
                0x1000abe8                __pre_init_runtime_init_per_core_irq_priorities
 *(.preinit_array)
                0x1000abec                        PROVIDE (__preinit_array_end = .)
                0x1000abec                        . = ALIGN (0x4)
                0x1000abec                        PROVIDE (__init_array_start = .)
 *(SORT_BY_NAME(.init_array.*))
 .init_array.00000
                0x1000abec        0x4 /usr/lib/gcc/arm-none-eabi/14.2.0/../../../../arm-none-eabi/lib/thumb/v6-m/nofp/libg.a(libc_a-__call_atexit.o)
 *(.init_array)
 .init_array    0x1000abf0        0x4 /usr/lib/gcc/arm-none-eabi/14.2.0/thumb/v6-m/nofp/crtbegin.o
 .init_array    0x1000abf4        0x4 CMakeFiles/image_provider_test.dir/home/weddingc4ke/.pico-sdk/sdk/2.1.0/src/rp2_common/pico_unique_id/unique_id.c.o
                0x1000abf8                        PROVIDE (__init_array_end = .)
                0x1000abf8                        . = ALIGN (0x4)
                0x1000abf8                        PROVIDE (__fini_array_start = .)
 *(SORT_BY_NAME(.fini_array.*))
 *(.fini_array)
                0x1000abf8                        PROVIDE (__fini_array_end = .)
 *(.eh_frame*)
 .eh_frame      0x1000abf8        0x0 /usr/lib/gcc/arm-none-eabi/14.2.0/thumb/v6-m/nofp/crtbegin.o
                0x1000abf8                        . = ALIGN (0x4)

.glue_7         0x1000abf8        0x0
 .glue_7        0x1000abf8        0x0 linker stubs

.glue_7t        0x1000abf8        0x0
 .glue_7t       0x1000abf8        0x0 linker stubs

.vfp11_veneer   0x1000abf8        0x0
 .vfp11_veneer  0x1000abf8        0x0 linker stubs

.v4_bx          0x1000abf8        0x0
 .v4_bx         0x1000abf8        0x0 linker stubs

.iplt           0x1000abf8        0x0
 .iplt          0x1000abf8        0x0 /usr/lib/gcc/arm-none-eabi/14.2.0/thumb/v6-m/nofp/crtbegin.o

.rodata         0x1000abf8      0xa94
 *(EXCLUDE_FILE(*libm.a: *libc.a:*lib_a-mem*.o *libgcc.a:) .rodata*)
 .rodata.main.str1.4
                0x1000abf8      0x396 CMakeFiles/image_provider_test.dir/image_provider_test.cpp.o
                                 0xf9 (size before relaxing)
 .rodata.panic.str1.4
                0x1000af8e       0x12 CMakeFiles/image_provider_test.dir/home/weddingc4ke/.pico-sdk/sdk/2.1.0/src/rp2_common/pico_platform_panic/panic.c.o
 .rodata.spin_lock_claim_unused.str1.4
                0x1000af8e       0x1b CMakeFiles/image_provider_test.dir/home/weddingc4ke/.pico-sdk/sdk/2.1.0/src/rp2_common/hardware_sync/sync.c.o
 .rodata.user_irq_claim_unused.str1.4
                0x1000af8e       0x1b CMakeFiles/image_provider_test.dir/home/weddingc4ke/.pico-sdk/sdk/2.1.0/src/rp2_common/hardware_irq/irq.c.o
 *fill*         0x1000af8e        0x2 
 .rodata.at_the_end_of_time
                0x1000af90        0x8 CMakeFiles/image_provider_test.dir/home/weddingc4ke/.pico-sdk/sdk/2.1.0/src/common/pico_time/time.c.o
                0x1000af90                at_the_end_of_time
 .rodata.timer_hardware_alarm_claim.str1.4
                0x1000af98       0x22 CMakeFiles/image_provider_test.dir/home/weddingc4ke/.pico-sdk/sdk/2.1.0/src/rp2_common/hardware_timer/timer.c.o
 .rodata.hard_assertion_failure.str1.4
                0x1000af98        0xc CMakeFiles/image_provider_test.dir/home/weddingc4ke/.pico-sdk/sdk/2.1.0/src/rp2_common/pico_runtime/runtime.c.o
 .rodata.str1.4
                0x1000af98       0x48 CMakeFiles/image_provider_test.dir/home/weddingc4ke/.pico-sdk/sdk/2.1.0/src/rp2_common/pico_standard_binary_info/standard_binary_info.c.o
 .rodata.__bi_84
                0x1000af98        0xc CMakeFiles/image_provider_test.dir/home/weddingc4ke/.pico-sdk/sdk/2.1.0/src/rp2_common/pico_standard_binary_info/standard_binary_info.c.o
 .rodata.__bi_78
                0x1000afa4        0xc CMakeFiles/image_provider_test.dir/home/weddingc4ke/.pico-sdk/sdk/2.1.0/src/rp2_common/pico_standard_binary_info/standard_binary_info.c.o
 .rodata.__bi_54
                0x1000afb0        0xc CMakeFiles/image_provider_test.dir/home/weddingc4ke/.pico-sdk/sdk/2.1.0/src/rp2_common/pico_standard_binary_info/standard_binary_info.c.o
 .rodata.__bi_48
                0x1000afbc        0xc CMakeFiles/image_provider_test.dir/home/weddingc4ke/.pico-sdk/sdk/2.1.0/src/rp2_common/pico_standard_binary_info/standard_binary_info.c.o
 .rodata.__bi_42
                0x1000afc8        0xc CMakeFiles/image_provider_test.dir/home/weddingc4ke/.pico-sdk/sdk/2.1.0/src/rp2_common/pico_standard_binary_info/standard_binary_info.c.o
 .rodata.__bi_34
                0x1000afd4        0xc CMakeFiles/image_provider_test.dir/home/weddingc4ke/.pico-sdk/sdk/2.1.0/src/rp2_common/pico_standard_binary_info/standard_binary_info.c.o
 .rodata.__bi_26
                0x1000afe0        0xc CMakeFiles/image_provider_test.dir/home/weddingc4ke/.pico-sdk/sdk/2.1.0/src/rp2_common/pico_standard_binary_info/standard_binary_info.c.o
 .rodata.__assert_func.str1.4
                0x1000afec       0x43 CMakeFiles/image_provider_test.dir/home/weddingc4ke/.pico-sdk/sdk/2.1.0/src/rp2_common/pico_clib_interface/newlib_interface.c.o
 .rodata.crlf_str.0
                0x1000afec        0x2 CMakeFiles/image_provider_test.dir/home/weddingc4ke/.pico-sdk/sdk/2.1.0/src/rp2_common/pico_stdio/stdio.c.o
 *fill*         0x1000afee        0x2 
 .rodata._resetd_driver
                0x1000aff0       0x20 CMakeFiles/image_provider_test.dir/home/weddingc4ke/.pico-sdk/sdk/2.1.0/src/rp2_common/pico_stdio_usb/reset_interface.c.o
 .rodata.desc_ms_os_20
                0x1000b010       0xa6 CMakeFiles/image_provider_test.dir/home/weddingc4ke/.pico-sdk/sdk/2.1.0/src/rp2_common/pico_stdio_usb/reset_interface.c.o
 *fill*         0x1000b0b6        0x2 
 .rodata.desc_bos
                0x1000b0b8       0x21 CMakeFiles/image_provider_test.dir/home/weddingc4ke/.pico-sdk/sdk/2.1.0/src/rp2_common/pico_stdio_usb/reset_interface.c.o
                0x1000b0b8                desc_bos
 .rodata.str1.4
                0x1000b0d9       0x13 CMakeFiles/image_provider_test.dir/home/weddingc4ke/.pico-sdk/sdk/2.1.0/src/rp2_common/pico_stdio_usb/stdio_usb.c.o
 *fill*         0x1000b0d9        0x3 
 .rodata.__bi_197.0
                0x1000b0dc        0xc CMakeFiles/image_provider_test.dir/home/weddingc4ke/.pico-sdk/sdk/2.1.0/src/rp2_common/pico_stdio_usb/stdio_usb.c.o
 .rodata.str1.4
                0x1000b0e8       0x2a CMakeFiles/image_provider_test.dir/home/weddingc4ke/.pico-sdk/sdk/2.1.0/src/rp2_common/pico_stdio_usb/stdio_usb_descriptors.c.o
 .rodata.usbd_desc_str
                0x1000b0e8       0x18 CMakeFiles/image_provider_test.dir/home/weddingc4ke/.pico-sdk/sdk/2.1.0/src/rp2_common/pico_stdio_usb/stdio_usb_descriptors.c.o
 .rodata.usbd_desc_cfg
                0x1000b100       0x54 CMakeFiles/image_provider_test.dir/home/weddingc4ke/.pico-sdk/sdk/2.1.0/src/rp2_common/pico_stdio_usb/stdio_usb_descriptors.c.o
 .rodata.usbd_desc_device
                0x1000b154       0x12 CMakeFiles/image_provider_test.dir/home/weddingc4ke/.pico-sdk/sdk/2.1.0/src/rp2_common/pico_stdio_usb/stdio_usb_descriptors.c.o
 .rodata.str1.4
                0x1000b166       0x14 CMakeFiles/image_provider_test.dir/home/weddingc4ke/.pico-sdk/sdk/2.1.0/lib/tinyusb/src/portable/raspberrypi/rp2040/dcd_rp2040.c.o
 .rodata.str1.4
                0x1000b166       0x48 CMakeFiles/image_provider_test.dir/home/weddingc4ke/.pico-sdk/sdk/2.1.0/lib/tinyusb/src/portable/raspberrypi/rp2040/rp2040_usb.c.o
 *fill*         0x1000b166        0x2 
 .rodata.tud_task_ext
                0x1000b168       0x8c CMakeFiles/image_provider_test.dir/home/weddingc4ke/.pico-sdk/sdk/2.1.0/lib/tinyusb/src/device/usbd.c.o
 .rodata        0x1000b1f4       0x1c CMakeFiles/image_provider_test.dir/home/weddingc4ke/.pico-sdk/sdk/2.1.0/lib/tinyusb/src/device/usbd.c.o
 .rodata._usbd_driver
                0x1000b210       0x40 CMakeFiles/image_provider_test.dir/home/weddingc4ke/.pico-sdk/sdk/2.1.0/lib/tinyusb/src/device/usbd.c.o
 .rodata._ZN12_GLOBAL__N_19VDebugLogEPKcz.constprop.0.str1.4
                0x1000b250        0x3 ../../libpico-tflmicro.a(micro_log.cpp.o)
 .rodata._ZTVN6tflite18MicroErrorReporterE
                0x1000b250       0x14 ../../libpico-tflmicro.a(micro_error_reporter.cpp.o)
                0x1000b250                vtable for tflite::MicroErrorReporter
 .rodata._vfprintf_r.str1.4
                0x1000b264       0x42 /usr/lib/gcc/arm-none-eabi/14.2.0/../../../../arm-none-eabi/lib/thumb/v6-m/nofp/libg.a(libc_a-vfprintf.o)
 .rodata._vfprintf_r
                0x1000b264      0x204 /usr/lib/gcc/arm-none-eabi/14.2.0/../../../../arm-none-eabi/lib/thumb/v6-m/nofp/libg.a(libc_a-vfprintf.o)
 .rodata.zeroes.0
                0x1000b468       0x10 /usr/lib/gcc/arm-none-eabi/14.2.0/../../../../arm-none-eabi/lib/thumb/v6-m/nofp/libg.a(libc_a-vfprintf.o)
 .rodata.blanks.1
                0x1000b478       0x10 /usr/lib/gcc/arm-none-eabi/14.2.0/../../../../arm-none-eabi/lib/thumb/v6-m/nofp/libg.a(libc_a-vfprintf.o)
 .rodata._dtoa_r.str1.4
                0x1000b488       0x6a /usr/lib/gcc/arm-none-eabi/14.2.0/../../../../arm-none-eabi/lib/thumb/v6-m/nofp/libg.a(libc_a-dtoa.o)
 .rodata.__multadd.str1.4
                0x1000b488       0x57 /usr/lib/gcc/arm-none-eabi/14.2.0/../../../../arm-none-eabi/lib/thumb/v6-m/nofp/libg.a(libc_a-mprec.o)
 .rodata.p05.0  0x1000b488        0xc /usr/lib/gcc/arm-none-eabi/14.2.0/../../../../arm-none-eabi/lib/thumb/v6-m/nofp/libg.a(libc_a-mprec.o)
 *fill*         0x1000b494        0x4 
 .rodata.__mprec_bigtens
                0x1000b498       0x28 /usr/lib/gcc/arm-none-eabi/14.2.0/../../../../arm-none-eabi/lib/thumb/v6-m/nofp/libg.a(libc_a-mprec.o)
                0x1000b498                __mprec_bigtens
 .rodata.__mprec_tens
                0x1000b4c0       0xc8 /usr/lib/gcc/arm-none-eabi/14.2.0/../../../../arm-none-eabi/lib/thumb/v6-m/nofp/libg.a(libc_a-mprec.o)
                0x1000b4c0                __mprec_tens
 .rodata._ctype_
                0x1000b588      0x101 /usr/lib/gcc/arm-none-eabi/14.2.0/../../../../arm-none-eabi/lib/thumb/v6-m/nofp/libg.a(libc_a-ctype_.o)
                0x1000b588                _ctype_
 .rodata._setlocale_r.str1.4
                0x1000b689        0xd /usr/lib/gcc/arm-none-eabi/14.2.0/../../../../arm-none-eabi/lib/thumb/v6-m/nofp/libg.a(libc_a-locale.o)
 .rodata.str1.4
                0x1000b689        0x2 /usr/lib/gcc/arm-none-eabi/14.2.0/../../../../arm-none-eabi/lib/thumb/v6-m/nofp/libg.a(libc_a-locale.o)
                0x1000b698                        . = ALIGN (0x4)
 *fill*         0x1000b689        0x3 
 *(SORT_BY_ALIGNMENT(SORT_BY_NAME(.flashdata*)))
                0x1000b68c                        . = ALIGN (0x4)

.ARM.extab
 *(.ARM.extab* .gnu.linkonce.armextab.*)
                0x1000b68c                        __exidx_start = .

.ARM.exidx
 *(.ARM.exidx* .gnu.linkonce.armexidx.*)
                0x1000b68c                        __exidx_end = .
                0x1000b68c                        . = ALIGN (0x4)
                0x1000b68c                        __binary_info_start = .

.binary_info    0x1000b68c       0x20
 *(.binary_info.keep.*)
 .binary_info.keep.__bi_ptr84
                0x1000b68c        0x4 CMakeFiles/image_provider_test.dir/home/weddingc4ke/.pico-sdk/sdk/2.1.0/src/rp2_common/pico_standard_binary_info/standard_binary_info.c.o
 .binary_info.keep.__bi_ptr78
                0x1000b690        0x4 CMakeFiles/image_provider_test.dir/home/weddingc4ke/.pico-sdk/sdk/2.1.0/src/rp2_common/pico_standard_binary_info/standard_binary_info.c.o
 .binary_info.keep.__bi_ptr54
                0x1000b694        0x4 CMakeFiles/image_provider_test.dir/home/weddingc4ke/.pico-sdk/sdk/2.1.0/src/rp2_common/pico_standard_binary_info/standard_binary_info.c.o
 .binary_info.keep.__bi_ptr48
                0x1000b698        0x4 CMakeFiles/image_provider_test.dir/home/weddingc4ke/.pico-sdk/sdk/2.1.0/src/rp2_common/pico_standard_binary_info/standard_binary_info.c.o
 .binary_info.keep.__bi_ptr42
                0x1000b69c        0x4 CMakeFiles/image_provider_test.dir/home/weddingc4ke/.pico-sdk/sdk/2.1.0/src/rp2_common/pico_standard_binary_info/standard_binary_info.c.o
 .binary_info.keep.__bi_ptr34
                0x1000b6a0        0x4 CMakeFiles/image_provider_test.dir/home/weddingc4ke/.pico-sdk/sdk/2.1.0/src/rp2_common/pico_standard_binary_info/standard_binary_info.c.o
 .binary_info.keep.__bi_ptr26
                0x1000b6a4        0x4 CMakeFiles/image_provider_test.dir/home/weddingc4ke/.pico-sdk/sdk/2.1.0/src/rp2_common/pico_standard_binary_info/standard_binary_info.c.o
 *(.binary_info.*)
 .binary_info.__bi_ptr197
                0x1000b6a8        0x4 CMakeFiles/image_provider_test.dir/home/weddingc4ke/.pico-sdk/sdk/2.1.0/src/rp2_common/pico_stdio_usb/stdio_usb.c.o
                0x1000b6ac                        __binary_info_end = .

.rel.dyn        0x1000b6ac        0x0
 .rel.iplt      0x1000b6ac        0x0 /usr/lib/gcc/arm-none-eabi/14.2.0/thumb/v6-m/nofp/crtbegin.o
                0x1000b6ac                        . = ALIGN (0x4)

.ram_vector_table
                0x20000000       0xc0
 *(.ram_vector_table)
 .ram_vector_table
                0x20000000       0xc0 CMakeFiles/image_provider_test.dir/home/weddingc4ke/.pico-sdk/sdk/2.1.0/src/rp2_common/pico_runtime_init/runtime_init.c.o
                0x20000000                ram_vector_table

.uninitialized_data
                0x200000c0        0x0
                0x200000c0                        . = ALIGN (0x4)
 *(.uninitialized_data*)

.data           0x200000c0     0x16b8 load address 0x1000b6ac
                0x200000c0                        __data_start__ = .
 *(vtable)
 *(.time_critical*)
 .time_critical.mutex_try_enter
                0x200000c0       0x40 CMakeFiles/image_provider_test.dir/home/weddingc4ke/.pico-sdk/sdk/2.1.0/src/common/pico_sync/mutex.c.o
                0x200000c0                mutex_try_enter
 .time_critical.mutex_try_enter_block_until
                0x20000100       0x98 CMakeFiles/image_provider_test.dir/home/weddingc4ke/.pico-sdk/sdk/2.1.0/src/common/pico_sync/mutex.c.o
                0x20000100                mutex_try_enter_block_until
 .time_critical.mutex_enter_timeout_ms
                0x20000198       0x8c CMakeFiles/image_provider_test.dir/home/weddingc4ke/.pico-sdk/sdk/2.1.0/src/common/pico_sync/mutex.c.o
                0x20000198                mutex_enter_timeout_ms
 .time_critical.mutex_exit
                0x20000224       0x28 CMakeFiles/image_provider_test.dir/home/weddingc4ke/.pico-sdk/sdk/2.1.0/src/common/pico_sync/mutex.c.o
                0x20000224                mutex_exit
 .time_critical.flash_init_boot2_copyout
                0x2000024c       0x30 CMakeFiles/image_provider_test.dir/home/weddingc4ke/.pico-sdk/sdk/2.1.0/src/rp2_common/hardware_flash/flash.c.o
 .time_critical.flash_enable_xip_via_boot2
                0x2000027c        0xc CMakeFiles/image_provider_test.dir/home/weddingc4ke/.pico-sdk/sdk/2.1.0/src/rp2_common/hardware_flash/flash.c.o
 .time_critical.flash_cs_force
                0x20000288       0x38 CMakeFiles/image_provider_test.dir/home/weddingc4ke/.pico-sdk/sdk/2.1.0/src/rp2_common/hardware_flash/flash.c.o
 .time_critical.flash_do_cmd
                0x200002c0      0x130 CMakeFiles/image_provider_test.dir/home/weddingc4ke/.pico-sdk/sdk/2.1.0/src/rp2_common/hardware_flash/flash.c.o
                0x200002c0                flash_do_cmd
 .time_critical.reset_non_control_endpoints
                0x200003f0       0x68 CMakeFiles/image_provider_test.dir/home/weddingc4ke/.pico-sdk/sdk/2.1.0/lib/tinyusb/src/portable/raspberrypi/rp2040/dcd_rp2040.c.o
 .time_critical.hw_handle_buff_status
                0x20000458       0xb8 CMakeFiles/image_provider_test.dir/home/weddingc4ke/.pico-sdk/sdk/2.1.0/lib/tinyusb/src/portable/raspberrypi/rp2040/dcd_rp2040.c.o
 .time_critical.dcd_rp2040_irq
                0x20000510      0x574 CMakeFiles/image_provider_test.dir/home/weddingc4ke/.pico-sdk/sdk/2.1.0/lib/tinyusb/src/portable/raspberrypi/rp2040/dcd_rp2040.c.o
 .time_critical.prepare_ep_buffer
                0x20000a84       0xc8 CMakeFiles/image_provider_test.dir/home/weddingc4ke/.pico-sdk/sdk/2.1.0/lib/tinyusb/src/portable/raspberrypi/rp2040/rp2040_usb.c.o
 .time_critical.sync_ep_buffer
                0x20000b4c       0x9c CMakeFiles/image_provider_test.dir/home/weddingc4ke/.pico-sdk/sdk/2.1.0/lib/tinyusb/src/portable/raspberrypi/rp2040/rp2040_usb.c.o
 .time_critical._hw_endpoint_xfer_sync
                0x20000be8       0x28 CMakeFiles/image_provider_test.dir/home/weddingc4ke/.pico-sdk/sdk/2.1.0/lib/tinyusb/src/portable/raspberrypi/rp2040/rp2040_usb.c.o
 .time_critical.e15_is_bulkin_ep
                0x20000c10       0x28 CMakeFiles/image_provider_test.dir/home/weddingc4ke/.pico-sdk/sdk/2.1.0/lib/tinyusb/src/portable/raspberrypi/rp2040/rp2040_usb.c.o
 .time_critical.e15_is_critical_frame_period
                0x20000c38       0x34 CMakeFiles/image_provider_test.dir/home/weddingc4ke/.pico-sdk/sdk/2.1.0/lib/tinyusb/src/portable/raspberrypi/rp2040/rp2040_usb.c.o
 .time_critical.hw_endpoint_reset_transfer
                0x20000c6c        0xc CMakeFiles/image_provider_test.dir/home/weddingc4ke/.pico-sdk/sdk/2.1.0/lib/tinyusb/src/portable/raspberrypi/rp2040/rp2040_usb.c.o
                0x20000c6c                hw_endpoint_reset_transfer
 .time_critical._hw_endpoint_buffer_control_update32
                0x20000c78       0x50 CMakeFiles/image_provider_test.dir/home/weddingc4ke/.pico-sdk/sdk/2.1.0/lib/tinyusb/src/portable/raspberrypi/rp2040/rp2040_usb.c.o
                0x20000c78                _hw_endpoint_buffer_control_update32
 .time_critical.hw_endpoint_start_next_buffer
                0x20000cc8       0x68 CMakeFiles/image_provider_test.dir/home/weddingc4ke/.pico-sdk/sdk/2.1.0/lib/tinyusb/src/portable/raspberrypi/rp2040/rp2040_usb.c.o
                0x20000cc8                hw_endpoint_start_next_buffer
 .time_critical.hw_endpoint_xfer_continue
                0x20000d30       0x40 CMakeFiles/image_provider_test.dir/home/weddingc4ke/.pico-sdk/sdk/2.1.0/lib/tinyusb/src/portable/raspberrypi/rp2040/rp2040_usb.c.o
                0x20000d30                hw_endpoint_xfer_continue
 .time_critical.tinyusb
                0x20000d70      0x1e4 CMakeFiles/image_provider_test.dir/home/weddingc4ke/.pico-sdk/sdk/2.1.0/lib/tinyusb/src/device/usbd.c.o
                0x20000d70                dcd_event_handler
 *(.text*)
 .text          0x20000f54        0x4 /usr/lib/gcc/arm-none-eabi/14.2.0/thumb/v6-m/nofp/libgcc.a(_dvmd_tls.o)
                0x20000f54                __aeabi_ldiv0
                0x20000f54                __aeabi_idiv0
 .text.__stub   0x20000f58       0x80 linker stubs
                0x20000fd8                        . = ALIGN (0x4)
 *(.rodata*)
                0x20000fd8                        . = ALIGN (0x4)
 *(.data*)
 .data.striped_spin_lock_num
                0x20000fd8        0x1 CMakeFiles/image_provider_test.dir/home/weddingc4ke/.pico-sdk/sdk/2.1.0/src/rp2_common/hardware_sync/sync.c.o
 *fill*         0x20000fd9        0x3 
 .data          0x20000fdc       0x48 CMakeFiles/image_provider_test.dir/home/weddingc4ke/.pico-sdk/sdk/2.1.0/src/rp2_common/hardware_irq/irq_handler_chain.S.o
                0x20000fdc                irq_handler_chain_slots
                0x2000100c                irq_handler_chain_first_slot
                0x20001016                irq_handler_chain_remove_tail
 .data.default_alarm_pool
                0x20001024       0x18 CMakeFiles/image_provider_test.dir/home/weddingc4ke/.pico-sdk/sdk/2.1.0/src/common/pico_time/time.c.o
 *fill*         0x2000103c        0x4 
 .data.aeabi_bits_funcs
                0x20001040       0x10 CMakeFiles/image_provider_test.dir/home/weddingc4ke/.pico-sdk/sdk/2.1.0/src/rp2_common/pico_bit_ops/bit_ops_aeabi.S.o
                0x20001040                aeabi_bits_funcs
                0x20001050                aeabi_bits_funcs_end
 .data.aeabi_mem_funcs
                0x20001050       0x10 CMakeFiles/image_provider_test.dir/home/weddingc4ke/.pico-sdk/sdk/2.1.0/src/rp2_common/pico_mem_ops/mem_ops_aeabi.S.o
                0x20001050                aeabi_mem_funcs
                0x20001060                aeabi_mem_funcs_end
 .data.stdio_usb
                0x20001060       0x18 CMakeFiles/image_provider_test.dir/home/weddingc4ke/.pico-sdk/sdk/2.1.0/src/rp2_common/pico_stdio_usb/stdio_usb.c.o
                0x20001060                stdio_usb
 .data._usbd_qdef
                0x20001078       0x1c CMakeFiles/image_provider_test.dir/home/weddingc4ke/.pico-sdk/sdk/2.1.0/lib/tinyusb/src/device/usbd.c.o
                0x20001078                _usbd_qdef
 .data._usbd_rhport
                0x20001094        0x1 CMakeFiles/image_provider_test.dir/home/weddingc4ke/.pico-sdk/sdk/2.1.0/lib/tinyusb/src/device/usbd.c.o
 *fill*         0x20001095        0x3 
 .data.__malloc_sbrk_base
                0x20001098        0x4 /usr/lib/gcc/arm-none-eabi/14.2.0/../../../../arm-none-eabi/lib/thumb/v6-m/nofp/libg.a(libc_a-mallocr.o)
                0x20001098                __malloc_sbrk_base
 .data.__malloc_trim_threshold
                0x2000109c        0x4 /usr/lib/gcc/arm-none-eabi/14.2.0/../../../../arm-none-eabi/lib/thumb/v6-m/nofp/libg.a(libc_a-mallocr.o)
                0x2000109c                __malloc_trim_threshold
 .data.__malloc_av_
                0x200010a0      0x408 /usr/lib/gcc/arm-none-eabi/14.2.0/../../../../arm-none-eabi/lib/thumb/v6-m/nofp/libg.a(libc_a-mallocr.o)
                0x200010a0                __malloc_av_
 .data.__sglue  0x200014a8        0xc /usr/lib/gcc/arm-none-eabi/14.2.0/../../../../arm-none-eabi/lib/thumb/v6-m/nofp/libg.a(libc_a-findfp.o)
                0x200014a8                __sglue
 .data._impure_ptr
                0x200014b4        0x4 /usr/lib/gcc/arm-none-eabi/14.2.0/../../../../arm-none-eabi/lib/thumb/v6-m/nofp/libg.a(libc_a-impure.o)
                0x200014b4                _impure_ptr
 .data._impure_data
                0x200014b8      0x140 /usr/lib/gcc/arm-none-eabi/14.2.0/../../../../arm-none-eabi/lib/thumb/v6-m/nofp/libg.a(libc_a-impure.o)
                0x200014b8                _impure_data
 .data.__atexit_recursive_mutex
                0x200015f8        0x4 /usr/lib/gcc/arm-none-eabi/14.2.0/../../../../arm-none-eabi/lib/thumb/v6-m/nofp/libg.a(libc_a-__call_atexit.o)