Archive member included to satisfy reference by file (symbol)

../../libpico-tflmicro.a(recording_single_arena_buffer_allocator.cpp.o)
                              CMakeFiles/arena_allocator_recording_single_arena_buffer_allocator_test.dir/recording_single_arena_buffer_allocator_test.cpp.o (tflite::RecordingSingleArenaBufferAllocator::~RecordingSingleArenaBufferAllocator())
../../libpico-tflmicro.a(single_arena_buffer_allocator.cpp.o)
                              ../../libpico-tflmicro.a(recording_single_arena_buffer_allocator.cpp.o) (tflite::SingleArenaBufferAllocator::~SingleArenaBufferAllocator())
../../libpico-tflmicro.a(memory_helpers.cpp.o)
                              ../../libpico-tflmicro.a(single_arena_buffer_allocator.cpp.o) (tflite::AlignPointerUp(unsigned char*, unsigned int))
../../libpico-tflmicro.a(micro_log.cpp.o)
                              CMakeFiles/arena_allocator_recording_single_arena_buffer_allocator_test.dir/recording_single_arena_buffer_allocator_test.cpp.o (MicroPrintf(char const*, ...))
../../libpico-tflmicro.a(system_setup.cpp.o)
                              CMakeFiles/arena_allocator_recording_single_arena_buffer_allocator_test.dir/recording_single_arena_buffer_allocator_test.cpp.o (tflite::InitializeTarget())
../../libpico-tflmicro.a(flatbuffer_conversions_bridge.cpp.o)
                              ../../libpico-tflmicro.a(memory_helpers.cpp.o) (tflite::ConvertTensorType(tflite::TensorType, TfLiteType*))
../../libpico-tflmicro.a(micro_error_reporter.cpp.o)
                              ../../libpico-tflmicro.a(flatbuffer_conversions_bridge.cpp.o) (tflite::GetMicroErrorReporter())
../../libpico-tflmicro.a(flatbuffer_conversions.cpp.o)
                              ../../libpico-tflmicro.a(flatbuffer_conversions_bridge.cpp.o) (tflite::ConvertTensorType(tflite::TensorType, TfLiteType*, tflite::ErrorReporter*))
../../libpico-tflmicro.a(common.cpp.o)
                              ../../libpico-tflmicro.a(memory_helpers.cpp.o) (TfLiteIntArrayGetSizeInBytes)
../../libpico-tflmicro.a(tensor_ctypes.cpp.o)
                              ../../libpico-tflmicro.a(memory_helpers.cpp.o) (tflite::GetTensorShape(TfLiteTensor const*))
../../libpico-tflmicro.a(error_reporter.cpp.o)
                              ../../libpico-tflmicro.a(flatbuffer_conversions.cpp.o) (tflite::ErrorReporter::Report(char const*, ...))
/usr/lib/gcc/arm-none-eabi/14.2.0/thumb/v6-m/nofp/libgcc.a(_dvmd_tls.o)
                              CMakeFiles/arena_allocator_recording_single_arena_buffer_allocator_test.dir/home/weddingc4ke/.pico-sdk/sdk/2.1.0/src/rp2_common/pico_divider/divider_hardware.S.o (__aeabi_idiv0)
/usr/lib/gcc/arm-none-eabi/14.2.0/../../../../arm-none-eabi/lib/thumb/v6-m/nofp/libg.a(libc_a-atexit.o)
                              /usr/lib/gcc/arm-none-eabi/14.2.0/../../../../arm-none-eabi/lib/thumb/v6-m/nofp/crt0.o (atexit)
/usr/lib/gcc/arm-none-eabi/14.2.0/../../../../arm-none-eabi/lib/thumb/v6-m/nofp/libg.a(libc_a-calloc.o)
                              CMakeFiles/arena_allocator_recording_single_arena_buffer_allocator_test.dir/home/weddingc4ke/.pico-sdk/sdk/2.1.0/src/rp2_common/pico_malloc/malloc.c.o (calloc)
/usr/lib/gcc/arm-none-eabi/14.2.0/../../../../arm-none-eabi/lib/thumb/v6-m/nofp/libg.a(libc_a-callocr.o)
                              /usr/lib/gcc/arm-none-eabi/14.2.0/../../../../arm-none-eabi/lib/thumb/v6-m/nofp/libg.a(libc_a-calloc.o) (_calloc_r)
/usr/lib/gcc/arm-none-eabi/14.2.0/../../../../arm-none-eabi/lib/thumb/v6-m/nofp/libg.a(libc_a-malloc.o)
                              CMakeFiles/arena_allocator_recording_single_arena_buffer_allocator_test.dir/home/weddingc4ke/.pico-sdk/sdk/2.1.0/src/rp2_common/pico_malloc/malloc.c.o (malloc)
/usr/lib/gcc/arm-none-eabi/14.2.0/../../../../arm-none-eabi/lib/thumb/v6-m/nofp/libg.a(libc_a-mallocr.o)
                              /usr/lib/gcc/arm-none-eabi/14.2.0/../../../../arm-none-eabi/lib/thumb/v6-m/nofp/libg.a(libc_a-callocr.o) (_malloc_r)
/usr/lib/gcc/arm-none-eabi/14.2.0/../../../../arm-none-eabi/lib/thumb/v6-m/nofp/libg.a(libc_a-mlock.o)
                              /usr/lib/gcc/arm-none-eabi/14.2.0/../../../../arm-none-eabi/lib/thumb/v6-m/nofp/libg.a(libc_a-mallocr.o) (__malloc_lock)
/usr/lib/gcc/arm-none-eabi/14.2.0/../../../../arm-none-eabi/lib/thumb/v6-m/nofp/libg.a(libc_a-realloc.o)
                              CMakeFiles/arena_allocator_recording_single_arena_buffer_allocator_test.dir/home/weddingc4ke/.pico-sdk/sdk/2.1.0/src/rp2_common/pico_malloc/malloc.c.o (realloc)
/usr/lib/gcc/arm-none-eabi/14.2.0/../../../../arm-none-eabi/lib/thumb/v6-m/nofp/libg.a(libc_a-reallocr.o)
                              /usr/lib/gcc/arm-none-eabi/14.2.0/../../../../arm-none-eabi/lib/thumb/v6-m/nofp/libg.a(libc_a-realloc.o) (_realloc_r)
/usr/lib/gcc/arm-none-eabi/14.2.0/../../../../arm-none-eabi/lib/thumb/v6-m/nofp/libg.a(libc_a-vfprintf.o)
                              ../../libpico-tflmicro.a(system_setup.cpp.o) (vfprintf)
[...]
Memory Configuration

Name             Origin             Length             Attributes
FLASH            0x10000000         0x00200000         xr
RAM              0x20000000         0x00040000         xrw
SCRATCH_X        0x20040000         0x00001000         xrw
SCRATCH_Y        0x20041000         0x00001000         xrw
*default*        0x00000000         0xffffffff

Linker script and memory map

LOAD /usr/lib/gcc/arm-none-eabi/14.2.0/thumb/v6-m/nofp/crti.o
LOAD /usr/lib/gcc/arm-none-eabi/14.2.0/thumb/v6-m/nofp/crtbegin.o
LOAD /usr/lib/gcc/arm-none-eabi/14.2.0/../../../../arm-none-eabi/lib/thumb/v6-m/nofp/crt0.o

.flash_begin    0x10000000        0x0
                0x10000000                        __flash_binary_start = .

.boot2          0x10000000      0x100
                0x10000000                        __boot2_start__ = .
 *(.boot2)
 .boot2         0x10000000      0x100 ../../../pico-sdk/src/rp2040/boot_stage2/CMakeFiles/bs2_default_library.dir/bs2_default_padded_checksummed.S.o
                0x10000100                        __boot2_end__ = .
                0x00000001                        ASSERT (((__boot2_end__ - __boot2_start__) == 0x100), ERROR: Pico second stage bootloader must be 256 bytes in size)

.text           0x10000100     0xb5a8
                0x10000100                        __logical_binary_start = .
 *(.vectors)
 .vectors       0x10000100       0xd4 CMakeFiles/arena_allocator_recording_single_arena_buffer_allocator_test.dir/home/weddingc4ke/.pico-sdk/sdk/2.1.0/src/rp2_common/pico_crt0/crt0.S.o
                0x10000100                __vectors
                0x10000100                __VECTOR_TABLE
                0x100001c0                isr_invalid
                0x100001c0                __default_isrs_start
                0x100001c2                isr_nmi
                0x100001c4                isr_hardfault
                0x100001c6                isr_svcall
                0x100001c8                isr_pendsv
                0x100001ca                isr_systick
                0x100001cc                isr_irq30
                0x100001cc                __unhandled_user_irq
                0x100001cc                isr_irq13
                0x100001cc                isr_irq27
                0x100001cc                isr_irq31
                0x100001cc                isr_irq5
                0x100001cc                isr_irq11
                0x100001cc                isr_irq23
                0x100001cc                isr_irq18
                0x100001cc                isr_irq28
                0x100001cc                isr_irq19
                0x100001cc                isr_irq0
                0x100001cc                isr_irq6
                0x100001cc                isr_irq22
                0x100001cc                isr_irq17
                0x100001cc                isr_irq14
                0x100001cc                isr_irq2
                0x100001cc                isr_irq10
                0x100001cc                isr_irq8
                0x100001cc                isr_irq24
                0x100001cc                isr_irq1
                0x100001cc                isr_irq7
                0x100001cc                isr_irq21
                0x100001cc                isr_irq20
                0x100001cc                isr_irq15
                0x100001cc                isr_irq25
                0x100001cc                isr_irq4
                0x100001cc                isr_irq16
                0x100001cc                isr_irq29
                0x100001cc                isr_irq26
                0x100001cc                __default_isrs_end
                0x100001cc                isr_irq3
                0x100001cc                isr_irq12
                0x100001cc                isr_irq9
                0x100001d2                unhandled_user_irq_num_in_r0
 *(.binary_info_header)
 .binary_info_header
                0x100001d4       0x14 CMakeFiles/arena_allocator_recording_single_arena_buffer_allocator_test.dir/home/weddingc4ke/.pico-sdk/sdk/2.1.0/src/rp2_common/pico_crt0/crt0.S.o
                0x100001e8                        __binary_info_header_end = .
 *(.embedded_block)
                0x100001e8                        __embedded_block_end = .
 *(.reset)
 .reset         0x100001e8       0x9c CMakeFiles/arena_allocator_recording_single_arena_buffer_allocator_test.dir/home/weddingc4ke/.pico-sdk/sdk/2.1.0/src/rp2_common/pico_crt0/crt0.S.o
                0x100001e8                _entry_point
 *(.init)
 .init          0x10000284        0x4 /usr/lib/gcc/arm-none-eabi/14.2.0/thumb/v6-m/nofp/crti.o
                0x10000284                _init
 *(EXCLUDE_FILE(*libm.a: *libc.a:*lib_a-mem*.o *libgcc.a:) .text*)
 .text.frame_dummy
                0x10000288       0x20 /usr/lib/gcc/arm-none-eabi/14.2.0/thumb/v6-m/nofp/crtbegin.o
 .text.startup.main
                0x100002a8      0x74c CMakeFiles/arena_allocator_recording_single_arena_buffer_allocator_test.dir/recording_single_arena_buffer_allocator_test.cpp.o
                0x100002a8                main
 .text.rp2040_chip_version
                0x100009f4        0xc CMakeFiles/arena_allocator_recording_single_arena_buffer_allocator_test.dir/home/weddingc4ke/.pico-sdk/sdk/2.1.0/src/rp2040/pico_platform/platform.c.o
                0x100009f4                rp2040_chip_version
 .text.panic    0x10000a00       0x30 CMakeFiles/arena_allocator_recording_single_arena_buffer_allocator_test.dir/home/weddingc4ke/.pico-sdk/sdk/2.1.0/src/rp2_common/pico_platform_panic/panic.c.o
                0x10000a00                panic
 .text.hw_claim_or_assert
                0x10000a30       0x44 CMakeFiles/arena_allocator_recording_single_arena_buffer_allocator_test.dir/home/weddingc4ke/.pico-sdk/sdk/2.1.0/src/common/hardware_claim/claim.c.o
                0x10000a30                hw_claim_or_assert
 .text.hw_claim_unused_from_range
                0x10000a74       0x88 CMakeFiles/arena_allocator_recording_single_arena_buffer_allocator_test.dir/home/weddingc4ke/.pico-sdk/sdk/2.1.0/src/common/hardware_claim/claim.c.o
                0x10000a74                hw_claim_unused_from_range
 .text.next_striped_spin_lock_num
                0x10000afc       0x18 CMakeFiles/arena_allocator_recording_single_arena_buffer_allocator_test.dir/home/weddingc4ke/.pico-sdk/sdk/2.1.0/src/rp2_common/hardware_sync/sync.c.o
                0x10000afc                next_striped_spin_lock_num
 .text.spin_lock_claim_unused
                0x10000b14       0x24 CMakeFiles/arena_allocator_recording_single_arena_buffer_allocator_test.dir/home/weddingc4ke/.pico-sdk/sdk/2.1.0/src/rp2_common/hardware_sync/sync.c.o
                0x10000b14                spin_lock_claim_unused
 .text.spin_locks_reset
                0x10000b38       0x1c CMakeFiles/arena_allocator_recording_single_arena_buffer_allocator_test.dir/home/weddingc4ke/.pico-sdk/sdk/2.1.0/src/rp2_common/hardware_sync_spin_lock/sync_spin_lock.c.o
                0x10000b38                spin_locks_reset
 .text.runtime_init_per_core_irq_priorities
                0x10000b54       0x24 CMakeFiles/arena_allocator_recording_single_arena_buffer_allocator_test.dir/home/weddingc4ke/.pico-sdk/sdk/2.1.0/src/rp2_common/hardware_irq/irq.c.o
                0x10000b54                runtime_init_per_core_irq_priorities
 .text.irq_set_enabled
                0x10000b78       0x24 CMakeFiles/arena_allocator_recording_single_arena_buffer_allocator_test.dir/home/weddingc4ke/.pico-sdk/sdk/2.1.0/src/rp2_common/hardware_irq/irq.c.o
                0x10000b78                irq_set_enabled
 .text.irq_is_enabled
                0x10000b9c       0x18 CMakeFiles/arena_allocator_recording_single_arena_buffer_allocator_test.dir/home/weddingc4ke/.pico-sdk/sdk/2.1.0/src/rp2_common/hardware_irq/irq.c.o
                0x10000b9c                irq_is_enabled
 .text.irq_set_pending
                0x10000bb4       0x10 CMakeFiles/arena_allocator_recording_single_arena_buffer_allocator_test.dir/home/weddingc4ke/.pico-sdk/sdk/2.1.0/src/rp2_common/hardware_irq/irq.c.o
                0x10000bb4                irq_set_pending
 .text.irq_has_shared_handler
                0x10000bc4       0x2c CMakeFiles/arena_allocator_recording_single_arena_buffer_allocator_test.dir/home/weddingc4ke/.pico-sdk/sdk/2.1.0/src/rp2_common/hardware_irq/irq.c.o
                0x10000bc4                irq_has_shared_handler
 .text.irq_set_exclusive_handler
                0x10000bf0       0x54 CMakeFiles/arena_allocator_recording_single_arena_buffer_allocator_test.dir/home/weddingc4ke/.pico-sdk/sdk/2.1.0/src/rp2_common/hardware_irq/irq.c.o
                0x10000bf0                irq_set_exclusive_handler
 .text.irq_add_shared_handler
                0x10000c44      0x1f4 CMakeFiles/arena_allocator_recording_single_arena_buffer_allocator_test.dir/home/weddingc4ke/.pico-sdk/sdk/2.1.0/src/rp2_common/hardware_irq/irq.c.o
                0x10000c44                irq_add_shared_handler
 .text.irq_add_tail_to_free_list
                0x10000e38       0xb4 CMakeFiles/arena_allocator_recording_single_arena_buffer_allocator_test.dir/home/weddingc4ke/.pico-sdk/sdk/2.1.0/src/rp2_common/hardware_irq/irq.c.o
                0x10000e38                irq_add_tail_to_free_list
 .text.user_irq_claim_unused
                0x10000eec       0x2c CMakeFiles/arena_allocator_recording_single_arena_buffer_allocator_test.dir/home/weddingc4ke/.pico-sdk/sdk/2.1.0/src/rp2_common/hardware_irq/irq.c.o
                0x10000eec                user_irq_claim_unused
 .text.lock_init
                0x10000f18       0x10 CMakeFiles/arena_allocator_recording_single_arena_buffer_allocator_test.dir/home/weddingc4ke/.pico-sdk/sdk/2.1.0/src/common/pico_sync/lock_core.c.o
                0x10000f18                lock_init
 .text.runtime_init_mutex
                0x10000f28       0x50 CMakeFiles/arena_allocator_recording_single_arena_buffer_allocator_test.dir/home/weddingc4ke/.pico-sdk/sdk/2.1.0/src/common/pico_sync/mutex.c.o
                0x10000f28                runtime_init_mutex
 .text.mutex_init
                0x10000f78       0x1c CMakeFiles/arena_allocator_recording_single_arena_buffer_allocator_test.dir/home/weddingc4ke/.pico-sdk/sdk/2.1.0/src/common/pico_sync/mutex.c.o
                0x10000f78                mutex_init
 .text.critical_section_init
                0x10000f94       0x1c CMakeFiles/arena_allocator_recording_single_arena_buffer_allocator_test.dir/home/weddingc4ke/.pico-sdk/sdk/2.1.0/src/common/pico_sync/critical_section.c.o
                0x10000f94                critical_section_init
 .text.critical_section_init_with_lock_num
                0x10000fb0       0x14 CMakeFiles/arena_allocator_recording_single_arena_buffer_allocator_test.dir/home/weddingc4ke/.pico-sdk/sdk/2.1.0/src/common/pico_sync/critical_section.c.o
                0x10000fb0                critical_section_init_with_lock_num
 .text.sleep_until_callback
                0x10000fc4       0x30 CMakeFiles/arena_allocator_recording_single_arena_buffer_allocator_test.dir/home/weddingc4ke/.pico-sdk/sdk/2.1.0/src/common/pico_time/time.c.o
 .text.alarm_pool_irq_handler
                0x10000ff4      0x2fc CMakeFiles/arena_allocator_recording_single_arena_buffer_allocator_test.dir/home/weddingc4ke/.pico-sdk/sdk/2.1.0/src/common/pico_time/time.c.o
 .text.runtime_init_default_alarm_pool
                0x100012f0       0xdc CMakeFiles/arena_allocator_recording_single_arena_buffer_allocator_test.dir/home/weddingc4ke/.pico-sdk/sdk/2.1.0/src/common/pico_time/time.c.o
                0x100012f0                runtime_init_default_alarm_pool
 .text.alarm_pool_get_default
                0x100013cc        0x8 CMakeFiles/arena_allocator_recording_single_arena_buffer_allocator_test.dir/home/weddingc4ke/.pico-sdk/sdk/2.1.0/src/common/pico_time/time.c.o
                0x100013cc                alarm_pool_get_default
 .text.alarm_pool_add_alarm_at
                0x100013d4       0xd0 CMakeFiles/arena_allocator_recording_single_arena_buffer_allocator_test.dir/home/weddingc4ke/.pico-sdk/sdk/2.1.0/src/common/pico_time/time.c.o
                0x100013d4                alarm_pool_add_alarm_at
 .text.alarm_pool_add_alarm_at_force_in_context
                0x100014a4       0xb0 CMakeFiles/arena_allocator_recording_single_arena_buffer_allocator_test.dir/home/weddingc4ke/.pico-sdk/sdk/2.1.0/src/common/pico_time/time.c.o
                0x100014a4                alarm_pool_add_alarm_at_force_in_context
 .text.alarm_pool_cancel_alarm
                0x10001554       0x74 CMakeFiles/arena_allocator_recording_single_arena_buffer_allocator_test.dir/home/weddingc4ke/.pico-sdk/sdk/2.1.0/src/common/pico_time/time.c.o
                0x10001554                alarm_pool_cancel_alarm
 .text.alarm_pool_core_num
                0x100015c8        0x4 CMakeFiles/arena_allocator_recording_single_arena_buffer_allocator_test.dir/home/weddingc4ke/.pico-sdk/sdk/2.1.0/src/common/pico_time/time.c.o
                0x100015c8                alarm_pool_core_num
 .text.best_effort_wfe_or_timeout
                0x100015cc       0xec CMakeFiles/arena_allocator_recording_single_arena_buffer_allocator_test.dir/home/weddingc4ke/.pico-sdk/sdk/2.1.0/src/common/pico_time/time.c.o
                0x100015cc                best_effort_wfe_or_timeout
 .text.timer_hardware_alarm_claim
                0x100016b8       0x14 CMakeFiles/arena_allocator_recording_single_arena_buffer_allocator_test.dir/home/weddingc4ke/.pico-sdk/sdk/2.1.0/src/rp2_common/hardware_timer/timer.c.o
                0x100016b8                timer_hardware_alarm_claim
 .text.timer_time_us_64
                0x100016cc       0x10 CMakeFiles/arena_allocator_recording_single_arena_buffer_allocator_test.dir/home/weddingc4ke/.pico-sdk/sdk/2.1.0/src/rp2_common/hardware_timer/timer.c.o
                0x100016cc                timer_time_us_64
 .text.time_us_64
                0x100016dc       0x14 CMakeFiles/arena_allocator_recording_single_arena_buffer_allocator_test.dir/home/weddingc4ke/.pico-sdk/sdk/2.1.0/src/rp2_common/hardware_timer/timer.c.o
                0x100016dc                time_us_64
 .text.busy_wait_us
                0x100016f0       0x68 CMakeFiles/arena_allocator_recording_single_arena_buffer_allocator_test.dir/home/weddingc4ke/.pico-sdk/sdk/2.1.0/src/rp2_common/hardware_timer/timer.c.o
                0x100016f0                busy_wait_us
 .text.clock_configure_int_divider
                0x10001758       0xf4 CMakeFiles/arena_allocator_recording_single_arena_buffer_allocator_test.dir/home/weddingc4ke/.pico-sdk/sdk/2.1.0/src/rp2_common/hardware_clocks/clocks.c.o
                0x10001758                clock_configure_int_divider
 .text.clock_configure_undivided
                0x1000184c       0xe8 CMakeFiles/arena_allocator_recording_single_arena_buffer_allocator_test.dir/home/weddingc4ke/.pico-sdk/sdk/2.1.0/src/rp2_common/hardware_clocks/clocks.c.o
                0x1000184c                clock_configure_undivided
 .text.clock_get_hz
                0x10001934        0xc CMakeFiles/arena_allocator_recording_single_arena_buffer_allocator_test.dir/home/weddingc4ke/.pico-sdk/sdk/2.1.0/src/rp2_common/hardware_clocks/clocks.c.o
                0x10001934                clock_get_hz
 .text.pll_init
                0x10001940       0xa4 CMakeFiles/arena_allocator_recording_single_arena_buffer_allocator_test.dir/home/weddingc4ke/.pico-sdk/sdk/2.1.0/src/rp2_common/hardware_pll/pll.c.o
                0x10001940                pll_init
 .text.watchdog_reboot
                0x100019e4       0x9c CMakeFiles/arena_allocator_recording_single_arena_buffer_allocator_test.dir/home/weddingc4ke/.pico-sdk/sdk/2.1.0/src/rp2_common/hardware_watchdog/watchdog.c.o
                0x100019e4                watchdog_reboot
 .text.tick_start
                0x10001a80       0x10 CMakeFiles/arena_allocator_recording_single_arena_buffer_allocator_test.dir/home/weddingc4ke/.pico-sdk/sdk/2.1.0/src/rp2_common/hardware_ticks/ticks.c.o
                0x10001a80                tick_start
 .text.rom_func_lookup
                0x10001a90       0x10 CMakeFiles/arena_allocator_recording_single_arena_buffer_allocator_test.dir/home/weddingc4ke/.pico-sdk/sdk/2.1.0/src/rp2_common/pico_bootrom/bootrom.c.o
                0x10001a90                rom_func_lookup
 .text.rom_data_lookup
                0x10001aa0       0x10 CMakeFiles/arena_allocator_recording_single_arena_buffer_allocator_test.dir/home/weddingc4ke/.pico-sdk/sdk/2.1.0/src/rp2_common/pico_bootrom/bootrom.c.o
                0x10001aa0                rom_data_lookup
 .text.rom_funcs_lookup
                0x10001ab0       0x44 CMakeFiles/arena_allocator_recording_single_arena_buffer_allocator_test.dir/home/weddingc4ke/.pico-sdk/sdk/2.1.0/src/rp2_common/pico_bootrom/bootrom.c.o
                0x10001ab0                rom_funcs_lookup
 .text.rom_reset_usb_boot_extra
                0x10001af4       0x24 CMakeFiles/arena_allocator_recording_single_arena_buffer_allocator_test.dir/home/weddingc4ke/.pico-sdk/sdk/2.1.0/src/rp2_common/pico_bootrom/bootrom.c.o
                0x10001af4                rom_reset_usb_boot_extra
 .text.xosc_init
                0x10001b18       0x28 CMakeFiles/arena_allocator_recording_single_arena_buffer_allocator_test.dir/home/weddingc4ke/.pico-sdk/sdk/2.1.0/src/rp2_common/hardware_xosc/xosc.c.o
                0x10001b18                xosc_init
 .text.first_per_core_initializer
                0x10001b40        0x4 CMakeFiles/arena_allocator_recording_single_arena_buffer_allocator_test.dir/home/weddingc4ke/.pico-sdk/sdk/2.1.0/src/rp2_common/pico_runtime/runtime.c.o
 .text.hard_assertion_failure
                0x10001b44        0xc CMakeFiles/arena_allocator_recording_single_arena_buffer_allocator_test.dir/home/weddingc4ke/.pico-sdk/sdk/2.1.0/src/rp2_common/pico_runtime/runtime.c.o
                0x10001b44                hard_assertion_failure
 .text.runtime_run_initializers
                0x10001b50       0x28 CMakeFiles/arena_allocator_recording_single_arena_buffer_allocator_test.dir/home/weddingc4ke/.pico-sdk/sdk/2.1.0/src/rp2_common/pico_runtime/runtime.c.o
                0x10001b50                runtime_run_initializers
 .text.runtime_init_early_resets
                0x10001b78       0x2c CMakeFiles/arena_allocator_recording_single_arena_buffer_allocator_test.dir/home/weddingc4ke/.pico-sdk/sdk/2.1.0/src/rp2_common/pico_runtime_init/runtime_init.c.o
                0x10001b78                runtime_init_early_resets
 .text.runtime_init_usb_power_down
                0x10001ba4       0x1c CMakeFiles/arena_allocator_recording_single_arena_buffer_allocator_test.dir/home/weddingc4ke/.pico-sdk/sdk/2.1.0/src/rp2_common/pico_runtime_init/runtime_init.c.o
                0x10001ba4                runtime_init_usb_power_down
 .text.runtime_init_post_clock_resets
                0x10001bc0       0x20 CMakeFiles/arena_allocator_recording_single_arena_buffer_allocator_test.dir/home/weddingc4ke/.pico-sdk/sdk/2.1.0/src/rp2_common/pico_runtime_init/runtime_init.c.o
                0x10001bc0                runtime_init_post_clock_resets
 .text.runtime_init_rp2040_gpio_ie_disable
                0x10001be0       0x14 CMakeFiles/arena_allocator_recording_single_arena_buffer_allocator_test.dir/home/weddingc4ke/.pico-sdk/sdk/2.1.0/src/rp2_common/pico_runtime_init/runtime_init.c.o
                0x10001be0                runtime_init_rp2040_gpio_ie_disable
 .text.runtime_init_spin_locks_reset
                0x10001bf4        0x8 CMakeFiles/arena_allocator_recording_single_arena_buffer_allocator_test.dir/home/weddingc4ke/.pico-sdk/sdk/2.1.0/src/rp2_common/pico_runtime_init/runtime_init.c.o
                0x10001bf4                runtime_init_spin_locks_reset
 .text.runtime_init_install_ram_vector_table
                0x10001bfc       0x1c CMakeFiles/arena_allocator_recording_single_arena_buffer_allocator_test.dir/home/weddingc4ke/.pico-sdk/sdk/2.1.0/src/rp2_common/pico_runtime_init/runtime_init.c.o
                0x10001bfc                runtime_init_install_ram_vector_table
 .text.runtime_init_clocks
                0x10001c18       0xd8 CMakeFiles/arena_allocator_recording_single_arena_buffer_allocator_test.dir/home/weddingc4ke/.pico-sdk/sdk/2.1.0/src/rp2_common/pico_runtime_init/runtime_init_clocks.c.o
                0x10001c18                runtime_init_clocks
 .text          0x10001cf0       0x10 CMakeFiles/arena_allocator_recording_single_arena_buffer_allocator_test.dir/home/weddingc4ke/.pico-sdk/sdk/2.1.0/src/rp2_common/pico_bit_ops/bit_ops_aeabi.S.o
 .text.__wrap___aeabi_idiv
                0x10001d00       0x50 CMakeFiles/arena_allocator_recording_single_arena_buffer_allocator_test.dir/home/weddingc4ke/.pico-sdk/sdk/2.1.0/src/rp2_common/pico_divider/divider_hardware.S.o
                0x10001d00                __wrap___aeabi_idivmod
                0x10001d00                divmod_s32s32
                0x10001d00                div_s32s32
                0x10001d00                __wrap___aeabi_idiv
                0x10001d08                divmod_s32s32_unsafe
                0x10001d34                divmod_s32s32_savestate
 .text.__wrap___aeabi_uidiv
                0x10001d50       0x4c CMakeFiles/arena_allocator_recording_single_arena_buffer_allocator_test.dir/home/weddingc4ke/.pico-sdk/sdk/2.1.0/src/rp2_common/pico_divider/divider_hardware.S.o
                0x10001d50                __wrap___aeabi_uidiv
                0x10001d50                __wrap___aeabi_uidivmod
                0x10001d50                div_u32u32
                0x10001d50                divmod_u32u32
                0x10001d58                divmod_u32u32_unsafe
                0x10001d80                divmod_u32u32_savestate
 .text.__wrap___aeabi_ldiv
                0x10001d9c      0x424 CMakeFiles/arena_allocator_recording_single_arena_buffer_allocator_test.dir/home/weddingc4ke/.pico-sdk/sdk/2.1.0/src/rp2_common/pico_divider/divider_hardware.S.o
                0x10001d9c                div_s64s64
                0x10001d9c                divmod_s64s64
                0x10001d9c                __wrap___aeabi_ldivmod
                0x10001dcc                div_u64u64
                0x10001dcc                divmod_u64u64
                0x10001dcc                __wrap___aeabi_uldivmod
                0x10001ddc                divmod_u64u64_savestate
                0x10001dfc                divmod_s64s64_unsafe
                0x10001e84                divmod_u64u64_unsafe
 .text.__wrap___aeabi_darithmetic
                0x100021c0       0x80 CMakeFiles/arena_allocator_recording_single_arena_buffer_allocator_test.dir/home/weddingc4ke/.pico-sdk/sdk/2.1.0/src/rp2_common/pico_double/double_aeabi_rp2040.S.o
                0x100021c0                __wrap___aeabi_drsub
                0x100021c6                __wrap___aeabi_dsub
                0x100021d8                __wrap___aeabi_dadd
                0x100021ea                __wrap___aeabi_ddiv
                0x10002226                __wrap___aeabi_dmul
 .text.__wrap___aeabi_cdcmple
                0x10002240       0x6c CMakeFiles/arena_allocator_recording_single_arena_buffer_allocator_test.dir/home/weddingc4ke/.pico-sdk/sdk/2.1.0/src/rp2_common/pico_double/double_aeabi_rp2040.S.o
                0x10002240                __wrap___aeabi_cdrcmple
                0x10002250                __wrap___aeabi_cdcmple
                0x10002250                __wrap___aeabi_cdcmpeq
 .text.__wrap___aeabi_dcmpeq
                0x100022ac       0x10 CMakeFiles/arena_allocator_recording_single_arena_buffer_allocator_test.dir/home/weddingc4ke/.pico-sdk/sdk/2.1.0/src/rp2_common/pico_double/double_aeabi_rp2040.S.o
                0x100022ac                __wrap___aeabi_dcmpeq
 .text.__wrap___aeabi_dcmplt
                0x100022bc        0xc CMakeFiles/arena_allocator_recording_single_arena_buffer_allocator_test.dir/home/weddingc4ke/.pico-sdk/sdk/2.1.0/src/rp2_common/pico_double/double_aeabi_rp2040.S.o
                0x100022bc                __wrap___aeabi_dcmplt
 .text.__wrap___aeabi_dcmple
                0x100022c8       0x10 CMakeFiles/arena_allocator_recording_single_arena_buffer_allocator_test.dir/home/weddingc4ke/.pico-sdk/sdk/2.1.0/src/rp2_common/pico_double/double_aeabi_rp2040.S.o
                0x100022c8                __wrap___aeabi_dcmple
 .text.__wrap___aeabi_dcmpgt
                0x100022d8        0xa CMakeFiles/arena_allocator_recording_single_arena_buffer_allocator_test.dir/home/weddingc4ke/.pico-sdk/sdk/2.1.0/src/rp2_common/pico_double/double_aeabi_rp2040.S.o
                0x100022d8                __wrap___aeabi_dcmpgt
 .text.__wrap___aeabi_dcmpun
                0x100022e2       0x18 CMakeFiles/arena_allocator_recording_single_arena_buffer_allocator_test.dir/home/weddingc4ke/.pico-sdk/sdk/2.1.0/src/rp2_common/pico_double/double_aeabi_rp2040.S.o
                0x100022e2                __wrap___aeabi_dcmpun
 *fill*         0x100022fa        0x2 
 .text.__wrap___aeabi_i2d
                0x100022fc       0x38 CMakeFiles/arena_allocator_recording_single_arena_buffer_allocator_test.dir/home/weddingc4ke/.pico-sdk/sdk/2.1.0/src/rp2_common/pico_double/double_aeabi_rp2040.S.o
                0x100022fc                __wrap___aeabi_ui2d
                0x10002304                __wrap___aeabi_i2d
 .text.__wrap___aeabi_d2iz
                0x10002334       0x48 CMakeFiles/arena_allocator_recording_single_arena_buffer_allocator_test.dir/home/weddingc4ke/.pico-sdk/sdk/2.1.0/src/rp2_common/pico_double/double_aeabi_rp2040.S.o
                0x10002334                __wrap___aeabi_d2iz
                0x10002334                double2int_z
 .text.__aeabi_double_init
                0x1000237c       0xa4 CMakeFiles/arena_allocator_recording_single_arena_buffer_allocator_test.dir/home/weddingc4ke/.pico-sdk/sdk/2.1.0/src/rp2_common/pico_double/double_init_rom_rp2040.c.o
                0x1000237c                __aeabi_double_init
 .text.double_table_shim_on_use_helper
                0x10002420       0x2c CMakeFiles/arena_allocator_recording_single_arena_buffer_allocator_test.dir/home/weddingc4ke/.pico-sdk/sdk/2.1.0/src/rp2_common/pico_double/double_v1_rom_shim_rp2040.S.o
                0x10002420                double_table_shim_on_use_helper
 .text.__wrap___aeabi_dsub
                0x1000244c       0x10 CMakeFiles/arena_allocator_recording_single_arena_buffer_allocator_test.dir/home/weddingc4ke/.pico-sdk/sdk/2.1.0/src/rp2_common/pico_double/double_v1_rom_shim_rp2040.S.o
                0x1000244c                drsub_shim
                0x10002452                dsub_shim
 .text.dadd_shim
                0x1000245c      0x15c CMakeFiles/arena_allocator_recording_single_arena_buffer_allocator_test.dir/home/weddingc4ke/.pico-sdk/sdk/2.1.0/src/rp2_common/pico_double/double_v1_rom_shim_rp2040.S.o
                0x1000245c                dadd_shim
 .text.dmul_shim
                0x100025b8      0x15c CMakeFiles/arena_allocator_recording_single_arena_buffer_allocator_test.dir/home/weddingc4ke/.pico-sdk/sdk/2.1.0/src/rp2_common/pico_double/double_v1_rom_shim_rp2040.S.o
                0x100025b8                dmul_shim
 .text.ddiv_shim
                0x10002714      0x1b0 CMakeFiles/arena_allocator_recording_single_arena_buffer_allocator_test.dir/home/weddingc4ke/.pico-sdk/sdk/2.1.0/src/rp2_common/pico_double/double_v1_rom_shim_rp2040.S.o
                0x10002714                ddiv_shim
 .text.__aeabi_lmul
                0x100028c4       0x32 CMakeFiles/arena_allocator_recording_single_arena_buffer_allocator_test.dir/home/weddingc4ke/.pico-sdk/sdk/2.1.0/src/rp2_common/pico_int64_ops/pico_int64_ops_aeabi.S.o
                0x100028c4                __wrap___aeabi_lmul
 *fill*         0x100028f6        0x2 
 .text.__aeabi_float_init
                0x100028f8       0x64 CMakeFiles/arena_allocator_recording_single_arena_buffer_allocator_test.dir/home/weddingc4ke/.pico-sdk/sdk/2.1.0/src/rp2_common/pico_float/float_init_rom_rp2040.c.o
                0x100028f8                __aeabi_float_init
 .text.float_table_shim_on_use_helper
                0x1000295c       0x2c CMakeFiles/arena_allocator_recording_single_arena_buffer_allocator_test.dir/home/weddingc4ke/.pico-sdk/sdk/2.1.0/src/rp2_common/pico_float/float_v1_rom_shim_rp2040.S.o
                0x1000295c                float_table_shim_on_use_helper
 .text          0x10002988       0x10 CMakeFiles/arena_allocator_recording_single_arena_buffer_allocator_test.dir/home/weddingc4ke/.pico-sdk/sdk/2.1.0/src/rp2_common/pico_mem_ops/mem_ops_aeabi.S.o
                0x10002988                __aeabi_mem_init
 .text.memset   0x10002998        0xc CMakeFiles/arena_allocator_recording_single_arena_buffer_allocator_test.dir/home/weddingc4ke/.pico-sdk/sdk/2.1.0/src/rp2_common/pico_mem_ops/mem_ops_aeabi.S.o
                0x10002998                __wrap_memset
 .text.memcpy   0x100029a4        0xc CMakeFiles/arena_allocator_recording_single_arena_buffer_allocator_test.dir/home/weddingc4ke/.pico-sdk/sdk/2.1.0/src/rp2_common/pico_mem_ops/mem_ops_aeabi.S.o
                0x100029a4                __wrap___aeabi_memcpy
                0x100029a4                __wrap_memcpy
 .text._out_char
                0x100029b0       0x10 CMakeFiles/arena_allocator_recording_single_arena_buffer_allocator_test.dir/home/weddingc4ke/.pico-sdk/sdk/2.1.0/src/rp2_common/pico_printf/printf.c.o
 .text.weak_raw_printf
                0x100029c0       0x40 CMakeFiles/arena_allocator_recording_single_arena_buffer_allocator_test.dir/home/weddingc4ke/.pico-sdk/sdk/2.1.0/src/rp2_common/pico_printf/printf.c.o
                0x100029c0                weak_raw_printf
 .text.weak_raw_vprintf
                0x10002a00       0x30 CMakeFiles/arena_allocator_recording_single_arena_buffer_allocator_test.dir/home/weddingc4ke/.pico-sdk/sdk/2.1.0/src/rp2_common/pico_printf/printf.c.o
                0x10002a00                weak_raw_vprintf
 .text._exit    0x10002a30        0x4 CMakeFiles/arena_allocator_recording_single_arena_buffer_allocator_test.dir/home/weddingc4ke/.pico-sdk/sdk/2.1.0/src/rp2_common/pico_clib_interface/newlib_interface.c.o
                0x10002a30                _exit
 .text._sbrk    0x10002a34       0x34 CMakeFiles/arena_allocator_recording_single_arena_buffer_allocator_test.dir/home/weddingc4ke/.pico-sdk/sdk/2.1.0/src/rp2_common/pico_clib_interface/newlib_interface.c.o
                0x10002a34                _sbrk
 .text._read    0x10002a68       0x24 CMakeFiles/arena_allocator_recording_single_arena_buffer_allocator_test.dir/home/weddingc4ke/.pico-sdk/sdk/2.1.0/src/rp2_common/pico_clib_interface/newlib_interface.c.o
                0x10002a68                _read
 .text._write   0x10002a8c       0x24 CMakeFiles/arena_allocator_recording_single_arena_buffer_allocator_test.dir/home/weddingc4ke/.pico-sdk/sdk/2.1.0/src/rp2_common/pico_clib_interface/newlib_interface.c.o
                0x10002a8c                _write
 .text._close   0x10002ab0        0x8 CMakeFiles/arena_allocator_recording_single_arena_buffer_allocator_test.dir/home/weddingc4ke/.pico-sdk/sdk/2.1.0/src/rp2_common/pico_clib_interface/newlib_interface.c.o
                0x10002ab0                _close
 .text._lseek   0x10002ab8        0x8 CMakeFiles/arena_allocator_recording_single_arena_buffer_allocator_test.dir/home/weddingc4ke/.pico-sdk/sdk/2.1.0/src/rp2_common/pico_clib_interface/newlib_interface.c.o
                0x10002ab8                _lseek
 .text._fstat   0x10002ac0        0x8 CMakeFiles/arena_allocator_recording_single_arena_buffer_allocator_test.dir/home/weddingc4ke/.pico-sdk/sdk/2.1.0/src/rp2_common/pico_clib_interface/newlib_interface.c.o
                0x10002ac0                _fstat
 .text._isatty  0x10002ac8        0xc CMakeFiles/arena_allocator_recording_single_arena_buffer_allocator_test.dir/home/weddingc4ke/.pico-sdk/sdk/2.1.0/src/rp2_common/pico_clib_interface/newlib_interface.c.o
                0x10002ac8                _isatty
 .text.exit     0x10002ad4        0x8 CMakeFiles/arena_allocator_recording_single_arena_buffer_allocator_test.dir/home/weddingc4ke/.pico-sdk/sdk/2.1.0/src/rp2_common/pico_clib_interface/newlib_interface.c.o
                0x10002ad4                exit
 .text.__assert_func
                0x10002adc       0x38 CMakeFiles/arena_allocator_recording_single_arena_buffer_allocator_test.dir/home/weddingc4ke/.pico-sdk/sdk/2.1.0/src/rp2_common/pico_clib_interface/newlib_interface.c.o
                0x10002adc                __assert_func
 .text.runtime_init
                0x10002b14       0x2c CMakeFiles/arena_allocator_recording_single_arena_buffer_allocator_test.dir/home/weddingc4ke/.pico-sdk/sdk/2.1.0/src/rp2_common/pico_clib_interface/newlib_interface.c.o
                0x10002b14                runtime_init
 .text.stdio_out_chars_no_crlf
                0x10002b40       0x10 CMakeFiles/arena_allocator_recording_single_arena_buffer_allocator_test.dir/home/weddingc4ke/.pico-sdk/sdk/2.1.0/src/rp2_common/pico_stdio/stdio.c.o
 .text.stdio_out_chars_crlf
                0x10002b50       0xb0 CMakeFiles/arena_allocator_recording_single_arena_buffer_allocator_test.dir/home/weddingc4ke/.pico-sdk/sdk/2.1.0/src/rp2_common/pico_stdio/stdio.c.o
 .text.stdio_put_string
                0x10002c00       0xfc CMakeFiles/arena_allocator_recording_single_arena_buffer_allocator_test.dir/home/weddingc4ke/.pico-sdk/sdk/2.1.0/src/rp2_common/pico_stdio/stdio.c.o
                0x10002c00                stdio_put_string
 .text.stdio_get_until
                0x10002cfc       0x84 CMakeFiles/arena_allocator_recording_single_arena_buffer_allocator_test.dir/home/weddingc4ke/.pico-sdk/sdk/2.1.0/src/rp2_common/pico_stdio/stdio.c.o
                0x10002cfc                stdio_get_until
 .text.stdio_set_driver_enabled
                0x10002d80       0x30 CMakeFiles/arena_allocator_recording_single_arena_buffer_allocator_test.dir/home/weddingc4ke/.pico-sdk/sdk/2.1.0/src/rp2_common/pico_stdio/stdio.c.o
                0x10002d80                stdio_set_driver_enabled
 .text.stdio_init_all
                0x10002db0        0x8 CMakeFiles/arena_allocator_recording_single_arena_buffer_allocator_test.dir/home/weddingc4ke/.pico-sdk/sdk/2.1.0/src/rp2_common/pico_stdio/stdio.c.o
                0x10002db0                stdio_init_all
 .text.__wrap_putchar
                0x10002db8       0x94 CMakeFiles/arena_allocator_recording_single_arena_buffer_allocator_test.dir/home/weddingc4ke/.pico-sdk/sdk/2.1.0/src/rp2_common/pico_stdio/stdio.c.o
                0x10002db8                stdio_putchar
                0x10002db8                __wrap_putchar
 .text.__wrap_puts
                0x10002e4c       0x3c CMakeFiles/arena_allocator_recording_single_arena_buffer_allocator_test.dir/home/weddingc4ke/.pico-sdk/sdk/2.1.0/src/rp2_common/pico_stdio/stdio.c.o
                0x10002e4c                __wrap_puts
                0x10002e4c                stdio_puts
 .text.resetd_init
                0x10002e88        0x4 CMakeFiles/arena_allocator_recording_single_arena_buffer_allocator_test.dir/home/weddingc4ke/.pico-sdk/sdk/2.1.0/src/rp2_common/pico_stdio_usb/reset_interface.c.o
 .text.resetd_reset
                0x10002e8c        0xc CMakeFiles/arena_allocator_recording_single_arena_buffer_allocator_test.dir/home/weddingc4ke/.pico-sdk/sdk/2.1.0/src/rp2_common/pico_stdio_usb/reset_interface.c.o
 .text.resetd_open
                0x10002e98       0x28 CMakeFiles/arena_allocator_recording_single_arena_buffer_allocator_test.dir/home/weddingc4ke/.pico-sdk/sdk/2.1.0/src/rp2_common/pico_stdio_usb/reset_interface.c.o
 .text.resetd_xfer_cb
                0x10002ec0        0x4 CMakeFiles/arena_allocator_recording_single_arena_buffer_allocator_test.dir/home/weddingc4ke/.pico-sdk/sdk/2.1.0/src/rp2_common/pico_stdio_usb/reset_interface.c.o
 .text.resetd_control_xfer_cb
                0x10002ec4       0x54 CMakeFiles/arena_allocator_recording_single_arena_buffer_allocator_test.dir/home/weddingc4ke/.pico-sdk/sdk/2.1.0/src/rp2_common/pico_stdio_usb/reset_interface.c.o
 .text.tud_descriptor_bos_cb
                0x10002f18        0x8 CMakeFiles/arena_allocator_recording_single_arena_buffer_allocator_test.dir/home/weddingc4ke/.pico-sdk/sdk/2.1.0/src/rp2_common/pico_stdio_usb/reset_interface.c.o
                0x10002f18                tud_descriptor_bos_cb
 .text.tud_vendor_control_xfer_cb
                0x10002f20       0x34 CMakeFiles/arena_allocator_recording_single_arena_buffer_allocator_test.dir/home/weddingc4ke/.pico-sdk/sdk/2.1.0/src/rp2_common/pico_stdio_usb/reset_interface.c.o
                0x10002f20                tud_vendor_control_xfer_cb
 .text.usbd_app_driver_get_cb
                0x10002f54        0xc CMakeFiles/arena_allocator_recording_single_arena_buffer_allocator_test.dir/home/weddingc4ke/.pico-sdk/sdk/2.1.0/src/rp2_common/pico_stdio_usb/reset_interface.c.o
                0x10002f54                usbd_app_driver_get_cb
 .text.tud_cdc_line_coding_cb
                0x10002f60       0x2c CMakeFiles/arena_allocator_recording_single_arena_buffer_allocator_test.dir/home/weddingc4ke/.pico-sdk/sdk/2.1.0/src/rp2_common/pico_stdio_usb/reset_interface.c.o
                0x10002f60                tud_cdc_line_coding_cb
 .text.stdio_usb_set_chars_available_callback
                0x10002f8c       0x14 CMakeFiles/arena_allocator_recording_single_arena_buffer_allocator_test.dir/home/weddingc4ke/.pico-sdk/sdk/2.1.0/src/rp2_common/pico_stdio_usb/stdio_usb.c.o
                0x10002f8c                stdio_usb_set_chars_available_callback
 .text.usb_irq  0x10002fa0       0x10 CMakeFiles/arena_allocator_recording_single_arena_buffer_allocator_test.dir/home/weddingc4ke/.pico-sdk/sdk/2.1.0/src/rp2_common/pico_stdio_usb/stdio_usb.c.o
 .text.timer_task
                0x10002fb0       0x64 CMakeFiles/arena_allocator_recording_single_arena_buffer_allocator_test.dir/home/weddingc4ke/.pico-sdk/sdk/2.1.0/src/rp2_common/pico_stdio_usb/stdio_usb.c.o
 .text.stdio_usb_in_chars
                0x10003014       0x8c CMakeFiles/arena_allocator_recording_single_arena_buffer_allocator_test.dir/home/weddingc4ke/.pico-sdk/sdk/2.1.0/src/rp2_common/pico_stdio_usb/stdio_usb.c.o
                0x10003014                stdio_usb_in_chars
 .text.stdio_usb_out_flush
                0x100030a0       0x4c CMakeFiles/arena_allocator_recording_single_arena_buffer_allocator_test.dir/home/weddingc4ke/.pico-sdk/sdk/2.1.0/src/rp2_common/pico_stdio_usb/stdio_usb.c.o
 .text.stdio_usb_out_chars
                0x100030ec      0x100 CMakeFiles/arena_allocator_recording_single_arena_buffer_allocator_test.dir/home/weddingc4ke/.pico-sdk/sdk/2.1.0/src/rp2_common/pico_stdio_usb/stdio_usb.c.o
 .text.low_priority_worker_irq
                0x100031ec       0xc8 CMakeFiles/arena_allocator_recording_single_arena_buffer_allocator_test.dir/home/weddingc4ke/.pico-sdk/sdk/2.1.0/src/rp2_common/pico_stdio_usb/stdio_usb.c.o
 .text.stdio_usb_init
                0x100032b4       0xe4 CMakeFiles/arena_allocator_recording_single_arena_buffer_allocator_test.dir/home/weddingc4ke/.pico-sdk/sdk/2.1.0/src/rp2_common/pico_stdio_usb/stdio_usb.c.o
                0x100032b4                stdio_usb_init
 .text.tud_descriptor_device_cb
                0x10003398        0x8 CMakeFiles/arena_allocator_recording_single_arena_buffer_allocator_test.dir/home/weddingc4ke/.pico-sdk/sdk/2.1.0/src/rp2_common/pico_stdio_usb/stdio_usb_descriptors.c.o
                0x10003398                tud_descriptor_device_cb
 .text.tud_descriptor_configuration_cb
                0x100033a0        0x8 CMakeFiles/arena_allocator_recording_single_arena_buffer_allocator_test.dir/home/weddingc4ke/.pico-sdk/sdk/2.1.0/src/rp2_common/pico_stdio_usb/stdio_usb_descriptors.c.o
                0x100033a0                tud_descriptor_configuration_cb
 .text.tud_descriptor_string_cb
                0x100033a8       0x78 CMakeFiles/arena_allocator_recording_single_arena_buffer_allocator_test.dir/home/weddingc4ke/.pico-sdk/sdk/2.1.0/src/rp2_common/pico_stdio_usb/stdio_usb_descriptors.c.o
                0x100033a8                tud_descriptor_string_cb
 .text.startup._retrieve_unique_id_on_boot
                0x10003420       0x10 CMakeFiles/arena_allocator_recording_single_arena_buffer_allocator_test.dir/home/weddingc4ke/.pico-sdk/sdk/2.1.0/src/rp2_common/pico_unique_id/unique_id.c.o
 .text.pico_get_unique_board_id_string
                0x10003430      0x1a8 CMakeFiles/arena_allocator_recording_single_arena_buffer_allocator_test.dir/home/weddingc4ke/.pico-sdk/sdk/2.1.0/src/rp2_common/pico_unique_id/unique_id.c.o
                0x10003430                pico_get_unique_board_id_string
 .text.flash_get_unique_id
                0x100035d8       0x3c CMakeFiles/arena_allocator_recording_single_arena_buffer_allocator_test.dir/home/weddingc4ke/.pico-sdk/sdk/2.1.0/src/rp2_common/hardware_flash/flash.c.o
                0x100035d8                flash_get_unique_id
 .text.dcd_init
                0x10003614       0x8c CMakeFiles/arena_allocator_recording_single_arena_buffer_allocator_test.dir/home/weddingc4ke/.pico-sdk/sdk/2.1.0/lib/tinyusb/src/portable/raspberrypi/rp2040/dcd_rp2040.c.o
                0x10003614                dcd_init
 .text.dcd_int_enable
                0x100036a0        0xc CMakeFiles/arena_allocator_recording_single_arena_buffer_allocator_test.dir/home/weddingc4ke/.pico-sdk/sdk/2.1.0/lib/tinyusb/src/portable/raspberrypi/rp2040/dcd_rp2040.c.o
                0x100036a0                dcd_int_enable
 .text.dcd_set_address
                0x100036ac       0x14 CMakeFiles/arena_allocator_recording_single_arena_buffer_allocator_test.dir/home/weddingc4ke/.pico-sdk/sdk/2.1.0/lib/tinyusb/src/portable/raspberrypi/rp2040/dcd_rp2040.c.o
                0x100036ac                dcd_set_address
 .text.dcd_sof_enable
                0x100036c0       0x1c CMakeFiles/arena_allocator_recording_single_arena_buffer_allocator_test.dir/home/weddingc4ke/.pico-sdk/sdk/2.1.0/lib/tinyusb/src/portable/raspberrypi/rp2040/dcd_rp2040.c.o
                0x100036c0                dcd_sof_enable
 .text.dcd_edpt0_status_complete
                0x100036dc       0x1c CMakeFiles/arena_allocator_recording_single_arena_buffer_allocator_test.dir/home/weddingc4ke/.pico-sdk/sdk/2.1.0/lib/tinyusb/src/portable/raspberrypi/rp2040/dcd_rp2040.c.o
                0x100036dc                dcd_edpt0_status_complete
 .text.dcd_edpt_open
                0x100036f8      0x108 CMakeFiles/arena_allocator_recording_single_arena_buffer_allocator_test.dir/home/weddingc4ke/.pico-sdk/sdk/2.1.0/lib/tinyusb/src/portable/raspberrypi/rp2040/dcd_rp2040.c.o
                0x100036f8                dcd_edpt_open
 .text.dcd_edpt_close_all
                0x10003800        0x8 CMakeFiles/arena_allocator_recording_single_arena_buffer_allocator_test.dir/home/weddingc4ke/.pico-sdk/sdk/2.1.0/lib/tinyusb/src/portable/raspberrypi/rp2040/dcd_rp2040.c.o
                0x10003800                dcd_edpt_close_all
 .text.dcd_edpt_xfer
                0x10003808       0x24 CMakeFiles/arena_allocator_recording_single_arena_buffer_allocator_test.dir/home/weddingc4ke/.pico-sdk/sdk/2.1.0/lib/tinyusb/src/portable/raspberrypi/rp2040/dcd_rp2040.c.o
                0x10003808                dcd_edpt_xfer
 .text.dcd_edpt_stall
                0x1000382c       0x3c CMakeFiles/arena_allocator_recording_single_arena_buffer_allocator_test.dir/home/weddingc4ke/.pico-sdk/sdk/2.1.0/lib/tinyusb/src/portable/raspberrypi/rp2040/dcd_rp2040.c.o
                0x1000382c                dcd_edpt_stall
 .text.dcd_edpt_clear_stall
                0x10003868       0x30 CMakeFiles/arena_allocator_recording_single_arena_buffer_allocator_test.dir/home/weddingc4ke/.pico-sdk/sdk/2.1.0/lib/tinyusb/src/portable/raspberrypi/rp2040/dcd_rp2040.c.o
                0x10003868                dcd_edpt_clear_stall
 .text.rp2040_usb_init
                0x10003898       0x40 CMakeFiles/arena_allocator_recording_single_arena_buffer_allocator_test.dir/home/weddingc4ke/.pico-sdk/sdk/2.1.0/lib/tinyusb/src/portable/raspberrypi/rp2040/rp2040_usb.c.o
                0x10003898                rp2040_usb_init
 .text.hw_endpoint_xfer_start
                0x100038d8       0x40 CMakeFiles/arena_allocator_recording_single_arena_buffer_allocator_test.dir/home/weddingc4ke/.pico-sdk/sdk/2.1.0/lib/tinyusb/src/portable/raspberrypi/rp2040/rp2040_usb.c.o
                0x100038d8                hw_endpoint_xfer_start
 .text.tud_event_hook_cb
                0x10003918        0x4 CMakeFiles/arena_allocator_recording_single_arena_buffer_allocator_test.dir/home/weddingc4ke/.pico-sdk/sdk/2.1.0/lib/tinyusb/src/device/usbd.c.o
                0x10003918                tud_event_hook_cb
 .text.tud_sof_cb
                0x1000391c        0x4 CMakeFiles/arena_allocator_recording_single_arena_buffer_allocator_test.dir/home/weddingc4ke/.pico-sdk/sdk/2.1.0/lib/tinyusb/src/device/usbd.c.o
                0x1000391c                tud_sof_cb
 .text.tud_descriptor_device_qualifier_cb
                0x10003920        0x4 CMakeFiles/arena_allocator_recording_single_arena_buffer_allocator_test.dir/home/weddingc4ke/.pico-sdk/sdk/2.1.0/lib/tinyusb/src/device/usbd.c.o
                0x10003920                tud_descriptor_device_qualifier_cb
 .text.tud_descriptor_other_speed_configuration_cb
                0x10003924        0x4 CMakeFiles/arena_allocator_recording_single_arena_buffer_allocator_test.dir/home/weddingc4ke/.pico-sdk/sdk/2.1.0/lib/tinyusb/src/device/usbd.c.o
                0x10003924                tud_descriptor_other_speed_configuration_cb
 .text.tud_mount_cb
                0x10003928        0x4 CMakeFiles/arena_allocator_recording_single_arena_buffer_allocator_test.dir/home/weddingc4ke/.pico-sdk/sdk/2.1.0/lib/tinyusb/src/device/usbd.c.o
                0x10003928                tud_mount_cb
 .text.tud_umount_cb
                0x1000392c        0x4 CMakeFiles/arena_allocator_recording_single_arena_buffer_allocator_test.dir/home/weddingc4ke/.pico-sdk/sdk/2.1.0/lib/tinyusb/src/device/usbd.c.o
                0x1000392c                tud_umount_cb
 .text.tud_suspend_cb
                0x10003930        0x4 CMakeFiles/arena_allocator_recording_single_arena_buffer_allocator_test.dir/home/weddingc4ke/.pico-sdk/sdk/2.1.0/lib/tinyusb/src/device/usbd.c.o
                0x10003930                tud_suspend_cb
 .text.tud_resume_cb
                0x10003934        0x4 CMakeFiles/arena_allocator_recording_single_arena_buffer_allocator_test.dir/home/weddingc4ke/.pico-sdk/sdk/2.1.0/lib/tinyusb/src/device/usbd.c.o
                0x10003934                tud_resume_cb
 .text.tud_mounted
                0x10003938       0x10 CMakeFiles/arena_allocator_recording_single_arena_buffer_allocator_test.dir/home/weddingc4ke/.pico-sdk/sdk/2.1.0/lib/tinyusb/src/device/usbd.c.o
                0x10003938                tud_mounted
 .text.tud_suspended
                0x10003948       0x10 CMakeFiles/arena_allocator_recording_single_arena_buffer_allocator_test.dir/home/weddingc4ke/.pico-sdk/sdk/2.1.0/lib/tinyusb/src/device/usbd.c.o
                0x10003948                tud_suspended
 .text.tud_init
                0x10003958       0xe0 CMakeFiles/arena_allocator_recording_single_arena_buffer_allocator_test.dir/home/weddingc4ke/.pico-sdk/sdk/2.1.0/lib/tinyusb/src/device/usbd.c.o
                0x10003958                tud_init
 .text.tud_task_ext
                0x10003a38      0x800 CMakeFiles/arena_allocator_recording_single_arena_buffer_allocator_test.dir/home/weddingc4ke/.pico-sdk/sdk/2.1.0/lib/tinyusb/src/device/usbd.c.o
                0x10003a38                tud_task_ext
 .text.usbd_open_edpt_pair
                0x10004238       0x9c CMakeFiles/arena_allocator_recording_single_arena_buffer_allocator_test.dir/home/weddingc4ke/.pico-sdk/sdk/2.1.0/lib/tinyusb/src/device/usbd.c.o
                0x10004238                usbd_open_edpt_pair
 .text.usbd_edpt_open
                0x100042d4       0x34 CMakeFiles/arena_allocator_recording_single_arena_buffer_allocator_test.dir/home/weddingc4ke/.pico-sdk/sdk/2.1.0/lib/tinyusb/src/device/usbd.c.o
                0x100042d4                usbd_edpt_open
 .text.usbd_edpt_claim
                0x10004308       0x28 CMakeFiles/arena_allocator_recording_single_arena_buffer_allocator_test.dir/home/weddingc4ke/.pico-sdk/sdk/2.1.0/lib/tinyusb/src/device/usbd.c.o
                0x10004308                usbd_edpt_claim
 .text.usbd_edpt_release
                0x10004330       0x28 CMakeFiles/arena_allocator_recording_single_arena_buffer_allocator_test.dir/home/weddingc4ke/.pico-sdk/sdk/2.1.0/lib/tinyusb/src/device/usbd.c.o
                0x10004330                usbd_edpt_release
 .text.usbd_edpt_xfer
                0x10004358       0x4c CMakeFiles/arena_allocator_recording_single_arena_buffer_allocator_test.dir/home/weddingc4ke/.pico-sdk/sdk/2.1.0/lib/tinyusb/src/device/usbd.c.o
                0x10004358                usbd_edpt_xfer
 .text.tud_control_status
                0x100043a4       0x2c CMakeFiles/arena_allocator_recording_single_arena_buffer_allocator_test.dir/home/weddingc4ke/.pico-sdk/sdk/2.1.0/lib/tinyusb/src/device/usbd_control.c.o
                0x100043a4                tud_control_status
 .text.tud_control_xfer
                0x100043d0       0xa8 CMakeFiles/arena_allocator_recording_single_arena_buffer_allocator_test.dir/home/weddingc4ke/.pico-sdk/sdk/2.1.0/lib/tinyusb/src/device/usbd_control.c.o
                0x100043d0                tud_control_xfer
 .text.usbd_control_reset
                0x10004478       0x14 CMakeFiles/arena_allocator_recording_single_arena_buffer_allocator_test.dir/home/weddingc4ke/.pico-sdk/sdk/2.1.0/lib/tinyusb/src/device/usbd_control.c.o
                0x10004478                usbd_control_reset
 .text.usbd_control_set_complete_callback
                0x1000448c        0xc CMakeFiles/arena_allocator_recording_single_arena_buffer_allocator_test.dir/home/weddingc4ke/.pico-sdk/sdk/2.1.0/lib/tinyusb/src/device/usbd_control.c.o
                0x1000448c                usbd_control_set_complete_callback
 .text.usbd_control_set_request
                0x10004498       0x1c CMakeFiles/arena_allocator_recording_single_arena_buffer_allocator_test.dir/home/weddingc4ke/.pico-sdk/sdk/2.1.0/lib/tinyusb/src/device/usbd_control.c.o
                0x10004498                usbd_control_set_request
 .text.usbd_control_xfer_cb
                0x100044b4       0xec CMakeFiles/arena_allocator_recording_single_arena_buffer_allocator_test.dir/home/weddingc4ke/.pico-sdk/sdk/2.1.0/lib/tinyusb/src/device/usbd_control.c.o
                0x100044b4                usbd_control_xfer_cb
 .text._prep_out_transaction.isra.0
                0x100045a0       0x5c CMakeFiles/arena_allocator_recording_single_arena_buffer_allocator_test.dir/home/weddingc4ke/.pico-sdk/sdk/2.1.0/lib/tinyusb/src/class/cdc/cdc_device.c.o
 .text.tud_cdc_n_connected
                0x100045fc       0x30 CMakeFiles/arena_allocator_recording_single_arena_buffer_allocator_test.dir/home/weddingc4ke/.pico-sdk/sdk/2.1.0/lib/tinyusb/src/class/cdc/cdc_device.c.o
                0x100045fc                tud_cdc_n_connected
 .text.tud_cdc_n_available
                0x1000462c       0x18 CMakeFiles/arena_allocator_recording_single_arena_buffer_allocator_test.dir/home/weddingc4ke/.pico-sdk/sdk/2.1.0/lib/tinyusb/src/class/cdc/cdc_device.c.o
                0x1000462c                tud_cdc_n_available
 .text.tud_cdc_n_read
                0x10004644       0x9c CMakeFiles/arena_allocator_recording_single_arena_buffer_allocator_test.dir/home/weddingc4ke/.pico-sdk/sdk/2.1.0/lib/tinyusb/src/class/cdc/cdc_device.c.o
                0x10004644                tud_cdc_n_read
 .text.tud_cdc_n_write_flush
                0x100046e0       0x78 CMakeFiles/arena_allocator_recording_single_arena_buffer_allocator_test.dir/home/weddingc4ke/.pico-sdk/sdk/2.1.0/lib/tinyusb/src/class/cdc/cdc_device.c.o
                0x100046e0                tud_cdc_n_write_flush
 .text.tud_cdc_n_write
                0x10004758       0x40 CMakeFiles/arena_allocator_recording_single_arena_buffer_allocator_test.dir/home/weddingc4ke/.pico-sdk/sdk/2.1.0/lib/tinyusb/src/class/cdc/cdc_device.c.o
                0x10004758                tud_cdc_n_write
 .text.tud_cdc_n_write_available
                0x10004798       0x18 CMakeFiles/arena_allocator_recording_single_arena_buffer_allocator_test.dir/home/weddingc4ke/.pico-sdk/sdk/2.1.0/lib/tinyusb/src/class/cdc/cdc_device.c.o
                0x10004798                tud_cdc_n_write_available
 .text.cdcd_init
                0x100047b0       0x7c CMakeFiles/arena_allocator_recording_single_arena_buffer_allocator_test.dir/home/weddingc4ke/.pico-sdk/sdk/2.1.0/lib/tinyusb/src/class/cdc/cdc_device.c.o
                0x100047b0                cdcd_init
 .text.cdcd_deinit
                0x1000482c       0x30 CMakeFiles/arena_allocator_recording_single_arena_buffer_allocator_test.dir/home/weddingc4ke/.pico-sdk/sdk/2.1.0/lib/tinyusb/src/class/cdc/cdc_device.c.o
                0x1000482c                cdcd_deinit
 .text.cdcd_reset
                0x1000485c       0x4c CMakeFiles/arena_allocator_recording_single_arena_buffer_allocator_test.dir/home/weddingc4ke/.pico-sdk/sdk/2.1.0/lib/tinyusb/src/class/cdc/cdc_device.c.o
                0x1000485c                cdcd_reset
 .text.cdcd_open
                0x100048a8       0xb0 CMakeFiles/arena_allocator_recording_single_arena_buffer_allocator_test.dir/home/weddingc4ke/.pico-sdk/sdk/2.1.0/lib/tinyusb/src/class/cdc/cdc_device.c.o
                0x100048a8                cdcd_open
 .text.cdcd_control_xfer_cb
                0x10004958       0xe4 CMakeFiles/arena_allocator_recording_single_arena_buffer_allocator_test.dir/home/weddingc4ke/.pico-sdk/sdk/2.1.0/lib/tinyusb/src/class/cdc/cdc_device.c.o
                0x10004958                cdcd_control_xfer_cb
 .text.cdcd_xfer_cb
                0x10004a3c      0x100 CMakeFiles/arena_allocator_recording_single_arena_buffer_allocator_test.dir/home/weddingc4ke/.pico-sdk/sdk/2.1.0/lib/tinyusb/src/class/cdc/cdc_device.c.o
                0x10004a3c                cdcd_xfer_cb
 .text.vendord_init
                0x10004b3c       0x5c CMakeFiles/arena_allocator_recording_single_arena_buffer_allocator_test.dir/home/weddingc4ke/.pico-sdk/sdk/2.1.0/lib/tinyusb/src/class/vendor/vendor_device.c.o
                0x10004b3c                vendord_init
 .text.vendord_deinit
                0x10004b98       0x1c CMakeFiles/arena_allocator_recording_single_arena_buffer_allocator_test.dir/home/weddingc4ke/.pico-sdk/sdk/2.1.0/lib/tinyusb/src/class/vendor/vendor_device.c.o
                0x10004b98                vendord_deinit
 .text.vendord_reset
                0x10004bb4       0x20 CMakeFiles/arena_allocator_recording_single_arena_buffer_allocator_test.dir/home/weddingc4ke/.pico-sdk/sdk/2.1.0/lib/tinyusb/src/class/vendor/vendor_device.c.o
                0x10004bb4                vendord_reset
 .text.vendord_open
                0x10004bd4      0x128 CMakeFiles/arena_allocator_recording_single_arena_buffer_allocator_test.dir/home/weddingc4ke/.pico-sdk/sdk/2.1.0/lib/tinyusb/src/class/vendor/vendor_device.c.o
                0x10004bd4                vendord_open
 .text.vendord_xfer_cb
                0x10004cfc       0x9c CMakeFiles/arena_allocator_recording_single_arena_buffer_allocator_test.dir/home/weddingc4ke/.pico-sdk/sdk/2.1.0/lib/tinyusb/src/class/vendor/vendor_device.c.o
                0x10004cfc                vendord_xfer_cb
 .text.tusb_init
                0x10004d98        0xc CMakeFiles/arena_allocator_recording_single_arena_buffer_allocator_test.dir/home/weddingc4ke/.pico-sdk/sdk/2.1.0/lib/tinyusb/src/tusb.c.o
                0x10004d98                tusb_init
 .text.tu_edpt_claim
                0x10004da4       0x50 CMakeFiles/arena_allocator_recording_single_arena_buffer_allocator_test.dir/home/weddingc4ke/.pico-sdk/sdk/2.1.0/lib/tinyusb/src/tusb.c.o
                0x10004da4                tu_edpt_claim
 .text.tu_edpt_release
                0x10004df4       0x38 CMakeFiles/arena_allocator_recording_single_arena_buffer_allocator_test.dir/home/weddingc4ke/.pico-sdk/sdk/2.1.0/lib/tinyusb/src/tusb.c.o
                0x10004df4                tu_edpt_release
 .text.tu_edpt_validate
                0x10004e2c       0x7c CMakeFiles/arena_allocator_recording_single_arena_buffer_allocator_test.dir/home/weddingc4ke/.pico-sdk/sdk/2.1.0/lib/tinyusb/src/tusb.c.o
                0x10004e2c                tu_edpt_validate
 .text.tu_edpt_bind_driver
                0x10004ea8       0x34 CMakeFiles/arena_allocator_recording_single_arena_buffer_allocator_test.dir/home/weddingc4ke/.pico-sdk/sdk/2.1.0/lib/tinyusb/src/tusb.c.o
                0x10004ea8                tu_edpt_bind_driver
 .text.tu_edpt_stream_init
                0x10004edc       0x6c CMakeFiles/arena_allocator_recording_single_arena_buffer_allocator_test.dir/home/weddingc4ke/.pico-sdk/sdk/2.1.0/lib/tinyusb/src/tusb.c.o
                0x10004edc                tu_edpt_stream_init
 .text.tu_edpt_stream_deinit
                0x10004f48        0x4 CMakeFiles/arena_allocator_recording_single_arena_buffer_allocator_test.dir/home/weddingc4ke/.pico-sdk/sdk/2.1.0/lib/tinyusb/src/tusb.c.o
                0x10004f48                tu_edpt_stream_deinit
 .text.tu_edpt_stream_write_zlp_if_needed
                0x10004f4c       0x68 CMakeFiles/arena_allocator_recording_single_arena_buffer_allocator_test.dir/home/weddingc4ke/.pico-sdk/sdk/2.1.0/lib/tinyusb/src/tusb.c.o
                0x10004f4c                tu_edpt_stream_write_zlp_if_needed
 .text.tu_edpt_stream_write_xfer
                0x10004fb4       0x68 CMakeFiles/arena_allocator_recording_single_arena_buffer_allocator_test.dir/home/weddingc4ke/.pico-sdk/sdk/2.1.0/lib/tinyusb/src/tusb.c.o
                0x10004fb4                tu_edpt_stream_write_xfer
 .text.tu_edpt_stream_read_xfer
                0x1000501c       0xd8 CMakeFiles/arena_allocator_recording_single_arena_buffer_allocator_test.dir/home/weddingc4ke/.pico-sdk/sdk/2.1.0/lib/tinyusb/src/tusb.c.o
                0x1000501c                tu_edpt_stream_read_xfer
 .text.tu_fifo_config
                0x100050f4       0x6c CMakeFiles/arena_allocator_recording_single_arena_buffer_allocator_test.dir/home/weddingc4ke/.pico-sdk/sdk/2.1.0/lib/tinyusb/src/common/tusb_fifo.c.o
                0x100050f4                tu_fifo_config
 .text.tu_fifo_count
                0x10005160       0x2c CMakeFiles/arena_allocator_recording_single_arena_buffer_allocator_test.dir/home/weddingc4ke/.pico-sdk/sdk/2.1.0/lib/tinyusb/src/common/tusb_fifo.c.o
                0x10005160                tu_fifo_count
 .text.tu_fifo_empty
                0x1000518c       0x10 CMakeFiles/arena_allocator_recording_single_arena_buffer_allocator_test.dir/home/weddingc4ke/.pico-sdk/sdk/2.1.0/lib/tinyusb/src/common/tusb_fifo.c.o
                0x1000518c                tu_fifo_empty
 .text.tu_fifo_remaining
                0x1000519c       0x2c CMakeFiles/arena_allocator_recording_single_arena_buffer_allocator_test.dir/home/weddingc4ke/.pico-sdk/sdk/2.1.0/lib/tinyusb/src/common/tusb_fifo.c.o
                0x1000519c                tu_fifo_remaining
 .text.tu_fifo_read
                0x100051c8       0x9c CMakeFiles/arena_allocator_recording_single_arena_buffer_allocator_test.dir/home/weddingc4ke/.pico-sdk/sdk/2.1.0/lib/tinyusb/src/common/tusb_fifo.c.o
                0x100051c8                tu_fifo_read
 .text.tu_fifo_read_n
                0x10005264       0xe8 CMakeFiles/arena_allocator_recording_single_arena_buffer_allocator_test.dir/home/weddingc4ke/.pico-sdk/sdk/2.1.0/lib/tinyusb/src/common/tusb_fifo.c.o
                0x10005264                tu_fifo_read_n
 .text.tu_fifo_write
                0x1000534c       0xa4 CMakeFiles/arena_allocator_recording_single_arena_buffer_allocator_test.dir/home/weddingc4ke/.pico-sdk/sdk/2.1.0/lib/tinyusb/src/common/tusb_fifo.c.o
                0x1000534c                tu_fifo_write
 .text.tu_fifo_write_n
                0x100053f0      0x178 CMakeFiles/arena_allocator_recording_single_arena_buffer_allocator_test.dir/home/weddingc4ke/.pico-sdk/sdk/2.1.0/lib/tinyusb/src/common/tusb_fifo.c.o
                0x100053f0                tu_fifo_write_n
 .text.tu_fifo_clear
                0x10005568       0x40 CMakeFiles/arena_allocator_recording_single_arena_buffer_allocator_test.dir/home/weddingc4ke/.pico-sdk/sdk/2.1.0/lib/tinyusb/src/common/tusb_fifo.c.o
                0x10005568                tu_fifo_clear
 .text.tu_fifo_set_overwritable
                0x100055a8       0x48 CMakeFiles/arena_allocator_recording_single_arena_buffer_allocator_test.dir/home/weddingc4ke/.pico-sdk/sdk/2.1.0/lib/tinyusb/src/common/tusb_fifo.c.o
                0x100055a8                tu_fifo_set_overwritable
 .text._ZN6tflite35RecordingSingleArenaBufferAllocatorD0Ev
                0x100055f0       0x18 ../../libpico-tflmicro.a(recording_single_arena_buffer_allocator.cpp.o)
                0x100055f0                tflite::RecordingSingleArenaBufferAllocator::~RecordingSingleArenaBufferAllocator()
                0x100055f0                tflite::RecordingSingleArenaBufferAllocator::~RecordingSingleArenaBufferAllocator()
                0x100055f0                tflite::RecordingSingleArenaBufferAllocator::~RecordingSingleArenaBufferAllocator()
 .text._ZN6tflite35RecordingSingleArenaBufferAllocator12ResizeBufferEPhjj
                0x10005608       0x40 ../../libpico-tflmicro.a(recording_single_arena_buffer_allocator.cpp.o)
                0x10005608                tflite::RecordingSingleArenaBufferAllocator::ResizeBuffer(unsigned char*, unsigned int, unsigned int)
 .text._ZN6tflite35RecordingSingleArenaBufferAllocator24AllocatePersistentBufferEjj
                0x10005648       0x3c ../../libpico-tflmicro.a(recording_single_arena_buffer_allocator.cpp.o)
                0x10005648                tflite::RecordingSingleArenaBufferAllocator::AllocatePersistentBuffer(unsigned int, unsigned int)
 .text._ZThn4_N6tflite35RecordingSingleArenaBufferAllocatorD1Ev
                0x10005684       0x1c ../../libpico-tflmicro.a(recording_single_arena_buffer_allocator.cpp.o)
                0x10005684                non-virtual thunk to tflite::RecordingSingleArenaBufferAllocator::~RecordingSingleArenaBufferAllocator()
 .text._ZThn4_N6tflite35RecordingSingleArenaBufferAllocatorD0Ev
                0x100056a0       0x1c ../../libpico-tflmicro.a(recording_single_arena_buffer_allocator.cpp.o)
                0x100056a0                non-virtual thunk to tflite::RecordingSingleArenaBufferAllocator::~RecordingSingleArenaBufferAllocator()
 .text._ZThn4_N6tflite35RecordingSingleArenaBufferAllocator24AllocatePersistentBufferEjj
                0x100056bc       0x3c ../../libpico-tflmicro.a(recording_single_arena_buffer_allocator.cpp.o)
                0x100056bc                non-virtual thunk to tflite::RecordingSingleArenaBufferAllocator::AllocatePersistentBuffer(unsigned int, unsigned int)
 .text._ZN6tflite35RecordingSingleArenaBufferAllocatorC2EPhj
                0x100056f8       0x24 ../../libpico-tflmicro.a(recording_single_arena_buffer_allocator.cpp.o)
                0x100056f8                tflite::RecordingSingleArenaBufferAllocator::RecordingSingleArenaBufferAllocator(unsigned char*, unsigned int)
                0x100056f8                tflite::RecordingSingleArenaBufferAllocator::RecordingSingleArenaBufferAllocator(unsigned char*, unsigned int)
 .text._ZNK6tflite35RecordingSingleArenaBufferAllocator17GetRequestedBytesEv
                0x1000571c        0x8 ../../libpico-tflmicro.a(recording_single_arena_buffer_allocator.cpp.o)
                0x1000571c                tflite::RecordingSingleArenaBufferAllocator::GetRequestedBytes() const
 .text._ZNK6tflite35RecordingSingleArenaBufferAllocator12GetUsedBytesEv
                0x10005724        0x4 ../../libpico-tflmicro.a(recording_single_arena_buffer_allocator.cpp.o)
                0x10005724                tflite::RecordingSingleArenaBufferAllocator::GetUsedBytes() const
 .text._ZNK6tflite35RecordingSingleArenaBufferAllocator17GetAllocatedCountEv
                0x10005728        0x4 ../../libpico-tflmicro.a(recording_single_arena_buffer_allocator.cpp.o)
                0x10005728                tflite::RecordingSingleArenaBufferAllocator::GetAllocatedCount() const
 .text._ZN6tflite26SingleArenaBufferAllocatorD0Ev
                0x1000572c        0x4 ../../libpico-tflmicro.a(single_arena_buffer_allocator.cpp.o)
                0x1000572c                tflite::SingleArenaBufferAllocator::~SingleArenaBufferAllocator()
                0x1000572c                tflite::SingleArenaBufferAllocator::~SingleArenaBufferAllocator()
                0x1000572c                tflite::SingleArenaBufferAllocator::~SingleArenaBufferAllocator()
 .text._ZN6tflite26SingleArenaBufferAllocator14DeallocateTempEPh
                0x10005730       0x10 ../../libpico-tflmicro.a(single_arena_buffer_allocator.cpp.o)
                0x10005730                tflite::SingleArenaBufferAllocator::DeallocateTemp(unsigned char*)
 .text._ZNK6tflite26SingleArenaBufferAllocator23GetOverlayMemoryAddressEv
                0x10005740        0x4 ../../libpico-tflmicro.a(single_arena_buffer_allocator.cpp.o)
                0x10005740                tflite::SingleArenaBufferAllocator::GetOverlayMemoryAddress() const
 .text._ZNK6tflite26SingleArenaBufferAllocator25GetNonPersistentUsedBytesEv
                0x10005744       0x10 ../../libpico-tflmicro.a(single_arena_buffer_allocator.cpp.o)
                0x10005744                tflite::SingleArenaBufferAllocator::GetNonPersistentUsedBytes() const
 .text._ZNK6tflite26SingleArenaBufferAllocator22GetPersistentUsedBytesEv
                0x10005754        0x8 ../../libpico-tflmicro.a(single_arena_buffer_allocator.cpp.o)
                0x10005754                tflite::SingleArenaBufferAllocator::GetPersistentUsedBytes() const
 .text._ZN6tflite26SingleArenaBufferAllocator12ResizeBufferEPhjj
                0x1000575c       0x58 ../../libpico-tflmicro.a(single_arena_buffer_allocator.cpp.o)
                0x1000575c                tflite::SingleArenaBufferAllocator::ResizeBuffer(unsigned char*, unsigned int, unsigned int)
 .text._ZN6tflite26SingleArenaBufferAllocator12AllocateTempEjj
                0x100057b4       0x3c ../../libpico-tflmicro.a(single_arena_buffer_allocator.cpp.o)
                0x100057b4                tflite::SingleArenaBufferAllocator::AllocateTemp(unsigned int, unsigned int)
 .text._ZN6tflite26SingleArenaBufferAllocator20IsAllTempDeallocatedEv
                0x100057f0       0x20 ../../libpico-tflmicro.a(single_arena_buffer_allocator.cpp.o)
                0x100057f0                tflite::SingleArenaBufferAllocator::IsAllTempDeallocated()
 .text._ZN6tflite26SingleArenaBufferAllocator24AllocatePersistentBufferEjj
                0x10005810       0x30 ../../libpico-tflmicro.a(single_arena_buffer_allocator.cpp.o)
                0x10005810                tflite::SingleArenaBufferAllocator::AllocatePersistentBuffer(unsigned int, unsigned int)
 .text._ZNK6tflite26SingleArenaBufferAllocator18GetAvailableMemoryEj
                0x10005840       0x1c ../../libpico-tflmicro.a(single_arena_buffer_allocator.cpp.o)
                0x10005840                tflite::SingleArenaBufferAllocator::GetAvailableMemory(unsigned int) const
 .text._ZThn4_N6tflite26SingleArenaBufferAllocatorD1Ev
                0x1000585c        0x4 ../../libpico-tflmicro.a(single_arena_buffer_allocator.cpp.o)
                0x1000585c                non-virtual thunk to tflite::SingleArenaBufferAllocator::~SingleArenaBufferAllocator()
 .text._ZThn4_N6tflite26SingleArenaBufferAllocatorD0Ev
                0x10005860        0x4 ../../libpico-tflmicro.a(single_arena_buffer_allocator.cpp.o)
                0x10005860                non-virtual thunk to tflite::SingleArenaBufferAllocator::~SingleArenaBufferAllocator()
 .text._ZThn4_NK6tflite26SingleArenaBufferAllocator22GetPersistentUsedBytesEv
                0x10005864        0x8 ../../libpico-tflmicro.a(single_arena_buffer_allocator.cpp.o)
                0x10005864                non-virtual thunk to tflite::SingleArenaBufferAllocator::GetPersistentUsedBytes() const
 .text._ZN6tflite26SingleArenaBufferAllocator20ResetTempAllocationsEv
                0x1000586c       0x48 ../../libpico-tflmicro.a(single_arena_buffer_allocator.cpp.o)
                0x1000586c                tflite::SingleArenaBufferAllocator::ResetTempAllocations()
 .text._ZThn4_N6tflite26SingleArenaBufferAllocator24AllocatePersistentBufferEjj
                0x100058b4       0x30 ../../libpico-tflmicro.a(single_arena_buffer_allocator.cpp.o)
                0x100058b4                non-virtual thunk to tflite::SingleArenaBufferAllocator::AllocatePersistentBuffer(unsigned int, unsigned int)
 .text._ZN6tflite26SingleArenaBufferAllocator25DeallocateResizableBufferEPh
                0x100058e4       0x50 ../../libpico-tflmicro.a(single_arena_buffer_allocator.cpp.o)
                0x100058e4                tflite::SingleArenaBufferAllocator::DeallocateResizableBuffer(unsigned char*)
 .text._ZN6tflite26SingleArenaBufferAllocator33ReserveNonPersistentOverlayMemoryEjj
                0x10005934       0x84 ../../libpico-tflmicro.a(single_arena_buffer_allocator.cpp.o)
                0x10005934                tflite::SingleArenaBufferAllocator::ReserveNonPersistentOverlayMemory(unsigned int, unsigned int)
 .text._ZN6tflite26SingleArenaBufferAllocator23AllocateResizableBufferEjj
                0x100059b8       0x88 ../../libpico-tflmicro.a(single_arena_buffer_allocator.cpp.o)
                0x100059b8                tflite::SingleArenaBufferAllocator::AllocateResizableBuffer(unsigned int, unsigned int)
 .text._ZN6tflite26SingleArenaBufferAllocatorC2EPhj
                0x10005a40       0x20 ../../libpico-tflmicro.a(single_arena_buffer_allocator.cpp.o)
                0x10005a40                tflite::SingleArenaBufferAllocator::SingleArenaBufferAllocator(unsigned char*, unsigned int)
                0x10005a40                tflite::SingleArenaBufferAllocator::SingleArenaBufferAllocator(unsigned char*, unsigned int)
 .text._ZNK6tflite26SingleArenaBufferAllocator4headEv
                0x10005a60        0x4 ../../libpico-tflmicro.a(single_arena_buffer_allocator.cpp.o)
                0x10005a60                tflite::SingleArenaBufferAllocator::head() const
 .text._ZNK6tflite26SingleArenaBufferAllocator4tailEv
                0x10005a64        0x4 ../../libpico-tflmicro.a(single_arena_buffer_allocator.cpp.o)
                0x10005a64                tflite::SingleArenaBufferAllocator::tail() const
 .text._ZN6tflite14AlignPointerUpEPhj
                0x10005a68       0x10 ../../libpico-tflmicro.a(memory_helpers.cpp.o)
                0x10005a68                tflite::AlignPointerUp(unsigned char*, unsigned int)
 .text._ZN6tflite16AlignPointerDownEPhj
                0x10005a78        0xc ../../libpico-tflmicro.a(memory_helpers.cpp.o)
                0x10005a78                tflite::AlignPointerDown(unsigned char*, unsigned int)
 .text._ZN12_GLOBAL__N_19VDebugLogEPKcz.constprop.0
                0x10005a84       0x1c ../../libpico-tflmicro.a(micro_log.cpp.o)
 .text._Z11MicroPrintfPKcz
                0x10005aa0       0x24 ../../libpico-tflmicro.a(micro_log.cpp.o)
                0x10005aa0                MicroPrintf(char const*, ...)
 .text._ZN6tflite16InitializeTargetEv
                0x10005ac4        0x8 ../../libpico-tflmicro.a(system_setup.cpp.o)
                0x10005ac4                tflite::InitializeTarget()
 .text.DebugLog
                0x10005acc       0x18 ../../libpico-tflmicro.a(system_setup.cpp.o)
                0x10005acc                DebugLog
 .text.atexit   0x10005ae4       0x10 /usr/lib/gcc/arm-none-eabi/14.2.0/../../../../arm-none-eabi/lib/thumb/v6-m/nofp/libg.a(libc_a-atexit.o)
                0x10005ae4                atexit
 .text._calloc_r
                0x10005af4       0xa8 /usr/lib/gcc/arm-none-eabi/14.2.0/../../../../arm-none-eabi/lib/thumb/v6-m/nofp/libg.a(libc_a-callocr.o)
                0x10005af4                _calloc_r
 .text._malloc_r
                0x10005b9c      0x5cc /usr/lib/gcc/arm-none-eabi/14.2.0/../../../../arm-none-eabi/lib/thumb/v6-m/nofp/libg.a(libc_a-mallocr.o)
                0x10005b9c                _malloc_r
 .text.__malloc_lock
                0x10006168       0x10 /usr/lib/gcc/arm-none-eabi/14.2.0/../../../../arm-none-eabi/lib/thumb/v6-m/nofp/libg.a(libc_a-mlock.o)
                0x10006168                __malloc_lock
 .text.__malloc_unlock
                0x10006178       0x10 /usr/lib/gcc/arm-none-eabi/14.2.0/../../../../arm-none-eabi/lib/thumb/v6-m/nofp/libg.a(libc_a-mlock.o)
                0x10006178                __malloc_unlock
 .text._realloc_r
                0x10006188      0x350 /usr/lib/gcc/arm-none-eabi/14.2.0/../../../../arm-none-eabi/lib/thumb/v6-m/nofp/libg.a(libc_a-reallocr.o)
                0x10006188                _realloc_r
 .text._vfprintf_r
                0x100064d8     0x23c4 /usr/lib/gcc/arm-none-eabi/14.2.0/../../../../arm-none-eabi/lib/thumb/v6-m/nofp/libg.a(libc_a-vfprintf.o)
                0x100064d8                _vfprintf_r
 .text.vfprintf
                0x1000889c       0x18 /usr/lib/gcc/arm-none-eabi/14.2.0/../../../../arm-none-eabi/lib/thumb/v6-m/nofp/libg.a(libc_a-vfprintf.o)
                0x1000889c                vfprintf
 .text.__sbprintf
                0x100088b4       0x8c /usr/lib/gcc/arm-none-eabi/14.2.0/../../../../arm-none-eabi/lib/thumb/v6-m/nofp/libg.a(libc_a-vfprintf.o)
 .text.__sprint_r
                0x10008940       0x20 /usr/lib/gcc/arm-none-eabi/14.2.0/../../../../arm-none-eabi/lib/thumb/v6-m/nofp/libg.a(libc_a-sprint_r.o)
                0x10008940                __sprint_r
 .text.__sflush_r
                0x10008960      0x13c /usr/lib/gcc/arm-none-eabi/14.2.0/../../../../arm-none-eabi/lib/thumb/v6-m/nofp/libg.a(libc_a-fflush.o)
                0x10008960                __sflush_r
 .text._fflush_r
                0x10008a9c       0x68 /usr/lib/gcc/arm-none-eabi/14.2.0/../../../../arm-none-eabi/lib/thumb/v6-m/nofp/libg.a(libc_a-fflush.o)
                0x10008a9c                _fflush_r
 .text.stdio_exit_handler
                0x10008b04       0x1c /usr/lib/gcc/arm-none-eabi/14.2.0/../../../../arm-none-eabi/lib/thumb/v6-m/nofp/libg.a(libc_a-findfp.o)
 .text.cleanup_stdio
                0x10008b20       0x3c /usr/lib/gcc/arm-none-eabi/14.2.0/../../../../arm-none-eabi/lib/thumb/v6-m/nofp/libg.a(libc_a-findfp.o)
 .text.global_stdio_init.part.0
                0x10008b5c      0x118 /usr/lib/gcc/arm-none-eabi/14.2.0/../../../../arm-none-eabi/lib/thumb/v6-m/nofp/libg.a(libc_a-findfp.o)
 .text.__sinit  0x10008c74       0x38 /usr/lib/gcc/arm-none-eabi/14.2.0/../../../../arm-none-eabi/lib/thumb/v6-m/nofp/libg.a(libc_a-findfp.o)
                0x10008c74                __sinit
 .text.__sfp_lock_acquire
                0x10008cac       0x10 /usr/lib/gcc/arm-none-eabi/14.2.0/../../../../arm-none-eabi/lib/thumb/v6-m/nofp/libg.a(libc_a-findfp.o)
                0x10008cac                __sfp_lock_acquire
 .text.__sfp_lock_release
                0x10008cbc       0x10 /usr/lib/gcc/arm-none-eabi/14.2.0/../../../../arm-none-eabi/lib/thumb/v6-m/nofp/libg.a(libc_a-findfp.o)
                0x10008cbc                __sfp_lock_release
 .text.__sfvwrite_r
                0x10008ccc      0x2e8 /usr/lib/gcc/arm-none-eabi/14.2.0/../../../../arm-none-eabi/lib/thumb/v6-m/nofp/libg.a(libc_a-fvwrite.o)
                0x10008ccc                __sfvwrite_r
 .text._fwalk_sglue
                0x10008fb4       0x44 /usr/lib/gcc/arm-none-eabi/14.2.0/../../../../arm-none-eabi/lib/thumb/v6-m/nofp/libg.a(libc_a-fwalk.o)
                0x10008fb4                _fwalk_sglue
 .text.__sread  0x10008ff8       0x28 /usr/lib/gcc/arm-none-eabi/14.2.0/../../../../arm-none-eabi/lib/thumb/v6-m/nofp/libg.a(libc_a-stdio.o)
                0x10008ff8                __sread
 .text.__swrite
                0x10009020       0x40 /usr/lib/gcc/arm-none-eabi/14.2.0/../../../../arm-none-eabi/lib/thumb/v6-m/nofp/libg.a(libc_a-stdio.o)
                0x10009020                __swrite
 .text.__sseek  0x10009060       0x2c /usr/lib/gcc/arm-none-eabi/14.2.0/../../../../arm-none-eabi/lib/thumb/v6-m/nofp/libg.a(libc_a-stdio.o)
                0x10009060                __sseek
 .text.__sclose
                0x1000908c        0xc /usr/lib/gcc/arm-none-eabi/14.2.0/../../../../arm-none-eabi/lib/thumb/v6-m/nofp/libg.a(libc_a-stdio.o)
                0x1000908c                __sclose
 .text.__swsetup_r
                0x10009098      0x100 /usr/lib/gcc/arm-none-eabi/14.2.0/../../../../arm-none-eabi/lib/thumb/v6-m/nofp/libg.a(libc_a-wsetup.o)
                0x10009098                __swsetup_r
 .text.memmove  0x10009198       0xc4 /usr/lib/gcc/arm-none-eabi/14.2.0/../../../../arm-none-eabi/lib/thumb/v6-m/nofp/libg.a(libc_a-memmove.o)
                0x10009198                memmove
 .text.strncpy  0x1000925c       0x5c /usr/lib/gcc/arm-none-eabi/14.2.0/../../../../arm-none-eabi/lib/thumb/v6-m/nofp/libg.a(libc_a-strncpy.o)
                0x1000925c                strncpy
 .text._localeconv_r
                0x100092b8        0x8 /usr/lib/gcc/arm-none-eabi/14.2.0/../../../../arm-none-eabi/lib/thumb/v6-m/nofp/libg.a(libc_a-localeconv.o)
                0x100092b8                _localeconv_r
 .text._close_r
                0x100092c0       0x24 /usr/lib/gcc/arm-none-eabi/14.2.0/../../../../arm-none-eabi/lib/thumb/v6-m/nofp/libg.a(libc_a-closer.o)
                0x100092c0                _close_r
 .text._lseek_r
                0x100092e4       0x28 /usr/lib/gcc/arm-none-eabi/14.2.0/../../../../arm-none-eabi/lib/thumb/v6-m/nofp/libg.a(libc_a-lseekr.o)
                0x100092e4                _lseek_r
 .text._read_r  0x1000930c       0x28 /usr/lib/gcc/arm-none-eabi/14.2.0/../../../../arm-none-eabi/lib/thumb/v6-m/nofp/libg.a(libc_a-readr.o)
                0x1000930c                _read_r
 .text._sbrk_r  0x10009334       0x24 /usr/lib/gcc/arm-none-eabi/14.2.0/../../../../arm-none-eabi/lib/thumb/v6-m/nofp/libg.a(libc_a-sbrkr.o)
                0x10009334                _sbrk_r
 .text._write_r
                0x10009358       0x28 /usr/lib/gcc/arm-none-eabi/14.2.0/../../../../arm-none-eabi/lib/thumb/v6-m/nofp/libg.a(libc_a-writer.o)
                0x10009358                _write_r
 .text.__errno  0x10009380        0xc /usr/lib/gcc/arm-none-eabi/14.2.0/../../../../arm-none-eabi/lib/thumb/v6-m/nofp/libg.a(libc_a-errno.o)
                0x10009380                __errno
 .text.__libc_fini_array
                0x1000938c       0x28 /usr/lib/gcc/arm-none-eabi/14.2.0/../../../../arm-none-eabi/lib/thumb/v6-m/nofp/libg.a(libc_a-fini.o)
                0x1000938c                __libc_fini_array
 .text.__retarget_lock_init_recursive
                0x100093b4        0x4 /usr/lib/gcc/arm-none-eabi/14.2.0/../../../../arm-none-eabi/lib/thumb/v6-m/nofp/libg.a(libc_a-lock.o)
                0x100093b4                __retarget_lock_init_recursive
 .text.__retarget_lock_close_recursive
                0x100093b8        0x4 /usr/lib/gcc/arm-none-eabi/14.2.0/../../../../arm-none-eabi/lib/thumb/v6-m/nofp/libg.a(libc_a-lock.o)
                0x100093b8                __retarget_lock_close_recursive
 .text.__retarget_lock_acquire_recursive
                0x100093bc        0x4 /usr/lib/gcc/arm-none-eabi/14.2.0/../../../../arm-none-eabi/lib/thumb/v6-m/nofp/libg.a(libc_a-lock.o)
                0x100093bc                __retarget_lock_acquire_recursive
 .text.__retarget_lock_release_recursive
                0x100093c0        0x4 /usr/lib/gcc/arm-none-eabi/14.2.0/../../../../arm-none-eabi/lib/thumb/v6-m/nofp/libg.a(libc_a-lock.o)
                0x100093c0                __retarget_lock_release_recursive
 .text.sysconf  0x100093c4       0x1c /usr/lib/gcc/arm-none-eabi/14.2.0/../../../../arm-none-eabi/lib/thumb/v6-m/nofp/libg.a(libc_a-sysconf.o)
                0x100093c4                sysconf
 .text.memchr   0x100093e0       0x7c /usr/lib/gcc/arm-none-eabi/14.2.0/../../../../arm-none-eabi/lib/thumb/v6-m/nofp/libg.a(libc_a-memchr-stub.o)
                0x100093e0                memchr
 .text.strlen   0x1000945c       0x5c /usr/lib/gcc/arm-none-eabi/14.2.0/../../../../arm-none-eabi/lib/thumb/v6-m/nofp/libg.a(libc_a-strlen-stub.o)
                0x1000945c                strlen
 .text.frexp    0x100094b8       0x68 /usr/lib/gcc/arm-none-eabi/14.2.0/../../../../arm-none-eabi/lib/thumb/v6-m/nofp/libg.a(libm_a-s_frexp.o)
                0x100094b8                frexp
 .text.__register_exitproc
                0x10009520       0xa8 /usr/lib/gcc/arm-none-eabi/14.2.0/../../../../arm-none-eabi/lib/thumb/v6-m/nofp/libg.a(libc_a-__atexit.o)
                0x10009520                __register_exitproc
 .text.startup.register_fini
                0x100095c8       0x18 /usr/lib/gcc/arm-none-eabi/14.2.0/../../../../arm-none-eabi/lib/thumb/v6-m/nofp/libg.a(libc_a-__call_atexit.o)
 .text.quorem   0x100095e0      0x150 /usr/lib/gcc/arm-none-eabi/14.2.0/../../../../arm-none-eabi/lib/thumb/v6-m/nofp/libg.a(libc_a-dtoa.o)
 .text._dtoa_r  0x10009730     0x1110 /usr/lib/gcc/arm-none-eabi/14.2.0/../../../../arm-none-eabi/lib/thumb/v6-m/nofp/libg.a(libc_a-dtoa.o)
                0x10009730                _dtoa_r
 .text._malloc_trim_r
                0x1000a840       0xb4 /usr/lib/gcc/arm-none-eabi/14.2.0/../../../../arm-none-eabi/lib/thumb/v6-m/nofp/libg.a(libc_a-freer.o)
                0x1000a840                _malloc_trim_r
 .text._free_r  0x1000a8f4      0x1f0 /usr/lib/gcc/arm-none-eabi/14.2.0/../../../../arm-none-eabi/lib/thumb/v6-m/nofp/libg.a(libc_a-freer.o)
                0x1000a8f4                _free_r
 .text._Balloc  0x1000aae4       0x50 /usr/lib/gcc/arm-none-eabi/14.2.0/../../../../arm-none-eabi/lib/thumb/v6-m/nofp/libg.a(libc_a-mprec.o)
                0x1000aae4                _Balloc
 .text._Bfree   0x1000ab34       0x14 /usr/lib/gcc/arm-none-eabi/14.2.0/../../../../arm-none-eabi/lib/thumb/v6-m/nofp/libg.a(libc_a-mprec.o)
                0x1000ab34                _Bfree
 .text.__multadd
                0x1000ab48       0xa4 /usr/lib/gcc/arm-none-eabi/14.2.0/../../../../arm-none-eabi/lib/thumb/v6-m/nofp/libg.a(libc_a-mprec.o)
                0x1000ab48                __multadd
 .text.__hi0bits
                0x1000abec       0x60 /usr/lib/gcc/arm-none-eabi/14.2.0/../../../../arm-none-eabi/lib/thumb/v6-m/nofp/libg.a(libc_a-mprec.o)
                0x1000abec                __hi0bits
 .text.__lo0bits
                0x1000ac4c       0x90 /usr/lib/gcc/arm-none-eabi/14.2.0/../../../../arm-none-eabi/lib/thumb/v6-m/nofp/libg.a(libc_a-mprec.o)
                0x1000ac4c                __lo0bits
 .text.__i2b    0x1000acdc       0x60 /usr/lib/gcc/arm-none-eabi/14.2.0/../../../../arm-none-eabi/lib/thumb/v6-m/nofp/libg.a(libc_a-mprec.o)
                0x1000acdc                __i2b
 .text.__multiply
                0x1000ad3c      0x1b0 /usr/lib/gcc/arm-none-eabi/14.2.0/../../../../arm-none-eabi/lib/thumb/v6-m/nofp/libg.a(libc_a-mprec.o)
                0x1000ad3c                __multiply
 .text.__pow5mult
                0x1000aeec       0xd8 /usr/lib/gcc/arm-none-eabi/14.2.0/../../../../arm-none-eabi/lib/thumb/v6-m/nofp/libg.a(libc_a-mprec.o)
                0x1000aeec                __pow5mult
 .text.__lshift
                0x1000afc4       0xfc /usr/lib/gcc/arm-none-eabi/14.2.0/../../../../arm-none-eabi/lib/thumb/v6-m/nofp/libg.a(libc_a-mprec.o)
                0x1000afc4                __lshift
 .text.__mcmp   0x1000b0c0       0x3c /usr/lib/gcc/arm-none-eabi/14.2.0/../../../../arm-none-eabi/lib/thumb/v6-m/nofp/libg.a(libc_a-mprec.o)
                0x1000b0c0                __mcmp
 .text.__mdiff  0x1000b0fc      0x1a8 /usr/lib/gcc/arm-none-eabi/14.2.0/../../../../arm-none-eabi/lib/thumb/v6-m/nofp/libg.a(libc_a-mprec.o)
                0x1000b0fc                __mdiff
 .text.__d2b    0x1000b2a4       0xc4 /usr/lib/gcc/arm-none-eabi/14.2.0/../../../../arm-none-eabi/lib/thumb/v6-m/nofp/libg.a(libc_a-mprec.o)
                0x1000b2a4                __d2b
 .text._fclose_r
                0x1000b368       0xcc /usr/lib/gcc/arm-none-eabi/14.2.0/../../../../arm-none-eabi/lib/thumb/v6-m/nofp/libg.a(libc_a-fclose.o)
                0x1000b368                _fclose_r
 .text.__smakebuf_r
                0x1000b434       0xd4 /usr/lib/gcc/arm-none-eabi/14.2.0/../../../../arm-none-eabi/lib/thumb/v6-m/nofp/libg.a(libc_a-makebuf.o)
                0x1000b434                __smakebuf_r
 .text._fstat_r
                0x1000b508       0x28 /usr/lib/gcc/arm-none-eabi/14.2.0/../../../../arm-none-eabi/lib/thumb/v6-m/nofp/libg.a(libc_a-fstatr.o)
                0x1000b508                _fstat_r
 .text._isatty_r
                0x1000b530       0x24 /usr/lib/gcc/arm-none-eabi/14.2.0/../../../../arm-none-eabi/lib/thumb/v6-m/nofp/libg.a(libc_a-isattyr.o)
                0x1000b530                _isatty_r
 .text.__ascii_mbtowc
                0x1000b554       0x2c /usr/lib/gcc/arm-none-eabi/14.2.0/../../../../arm-none-eabi/lib/thumb/v6-m/nofp/libg.a(libc_a-mbtowc_r.o)
                0x1000b554                __ascii_mbtowc
 .text.__ascii_wctomb
                0x1000b580       0x1c /usr/lib/gcc/arm-none-eabi/14.2.0/../../../../arm-none-eabi/lib/thumb/v6-m/nofp/libg.a(libc_a-wctomb_r.o)
                0x1000b580                __ascii_wctomb
 *(.fini)
 .fini          0x1000b59c        0x4 /usr/lib/gcc/arm-none-eabi/14.2.0/thumb/v6-m/nofp/crti.o
                0x1000b59c                _fini
 .fini.__stub   0x1000b5a0       0xc0 linker stubs
 *crtbegin.o(.ctors)
 *crtbegin?.o(.ctors)
 *(EXCLUDE_FILE(*crtend.o *crtend?.o) .ctors)
 *(SORT_BY_NAME(.ctors.*))
 *(.ctors)
 *crtbegin.o(.dtors)
 *crtbegin?.o(.dtors)
 *(EXCLUDE_FILE(*crtend.o *crtend?.o) .dtors)
 *(SORT_BY_NAME(.dtors.*))
 *(.dtors)
                0x1000b660                        . = ALIGN (0x4)
                0x1000b660                        PROVIDE (__preinit_array_start = .)
 *(SORT_BY_NAME(.preinit_array.*))
 .preinit_array.00100
                0x1000b660        0x4 CMakeFiles/arena_allocator_recording_single_arena_buffer_allocator_test.dir/home/weddingc4ke/.pico-sdk/sdk/2.1.0/src/rp2_common/pico_runtime_init/runtime_init.c.o
                0x1000b660                __pre_init_runtime_init_early_resets
 .preinit_array.00101
                0x1000b664        0x4 CMakeFiles/arena_allocator_recording_single_arena_buffer_allocator_test.dir/home/weddingc4ke/.pico-sdk/sdk/2.1.0/src/rp2_common/pico_runtime_init/runtime_init.c.o
                0x1000b664                __pre_init_runtime_init_usb_power_down
 .preinit_array.00275
                0x1000b668        0x4 CMakeFiles/arena_allocator_recording_single_arena_buffer_allocator_test.dir/home/weddingc4ke/.pico-sdk/sdk/2.1.0/src/rp2_common/pico_bit_ops/bit_ops_aeabi.S.o
 .preinit_array.00300
                0x1000b66c        0x4 CMakeFiles/arena_allocator_recording_single_arena_buffer_allocator_test.dir/home/weddingc4ke/.pico-sdk/sdk/2.1.0/src/rp2_common/pico_mem_ops/mem_ops_aeabi.S.o
 .preinit_array.00350
                0x1000b670        0x4 CMakeFiles/arena_allocator_recording_single_arena_buffer_allocator_test.dir/home/weddingc4ke/.pico-sdk/sdk/2.1.0/src/rp2_common/pico_double/double_aeabi_rp2040.S.o
 .preinit_array.00350
                0x1000b674        0x4 CMakeFiles/arena_allocator_recording_single_arena_buffer_allocator_test.dir/home/weddingc4ke/.pico-sdk/sdk/2.1.0/src/rp2_common/pico_float/float_aeabi_rp2040.S.o
 .preinit_array.00500
                0x1000b678        0x4 CMakeFiles/arena_allocator_recording_single_arena_buffer_allocator_test.dir/home/weddingc4ke/.pico-sdk/sdk/2.1.0/src/rp2_common/pico_runtime_init/runtime_init.c.o
                0x1000b678                __pre_init_runtime_init_clocks
 .preinit_array.00600
                0x1000b67c        0x4 CMakeFiles/arena_allocator_recording_single_arena_buffer_allocator_test.dir/home/weddingc4ke/.pico-sdk/sdk/2.1.0/src/rp2_common/pico_runtime_init/runtime_init.c.o
                0x1000b67c                __pre_init_runtime_init_post_clock_resets
 .preinit_array.00700
                0x1000b680        0x4 CMakeFiles/arena_allocator_recording_single_arena_buffer_allocator_test.dir/home/weddingc4ke/.pico-sdk/sdk/2.1.0/src/rp2_common/pico_runtime_init/runtime_init.c.o
                0x1000b680                __pre_init_runtime_init_rp2040_gpio_ie_disable
 .preinit_array.01000
                0x1000b684        0x4 CMakeFiles/arena_allocator_recording_single_arena_buffer_allocator_test.dir/home/weddingc4ke/.pico-sdk/sdk/2.1.0/src/rp2_common/pico_runtime_init/runtime_init.c.o
                0x1000b684                __pre_init_runtime_init_spin_locks_reset
 .preinit_array.01100
                0x1000b688        0x4 CMakeFiles/arena_allocator_recording_single_arena_buffer_allocator_test.dir/home/weddingc4ke/.pico-sdk/sdk/2.1.0/src/common/pico_sync/mutex.c.o
                0x1000b688                __pre_init_runtime_init_mutex
 .preinit_array.10080
                0x1000b68c        0x4 CMakeFiles/arena_allocator_recording_single_arena_buffer_allocator_test.dir/home/weddingc4ke/.pico-sdk/sdk/2.1.0/src/rp2_common/pico_runtime_init/runtime_init.c.o
                0x1000b68c                __pre_init_runtime_init_install_ram_vector_table
 .preinit_array.11000
                0x1000b690        0x4 CMakeFiles/arena_allocator_recording_single_arena_buffer_allocator_test.dir/home/weddingc4ke/.pico-sdk/sdk/2.1.0/src/common/pico_time/time.c.o
                0x1000b690                __pre_init_runtime_init_default_alarm_pool
 .preinit_array.YYYYY
                0x1000b694        0x4 CMakeFiles/arena_allocator_recording_single_arena_buffer_allocator_test.dir/home/weddingc4ke/.pico-sdk/sdk/2.1.0/src/rp2_common/pico_runtime/runtime.c.o
                0x1000b694                __pre_init_first_per_core_initializer
 .preinit_array.ZZZZZ.01200
                0x1000b698        0x4 CMakeFiles/arena_allocator_recording_single_arena_buffer_allocator_test.dir/home/weddingc4ke/.pico-sdk/sdk/2.1.0/src/rp2_common/hardware_irq/irq.c.o
                0x1000b698                __pre_init_runtime_init_per_core_irq_priorities
 *(.preinit_array)
                0x1000b69c                        PROVIDE (__preinit_array_end = .)
                0x1000b69c                        . = ALIGN (0x4)
                0x1000b69c                        PROVIDE (__init_array_start = .)
 *(SORT_BY_NAME(.init_array.*))
 .init_array.00000
                0x1000b69c        0x4 /usr/lib/gcc/arm-none-eabi/14.2.0/../../../../arm-none-eabi/lib/thumb/v6-m/nofp/libg.a(libc_a-__call_atexit.o)
 *(.init_array)
 .init_array    0x1000b6a0        0x4 /usr/lib/gcc/arm-none-eabi/14.2.0/thumb/v6-m/nofp/crtbegin.o
 .init_array    0x1000b6a4        0x4 CMakeFiles/arena_allocator_recording_single_arena_buffer_allocator_test.dir/home/weddingc4ke/.pico-sdk/sdk/2.1.0/src/rp2_common/pico_unique_id/unique_id.c.o
                0x1000b6a8                        PROVIDE (__init_array_end = .)
                0x1000b6a8                        . = ALIGN (0x4)
                0x1000b6a8                        PROVIDE (__fini_array_start = .)
 *(SORT_BY_NAME(.fini_array.*))
 *(.fini_array)
                0x1000b6a8                        PROVIDE (__fini_array_end = .)
 *(.eh_frame*)
 .eh_frame      0x1000b6a8        0x0 /usr/lib/gcc/arm-none-eabi/14.2.0/thumb/v6-m/nofp/crtbegin.o
                0x1000b6a8                        . = ALIGN (0x4)

.glue_7         0x1000b6a8        0x0
 .glue_7        0x1000b6a8        0x0 linker stubs

.glue_7t        0x1000b6a8        0x0
 .glue_7t       0x1000b6a8        0x0 linker stubs

.vfp11_veneer   0x1000b6a8        0x0
 .vfp11_veneer  0x1000b6a8        0x0 linker stubs

.v4_bx          0x1000b6a8        0x0
 .v4_bx         0x1000b6a8        0x0 linker stubs

.iplt           0x1000b6a8        0x0
 .iplt          0x1000b6a8        0x0 /usr/lib/gcc/arm-none-eabi/14.2.0/thumb/v6-m/nofp/crtbegin.o

.rodata         0x1000b6a8     0x143c
 *(EXCLUDE_FILE(*libm.a: *libc.a:*lib_a-mem*.o *libgcc.a:) .rodata*)
 .rodata.main.str1.4
                0x1000b6a8      0xc9a CMakeFiles/arena_allocator_recording_single_arena_buffer_allocator_test.dir/recording_single_arena_buffer_allocator_test.cpp.o
                                0x7fd (size before relaxing)
 .rodata.panic.str1.4
                0x1000c342       0x12 CMakeFiles/arena_allocator_recording_single_arena_buffer_allocator_test.dir/home/weddingc4ke/.pico-sdk/sdk/2.1.0/src/rp2_common/pico_platform_panic/panic.c.o
 .rodata.spin_lock_claim_unused.str1.4
                0x1000c342       0x1b CMakeFiles/arena_allocator_recording_single_arena_buffer_allocator_test.dir/home/weddingc4ke/.pico-sdk/sdk/2.1.0/src/rp2_common/hardware_sync/sync.c.o
 .rodata.user_irq_claim_unused.str1.4
                0x1000c342       0x1b CMakeFiles/arena_allocator_recording_single_arena_buffer_allocator_test.dir/home/weddingc4ke/.pico-sdk/sdk/2.1.0/src/rp2_common/hardware_irq/irq.c.o
 *fill*         0x1000c342        0x6 
 .rodata.at_the_end_of_time
                0x1000c348        0x8 CMakeFiles/arena_allocator_recording_single_arena_buffer_allocator_test.dir/home/weddingc4ke/.pico-sdk/sdk/2.1.0/src/common/pico_time/time.c.o
                0x1000c348                at_the_end_of_time
 .rodata.timer_hardware_alarm_claim.str1.4
                0x1000c350       0x22 CMakeFiles/arena_allocator_recording_single_arena_buffer_allocator_test.dir/home/weddingc4ke/.pico-sdk/sdk/2.1.0/src/rp2_common/hardware_timer/timer.c.o
 .rodata.hard_assertion_failure.str1.4
                0x1000c350        0xc CMakeFiles/arena_allocator_recording_single_arena_buffer_allocator_test.dir/home/weddingc4ke/.pico-sdk/sdk/2.1.0/src/rp2_common/pico_runtime/runtime.c.o
 .rodata.str1.4
                0x1000c350       0x74 CMakeFiles/arena_allocator_recording_single_arena_buffer_allocator_test.dir/home/weddingc4ke/.pico-sdk/sdk/2.1.0/src/rp2_common/pico_standard_binary_info/standard_binary_info.c.o
 .rodata.__bi_84
                0x1000c350        0xc CMakeFiles/arena_allocator_recording_single_arena_buffer_allocator_test.dir/home/weddingc4ke/.pico-sdk/sdk/2.1.0/src/rp2_common/pico_standard_binary_info/standard_binary_info.c.o
 .rodata.__bi_78